13:33:12 **** Incremental Build of configuration Debug for project Mod_Uart ****
make -j8 all 
arm-none-eabi-size  Mod_Uart.elf 
   text	   data	    bss	    dec	    hex	filename
  26460	     92	  10856	  37408	   9220	Mod_Uart.elf
Finished building: default.size.stdout
 
13:34:02 **** Incremental Build of configuration Debug for project Mod_Uart ****
make -j8 all 
arm-none-eabi-gcc "../Core/Src/main.c" -mcpu=cortex-m4 -std=gnu11 -g3 -DDEBUG -DUSE_HAL_DRIVER -DSTM32G474xx -c -I../Core/Inc -I../Drivers/STM32G4xx_HAL_Driver/Inc -I../Drivers/STM32G4xx_HAL_Driver/Inc/Legacy -I../Drivers/CMSIS/Device/ST/STM32G4xx/Include -I../Drivers/CMSIS/Include -O0 -ffunction-sections -fdata-sections -Wall -fstack-usage -fcyclomatic-complexity -MMD -MP -MF"Core/Src/main.d" -MT"Core/Src/main.o" --specs=nano.specs -mfpu=fpv4-sp-d16 -mfloat-abi=hard -mthumb -o "Core/Src/main.o"
arm-none-eabi-gcc "../Core/Src/stm32g4xx_hal_msp.c" -mcpu=cortex-m4 -std=gnu11 -g3 -DDEBUG -DUSE_HAL_DRIVER -DSTM32G474xx -c -I../Core/Inc -I../Drivers/STM32G4xx_HAL_Driver/Inc -I../Drivers/STM32G4xx_HAL_Driver/Inc/Legacy -I../Drivers/CMSIS/Device/ST/STM32G4xx/Include -I../Drivers/CMSIS/Include -O0 -ffunction-sections -fdata-sections -Wall -fstack-usage -fcyclomatic-complexity -MMD -MP -MF"Core/Src/stm32g4xx_hal_msp.d" -MT"Core/Src/stm32g4xx_hal_msp.o" --specs=nano.specs -mfpu=fpv4-sp-d16 -mfloat-abi=hard -mthumb -o "Core/Src/stm32g4xx_hal_msp.o"
arm-none-eabi-gcc "../Core/Src/stm32g4xx_it.c" -mcpu=cortex-m4 -std=gnu11 -g3 -DDEBUG -DUSE_HAL_DRIVER -DSTM32G474xx -c -I../Core/Inc -I../Drivers/STM32G4xx_HAL_Driver/Inc -I../Drivers/STM32G4xx_HAL_Driver/Inc/Legacy -I../Drivers/CMSIS/Device/ST/STM32G4xx/Include -I../Drivers/CMSIS/Include -O0 -ffunction-sections -fdata-sections -Wall -fstack-usage -fcyclomatic-complexity -MMD -MP -MF"Core/Src/stm32g4xx_it.d" -MT"Core/Src/stm32g4xx_it.o" --specs=nano.specs -mfpu=fpv4-sp-d16 -mfloat-abi=hard -mthumb -o "Core/Src/stm32g4xx_it.o"
In file included from ../Core/Src/stm32g4xx_hal_msp.c:22:
../Core/Inc/main.h:62:24: warning: 'moving_average_16' declared 'static' but never defined [-Wunused-function]
   62 | static inline uint32_t moving_average_16(uint32_t new_value);
      |                        ^~~~~~~~~~~~~~~~~
../Core/Inc/main.h:63:24: warning: 'delayed_abs_diff' declared 'static' but never defined [-Wunused-function]
   63 | static inline uint32_t delayed_abs_diff(uint32_t new_ma);
      |                        ^~~~~~~~~~~~~~~~
In file included from ../Core/Src/stm32g4xx_it.c:21:
../Core/Inc/main.h:62:24: warning: 'moving_average_16' declared 'static' but never defined [-Wunused-function]
   62 | static inline uint32_t moving_average_16(uint32_t new_value);
      |                        ^~~~~~~~~~~~~~~~~
../Core/Inc/main.h:63:24: warning: 'delayed_abs_diff' declared 'static' but never defined [-Wunused-function]
   63 | static inline uint32_t delayed_abs_diff(uint32_t new_ma);
      |                        ^~~~~~~~~~~~~~~~
../Core/Src/main.c: In function 'main':
../Core/Src/main.c:128:18: warning: unused variable 'last_print' [-Wunused-variable]
  128 |         uint32_t last_print = 0;
      |                  ^~~~~~~~~~
../Core/Src/main.c:127:14: warning: unused variable 'msg' [-Wunused-variable]
  127 |         char msg[64];
      |              ^~~
../Core/Src/main.c: In function 'uart_dump_capture':
../Core/Src/main.c:727:19: warning: implicit declaration of function 'snprintf' [-Wimplicit-function-declaration]
  727 |         int len = snprintf(line, sizeof(line),
      |                   ^~~~~~~~
../Core/Src/main.c:25:1: note: include '<stdio.h>' or provide a declaration of 'snprintf'
   24 | #include "string.h"
  +++ |+#include <stdio.h>
   25 | /* USER CODE END Includes */
../Core/Src/main.c:727:19: warning: incompatible implicit declaration of built-in function 'snprintf' [-Wbuiltin-declaration-mismatch]
  727 |         int len = snprintf(line, sizeof(line),
      |                   ^~~~~~~~
../Core/Src/main.c:727:19: note: include '<stdio.h>' or provide a declaration of 'snprintf'
arm-none-eabi-gcc -o "Mod_Uart.elf" @"objects.list"   -mcpu=cortex-m4 -T"D:\gitrepo\Vi-Qi-FSK-Decode\Mod_Uart\STM32G474RETX_FLASH.ld" --specs=nosys.specs -Wl,-Map="Mod_Uart.map" -Wl,--gc-sections -static --specs=nano.specs -mfpu=fpv4-sp-d16 -mfloat-abi=hard -mthumb -Wl,--start-group -lc -lm -Wl,--end-group
Finished building target: Mod_Uart.elf
 
arm-none-eabi-size  Mod_Uart.elf 
arm-none-eabi-objdump -h -S Mod_Uart.elf  > "Mod_Uart.list"
   text	   data	    bss	    dec	    hex	filename
  26936	     92	  84600	 111628	  1b40c	Mod_Uart.elf
Finished building: default.size.stdout
 
Finished building: Mod_Uart.list
 
13:39:25 **** Incremental Build of configuration Debug for project Mod_Uart ****
make -j8 all 
arm-none-eabi-size  Mod_Uart.elf 
   text	   data	    bss	    dec	    hex	filename
  26936	     92	  84600	 111628	  1b40c	Mod_Uart.elf
Finished building: default.size.stdout
 
13:55:00 **** Incremental Build of configuration Debug for project Mod_Uart ****
make -j8 all 
arm-none-eabi-gcc "../Core/Src/main.c" -mcpu=cortex-m4 -std=gnu11 -g3 -DDEBUG -DUSE_HAL_DRIVER -DSTM32G474xx -c -I../Core/Inc -I../Drivers/STM32G4xx_HAL_Driver/Inc -I../Drivers/STM32G4xx_HAL_Driver/Inc/Legacy -I../Drivers/CMSIS/Device/ST/STM32G4xx/Include -I../Drivers/CMSIS/Include -O0 -ffunction-sections -fdata-sections -Wall -fstack-usage -fcyclomatic-complexity -MMD -MP -MF"Core/Src/main.d" -MT"Core/Src/main.o" --specs=nano.specs -mfpu=fpv4-sp-d16 -mfloat-abi=hard -mthumb -o "Core/Src/main.o"
../Core/Src/main.c: In function 'main':
../Core/Src/main.c:128:18: warning: unused variable 'last_print' [-Wunused-variable]
  128 |         uint32_t last_print = 0;
      |                  ^~~~~~~~~~
../Core/Src/main.c:127:14: warning: unused variable 'msg' [-Wunused-variable]
  127 |         char msg[64];
      |              ^~~
../Core/Src/main.c: In function 'uart_dump_capture':
../Core/Src/main.c:734:19: warning: implicit declaration of function 'snprintf' [-Wimplicit-function-declaration]
  734 |         int len = snprintf(line, sizeof(line),
      |                   ^~~~~~~~
../Core/Src/main.c:25:1: note: include '<stdio.h>' or provide a declaration of 'snprintf'
   24 | #include "string.h"
  +++ |+#include <stdio.h>
   25 | /* USER CODE END Includes */
../Core/Src/main.c:734:19: warning: incompatible implicit declaration of built-in function 'snprintf' [-Wbuiltin-declaration-mismatch]
  734 |         int len = snprintf(line, sizeof(line),
      |                   ^~~~~~~~
../Core/Src/main.c:734:19: note: include '<stdio.h>' or provide a declaration of 'snprintf'
arm-none-eabi-gcc -o "Mod_Uart.elf" @"objects.list"   -mcpu=cortex-m4 -T"D:\gitrepo\Vi-Qi-FSK-Decode\Mod_Uart\STM32G474RETX_FLASH.ld" --specs=nosys.specs -Wl,-Map="Mod_Uart.map" -Wl,--gc-sections -static --specs=nano.specs -mfpu=fpv4-sp-d16 -mfloat-abi=hard -mthumb -Wl,--start-group -lc -lm -Wl,--end-group
Finished building target: Mod_Uart.elf
 
arm-none-eabi-size  Mod_Uart.elf 
arm-none-eabi-objdump -h -S Mod_Uart.elf  > "Mod_Uart.list"
   text	   data	    bss	    dec	    hex	filename
  26184	     92	  84592	 110868	  1b114	Mod_Uart.elf
Finished building: default.size.stdout
 
Finished building: Mod_Uart.list
 
13:57:26 **** Incremental Build of configuration Debug for project Mod_Uart ****
make -j8 all 
arm-none-eabi-size  Mod_Uart.elf 
   text	   data	    bss	    dec	    hex	filename
  26184	     92	  84592	 110868	  1b114	Mod_Uart.elf
Finished building: default.size.stdout
 
14:18:02 **** Incremental Build of configuration Debug for project Mod_Uart ****
make -j8 all 
arm-none-eabi-gcc "../Core/Src/main.c" -mcpu=cortex-m4 -std=gnu11 -g3 -DDEBUG -DUSE_HAL_DRIVER -DSTM32G474xx -c -I../Core/Inc -I../Drivers/STM32G4xx_HAL_Driver/Inc -I../Drivers/STM32G4xx_HAL_Driver/Inc/Legacy -I../Drivers/CMSIS/Device/ST/STM32G4xx/Include -I../Drivers/CMSIS/Include -O0 -ffunction-sections -fdata-sections -Wall -fstack-usage -fcyclomatic-complexity -MMD -MP -MF"Core/Src/main.d" -MT"Core/Src/main.o" --specs=nano.specs -mfpu=fpv4-sp-d16 -mfloat-abi=hard -mthumb -o "Core/Src/main.o"
arm-none-eabi-gcc "../Core/Src/stm32g4xx_it.c" -mcpu=cortex-m4 -std=gnu11 -g3 -DDEBUG -DUSE_HAL_DRIVER -DSTM32G474xx -c -I../Core/Inc -I../Drivers/STM32G4xx_HAL_Driver/Inc -I../Drivers/STM32G4xx_HAL_Driver/Inc/Legacy -I../Drivers/CMSIS/Device/ST/STM32G4xx/Include -I../Drivers/CMSIS/Include -O0 -ffunction-sections -fdata-sections -Wall -fstack-usage -fcyclomatic-complexity -MMD -MP -MF"Core/Src/stm32g4xx_it.d" -MT"Core/Src/stm32g4xx_it.o" --specs=nano.specs -mfpu=fpv4-sp-d16 -mfloat-abi=hard -mthumb -o "Core/Src/stm32g4xx_it.o"
In file included from ../Core/Src/stm32g4xx_it.c:21:
../Core/Inc/main.h:62:24: warning: 'moving_average_16' declared 'static' but never defined [-Wunused-function]
   62 | static inline uint32_t moving_average_16(uint32_t new_value);
      |                        ^~~~~~~~~~~~~~~~~
../Core/Inc/main.h:63:24: warning: 'delayed_abs_diff' declared 'static' but never defined [-Wunused-function]
   63 | static inline uint32_t delayed_abs_diff(uint32_t new_ma);
      |                        ^~~~~~~~~~~~~~~~
../Core/Src/main.c: In function 'main':
../Core/Src/main.c:128:18: warning: unused variable 'last_print' [-Wunused-variable]
  128 |         uint32_t last_print = 0;
      |                  ^~~~~~~~~~
../Core/Src/main.c:127:14: warning: unused variable 'msg' [-Wunused-variable]
  127 |         char msg[64];
      |              ^~~
../Core/Src/main.c: In function 'uart_dump_capture':
../Core/Src/main.c:738:19: warning: implicit declaration of function 'snprintf' [-Wimplicit-function-declaration]
  738 |         int len = snprintf(line, sizeof(line),
      |                   ^~~~~~~~
../Core/Src/main.c:25:1: note: include '<stdio.h>' or provide a declaration of 'snprintf'
   24 | #include "string.h"
  +++ |+#include <stdio.h>
   25 | /* USER CODE END Includes */
../Core/Src/main.c:738:19: warning: incompatible implicit declaration of built-in function 'snprintf' [-Wbuiltin-declaration-mismatch]
  738 |         int len = snprintf(line, sizeof(line),
      |                   ^~~~~~~~
../Core/Src/main.c:738:19: note: include '<stdio.h>' or provide a declaration of 'snprintf'
arm-none-eabi-gcc -o "Mod_Uart.elf" @"objects.list"   -mcpu=cortex-m4 -T"D:\gitrepo\Vi-Qi-FSK-Decode\Mod_Uart\STM32G474RETX_FLASH.ld" --specs=nosys.specs -Wl,-Map="Mod_Uart.map" -Wl,--gc-sections -static --specs=nano.specs -mfpu=fpv4-sp-d16 -mfloat-abi=hard -mthumb -Wl,--start-group -lc -lm -Wl,--end-group
Finished building target: Mod_Uart.elf
 
arm-none-eabi-size  Mod_Uart.elf 
arm-none-eabi-objdump -h -S Mod_Uart.elf  > "Mod_Uart.list"
   text	   data	    bss	    dec	    hex	filename
  27068	     92	  84600	 111760	  1b490	Mod_Uart.elf
Finished building: default.size.stdout
 
Finished building: Mod_Uart.list
 
14:18:16 **** Incremental Build of configuration Debug for project Mod_Uart ****
make -j8 all 
arm-none-eabi-size  Mod_Uart.elf 
   text	   data	    bss	    dec	    hex	filename
  27068	     92	  84600	 111760	  1b490	Mod_Uart.elf
Finished building: default.size.stdout
 
14:20:40 **** Incremental Build of configuration Debug for project Mod_Uart ****
make -j8 all 
arm-none-eabi-size  Mod_Uart.elf 
   text	   data	    bss	    dec	    hex	filename
  27068	     92	  84600	 111760	  1b490	Mod_Uart.elf
Finished building: default.size.stdout
 
14:32:17 **** Incremental Build of configuration Debug for project Mod_Uart ****
make -j8 all 
arm-none-eabi-gcc "../Core/Src/main.c" -mcpu=cortex-m4 -std=gnu11 -g3 -DDEBUG -DUSE_HAL_DRIVER -DSTM32G474xx -c -I../Core/Inc -I../Drivers/STM32G4xx_HAL_Driver/Inc -I../Drivers/STM32G4xx_HAL_Driver/Inc/Legacy -I../Drivers/CMSIS/Device/ST/STM32G4xx/Include -I../Drivers/CMSIS/Include -O0 -ffunction-sections -fdata-sections -Wall -fstack-usage -fcyclomatic-complexity -MMD -MP -MF"Core/Src/main.d" -MT"Core/Src/main.o" --specs=nano.specs -mfpu=fpv4-sp-d16 -mfloat-abi=hard -mthumb -o "Core/Src/main.o"
../Core/Src/main.c: In function 'main':
../Core/Src/main.c:128:18: warning: unused variable 'last_print' [-Wunused-variable]
  128 |         uint32_t last_print = 0;
      |                  ^~~~~~~~~~
../Core/Src/main.c:127:14: warning: unused variable 'msg' [-Wunused-variable]
  127 |         char msg[64];
      |              ^~~
../Core/Src/main.c: In function 'uart_dump_capture':
../Core/Src/main.c:738:19: warning: implicit declaration of function 'snprintf' [-Wimplicit-function-declaration]
  738 |         int len = snprintf(line, sizeof(line),
      |                   ^~~~~~~~
../Core/Src/main.c:25:1: note: include '<stdio.h>' or provide a declaration of 'snprintf'
   24 | #include "string.h"
  +++ |+#include <stdio.h>
   25 | /* USER CODE END Includes */
../Core/Src/main.c:738:19: warning: incompatible implicit declaration of built-in function 'snprintf' [-Wbuiltin-declaration-mismatch]
  738 |         int len = snprintf(line, sizeof(line),
      |                   ^~~~~~~~
../Core/Src/main.c:738:19: note: include '<stdio.h>' or provide a declaration of 'snprintf'
arm-none-eabi-gcc -o "Mod_Uart.elf" @"objects.list"   -mcpu=cortex-m4 -T"D:\gitrepo\Vi-Qi-FSK-Decode\Mod_Uart\STM32G474RETX_FLASH.ld" --specs=nosys.specs -Wl,-Map="Mod_Uart.map" -Wl,--gc-sections -static --specs=nano.specs -mfpu=fpv4-sp-d16 -mfloat-abi=hard -mthumb -Wl,--start-group -lc -lm -Wl,--end-group
Finished building target: Mod_Uart.elf
 
arm-none-eabi-size  Mod_Uart.elf 
arm-none-eabi-objdump -h -S Mod_Uart.elf  > "Mod_Uart.list"
   text	   data	    bss	    dec	    hex	filename
  27068	     92	  84600	 111760	  1b490	Mod_Uart.elf
Finished building: default.size.stdout
 
Finished building: Mod_Uart.list
 
14:32:28 **** Incremental Build of configuration Debug for project Mod_Uart ****
make -j8 all 
arm-none-eabi-size  Mod_Uart.elf 
   text	   data	    bss	    dec	    hex	filename
  27068	     92	  84600	 111760	  1b490	Mod_Uart.elf
Finished building: default.size.stdout
 
14:47:30 **** Incremental Build of configuration Debug for project Mod_Uart ****
make -j8 all 
arm-none-eabi-gcc "../Core/Src/main.c" -mcpu=cortex-m4 -std=gnu11 -g3 -DDEBUG -DUSE_HAL_DRIVER -DSTM32G474xx -c -I../Core/Inc -I../Drivers/STM32G4xx_HAL_Driver/Inc -I../Drivers/STM32G4xx_HAL_Driver/Inc/Legacy -I../Drivers/CMSIS/Device/ST/STM32G4xx/Include -I../Drivers/CMSIS/Include -O0 -ffunction-sections -fdata-sections -Wall -fstack-usage -fcyclomatic-complexity -MMD -MP -MF"Core/Src/main.d" -MT"Core/Src/main.o" --specs=nano.specs -mfpu=fpv4-sp-d16 -mfloat-abi=hard -mthumb -o "Core/Src/main.o"
../Core/Src/main.c: In function 'main':
../Core/Src/main.c:128:18: warning: unused variable 'last_print' [-Wunused-variable]
  128 |         uint32_t last_print = 0;
      |                  ^~~~~~~~~~
../Core/Src/main.c:127:14: warning: unused variable 'msg' [-Wunused-variable]
  127 |         char msg[64];
      |              ^~~
../Core/Src/main.c: In function 'uart_dump_capture':
../Core/Src/main.c:738:19: warning: implicit declaration of function 'snprintf' [-Wimplicit-function-declaration]
  738 |         int len = snprintf(line, sizeof(line),
      |                   ^~~~~~~~
../Core/Src/main.c:25:1: note: include '<stdio.h>' or provide a declaration of 'snprintf'
   24 | #include "string.h"
  +++ |+#include <stdio.h>
   25 | /* USER CODE END Includes */
../Core/Src/main.c:738:19: warning: incompatible implicit declaration of built-in function 'snprintf' [-Wbuiltin-declaration-mismatch]
  738 |         int len = snprintf(line, sizeof(line),
      |                   ^~~~~~~~
../Core/Src/main.c:738:19: note: include '<stdio.h>' or provide a declaration of 'snprintf'
arm-none-eabi-gcc -o "Mod_Uart.elf" @"objects.list"   -mcpu=cortex-m4 -T"D:\gitrepo\Vi-Qi-FSK-Decode\Mod_Uart\STM32G474RETX_FLASH.ld" --specs=nosys.specs -Wl,-Map="Mod_Uart.map" -Wl,--gc-sections -static --specs=nano.specs -mfpu=fpv4-sp-d16 -mfloat-abi=hard -mthumb -Wl,--start-group -lc -lm -Wl,--end-group
Finished building target: Mod_Uart.elf
 
arm-none-eabi-size  Mod_Uart.elf 
arm-none-eabi-objdump -h -S Mod_Uart.elf  > "Mod_Uart.list"
   text	   data	    bss	    dec	    hex	filename
  26900	     92	  84592	 111584	  1b3e0	Mod_Uart.elf
Finished building: default.size.stdout
 
Finished building: Mod_Uart.list
 
14:47:48 **** Incremental Build of configuration Debug for project Mod_Uart ****
make -j8 all 
arm-none-eabi-size  Mod_Uart.elf 
   text	   data	    bss	    dec	    hex	filename
  26900	     92	  84592	 111584	  1b3e0	Mod_Uart.elf
Finished building: default.size.stdout
 
14:47:52 **** Incremental Build of configuration Debug for project Mod_Uart ****
make -j8 all 
arm-none-eabi-size  Mod_Uart.elf 
   text	   data	    bss	    dec	    hex	filename
  26900	     92	  84592	 111584	  1b3e0	Mod_Uart.elf
Finished building: default.size.stdout
 
14:56:55 **** Incremental Build of configuration Debug for project Mod_Uart ****
make -j8 all 
arm-none-eabi-size  Mod_Uart.elf 
   text	   data	    bss	    dec	    hex	filename
  26900	     92	  84592	 111584	  1b3e0	Mod_Uart.elf
Finished building: default.size.stdout
 
15:46:01 **** Incremental Build of configuration Debug for project Mod_Uart ****
make -j8 all 
arm-none-eabi-gcc "../Core/Src/main.c" -mcpu=cortex-m4 -std=gnu11 -g3 -DDEBUG -DUSE_HAL_DRIVER -DSTM32G474xx -c -I../Core/Inc -I../Drivers/STM32G4xx_HAL_Driver/Inc -I../Drivers/STM32G4xx_HAL_Driver/Inc/Legacy -I../Drivers/CMSIS/Device/ST/STM32G4xx/Include -I../Drivers/CMSIS/Include -O0 -ffunction-sections -fdata-sections -Wall -fstack-usage -fcyclomatic-complexity -MMD -MP -MF"Core/Src/main.d" -MT"Core/Src/main.o" --specs=nano.specs -mfpu=fpv4-sp-d16 -mfloat-abi=hard -mthumb -o "Core/Src/main.o"
../Core/Src/main.c: In function 'main':
../Core/Src/main.c:128:18: warning: unused variable 'last_print' [-Wunused-variable]
  128 |         uint32_t last_print = 0;
      |                  ^~~~~~~~~~
../Core/Src/main.c:127:14: warning: unused variable 'msg' [-Wunused-variable]
  127 |         char msg[64];
      |              ^~~
../Core/Src/main.c: In function 'uart_dump_capture':
../Core/Src/main.c:740:19: warning: implicit declaration of function 'snprintf' [-Wimplicit-function-declaration]
  740 |         int len = snprintf(line, sizeof(line),
      |                   ^~~~~~~~
../Core/Src/main.c:25:1: note: include '<stdio.h>' or provide a declaration of 'snprintf'
   24 | #include "string.h"
  +++ |+#include <stdio.h>
   25 | /* USER CODE END Includes */
../Core/Src/main.c:740:19: warning: incompatible implicit declaration of built-in function 'snprintf' [-Wbuiltin-declaration-mismatch]
  740 |         int len = snprintf(line, sizeof(line),
      |                   ^~~~~~~~
../Core/Src/main.c:740:19: note: include '<stdio.h>' or provide a declaration of 'snprintf'
arm-none-eabi-gcc -o "Mod_Uart.elf" @"objects.list"   -mcpu=cortex-m4 -T"D:\gitrepo\Vi-Qi-FSK-Decode\Mod_Uart\STM32G474RETX_FLASH.ld" --specs=nosys.specs -Wl,-Map="Mod_Uart.map" -Wl,--gc-sections -static --specs=nano.specs -mfpu=fpv4-sp-d16 -mfloat-abi=hard -mthumb -Wl,--start-group -lc -lm -Wl,--end-group
Finished building target: Mod_Uart.elf
 
arm-none-eabi-size  Mod_Uart.elf 
arm-none-eabi-objdump -h -S Mod_Uart.elf  > "Mod_Uart.list"
   text	   data	    bss	    dec	    hex	filename
  26916	     92	  84592	 111600	  1b3f0	Mod_Uart.elf
Finished building: default.size.stdout
 
Finished building: Mod_Uart.list
 
15:46:10 **** Incremental Build of configuration Debug for project Mod_Uart ****
make -j8 all 
arm-none-eabi-size  Mod_Uart.elf 
   text	   data	    bss	    dec	    hex	filename
  26916	     92	  84592	 111600	  1b3f0	Mod_Uart.elf
Finished building: default.size.stdout
 
15:47:38 **** Incremental Build of configuration Debug for project Mod_Uart ****
make -j8 all 
arm-none-eabi-gcc "../Core/Src/main.c" -mcpu=cortex-m4 -std=gnu11 -g3 -DDEBUG -DUSE_HAL_DRIVER -DSTM32G474xx -c -I../Core/Inc -I../Drivers/STM32G4xx_HAL_Driver/Inc -I../Drivers/STM32G4xx_HAL_Driver/Inc/Legacy -I../Drivers/CMSIS/Device/ST/STM32G4xx/Include -I../Drivers/CMSIS/Include -O0 -ffunction-sections -fdata-sections -Wall -fstack-usage -fcyclomatic-complexity -MMD -MP -MF"Core/Src/main.d" -MT"Core/Src/main.o" --specs=nano.specs -mfpu=fpv4-sp-d16 -mfloat-abi=hard -mthumb -o "Core/Src/main.o"
../Core/Src/main.c: In function 'main':
../Core/Src/main.c:128:18: warning: unused variable 'last_print' [-Wunused-variable]
  128 |         uint32_t last_print = 0;
      |                  ^~~~~~~~~~
../Core/Src/main.c:127:14: warning: unused variable 'msg' [-Wunused-variable]
  127 |         char msg[64];
      |              ^~~
../Core/Src/main.c: In function 'uart_dump_capture':
../Core/Src/main.c:740:19: warning: implicit declaration of function 'snprintf' [-Wimplicit-function-declaration]
  740 |         int len = snprintf(line, sizeof(line),
      |                   ^~~~~~~~
../Core/Src/main.c:25:1: note: include '<stdio.h>' or provide a declaration of 'snprintf'
   24 | #include "string.h"
  +++ |+#include <stdio.h>
   25 | /* USER CODE END Includes */
../Core/Src/main.c:740:19: warning: incompatible implicit declaration of built-in function 'snprintf' [-Wbuiltin-declaration-mismatch]
  740 |         int len = snprintf(line, sizeof(line),
      |                   ^~~~~~~~
../Core/Src/main.c:740:19: note: include '<stdio.h>' or provide a declaration of 'snprintf'
arm-none-eabi-gcc -o "Mod_Uart.elf" @"objects.list"   -mcpu=cortex-m4 -T"D:\gitrepo\Vi-Qi-FSK-Decode\Mod_Uart\STM32G474RETX_FLASH.ld" --specs=nosys.specs -Wl,-Map="Mod_Uart.map" -Wl,--gc-sections -static --specs=nano.specs -mfpu=fpv4-sp-d16 -mfloat-abi=hard -mthumb -Wl,--start-group -lc -lm -Wl,--end-group
Finished building target: Mod_Uart.elf
 
arm-none-eabi-size  Mod_Uart.elf 
arm-none-eabi-objdump -h -S Mod_Uart.elf  > "Mod_Uart.list"
   text	   data	    bss	    dec	    hex	filename
  26916	     92	  84592	 111600	  1b3f0	Mod_Uart.elf
Finished building: default.size.stdout
 
Finished building: Mod_Uart.list
 
15:47:44 **** Incremental Build of configuration Debug for project Mod_Uart ****
make -j8 all 
arm-none-eabi-size  Mod_Uart.elf 
   text	   data	    bss	    dec	    hex	filename
  26916	     92	  84592	 111600	  1b3f0	Mod_Uart.elf
Finished building: default.size.stdout
 
16:04:20 **** Incremental Build of configuration Debug for project Mod_Uart ****
make -j8 all 
arm-none-eabi-gcc "../Core/Src/main.c" -mcpu=cortex-m4 -std=gnu11 -g3 -DDEBUG -DUSE_HAL_DRIVER -DSTM32G474xx -c -I../Core/Inc -I../Drivers/STM32G4xx_HAL_Driver/Inc -I../Drivers/STM32G4xx_HAL_Driver/Inc/Legacy -I../Drivers/CMSIS/Device/ST/STM32G4xx/Include -I../Drivers/CMSIS/Include -O0 -ffunction-sections -fdata-sections -Wall -fstack-usage -fcyclomatic-complexity -MMD -MP -MF"Core/Src/main.d" -MT"Core/Src/main.o" --specs=nano.specs -mfpu=fpv4-sp-d16 -mfloat-abi=hard -mthumb -o "Core/Src/main.o"
../Core/Src/main.c: In function 'main':
../Core/Src/main.c:128:18: warning: unused variable 'last_print' [-Wunused-variable]
  128 |         uint32_t last_print = 0;
      |                  ^~~~~~~~~~
../Core/Src/main.c:127:14: warning: unused variable 'msg' [-Wunused-variable]
  127 |         char msg[64];
      |              ^~~
../Core/Src/main.c: In function 'uart_dump_capture':
../Core/Src/main.c:745:19: warning: implicit declaration of function 'snprintf' [-Wimplicit-function-declaration]
  745 |         int len = snprintf(line, sizeof(line),
      |                   ^~~~~~~~
../Core/Src/main.c:25:1: note: include '<stdio.h>' or provide a declaration of 'snprintf'
   24 | #include "string.h"
  +++ |+#include <stdio.h>
   25 | /* USER CODE END Includes */
../Core/Src/main.c:745:19: warning: incompatible implicit declaration of built-in function 'snprintf' [-Wbuiltin-declaration-mismatch]
  745 |         int len = snprintf(line, sizeof(line),
      |                   ^~~~~~~~
../Core/Src/main.c:745:19: note: include '<stdio.h>' or provide a declaration of 'snprintf'
arm-none-eabi-gcc -o "Mod_Uart.elf" @"objects.list"   -mcpu=cortex-m4 -T"D:\gitrepo\Vi-Qi-FSK-Decode\Mod_Uart\STM32G474RETX_FLASH.ld" --specs=nosys.specs -Wl,-Map="Mod_Uart.map" -Wl,--gc-sections -static --specs=nano.specs -mfpu=fpv4-sp-d16 -mfloat-abi=hard -mthumb -Wl,--start-group -lc -lm -Wl,--end-group
Finished building target: Mod_Uart.elf
 
arm-none-eabi-size  Mod_Uart.elf 
arm-none-eabi-objdump -h -S Mod_Uart.elf  > "Mod_Uart.list"
   text	   data	    bss	    dec	    hex	filename
  26908	     92	  84592	 111592	  1b3e8	Mod_Uart.elf
Finished building: default.size.stdout
 
Finished building: Mod_Uart.list
 
16:04:42 **** Incremental Build of configuration Debug for project Mod_Uart ****
make -j8 all 
arm-none-eabi-size  Mod_Uart.elf 
   text	   data	    bss	    dec	    hex	filename
  26908	     92	  84592	 111592	  1b3e8	Mod_Uart.elf
Finished building: default.size.stdout
 
