11:18:10 **** Build of configuration Debug for project H7_FskDecoder_CM4 ****
make -j8 all 
arm-none-eabi-gcc "D:/gitrepo/Vi-Qi-FSK-Decode/H7_FskDecoder/Drivers/STM32H7xx_HAL_Driver/Src/stm32h7xx_hal.c" -mcpu=cortex-m4 -std=gnu11 -g3 -DDEBUG -DCORE_CM4 -DUSE_HAL_DRIVER -DSTM32H755xx -DUSE_PWR_DIRECT_SMPS_SUPPLY -DUSE_NUCLEO_64 -c -I../Core/Inc -I../../Drivers/STM32H7xx_HAL_Driver/Inc -I../../Drivers/STM32H7xx_HAL_Driver/Inc/Legacy -I../../Drivers/BSP/STM32H7xx_Nucleo -I../../Drivers/CMSIS/Device/ST/STM32H7xx/Include -I../../Drivers/CMSIS/Include -O0 -ffunction-sections -fdata-sections -Wall -fstack-usage -fcyclomatic-complexity -MMD -MP -MF"Drivers/STM32H7xx_HAL_Driver/stm32h7xx_hal.d" -MT"Drivers/STM32H7xx_HAL_Driver/stm32h7xx_hal.o" --specs=nano.specs -mfpu=fpv4-sp-d16 -mfloat-abi=hard -mthumb -o "Drivers/STM32H7xx_HAL_Driver/stm32h7xx_hal.o"
arm-none-eabi-gcc "D:/gitrepo/Vi-Qi-FSK-Decode/H7_FskDecoder/Drivers/STM32H7xx_HAL_Driver/Src/stm32h7xx_hal_cortex.c" -mcpu=cortex-m4 -std=gnu11 -g3 -DDEBUG -DCORE_CM4 -DUSE_HAL_DRIVER -DSTM32H755xx -DUSE_PWR_DIRECT_SMPS_SUPPLY -DUSE_NUCLEO_64 -c -I../Core/Inc -I../../Drivers/STM32H7xx_HAL_Driver/Inc -I../../Drivers/STM32H7xx_HAL_Driver/Inc/Legacy -I../../Drivers/BSP/STM32H7xx_Nucleo -I../../Drivers/CMSIS/Device/ST/STM32H7xx/Include -I../../Drivers/CMSIS/Include -O0 -ffunction-sections -fdata-sections -Wall -fstack-usage -fcyclomatic-complexity -MMD -MP -MF"Drivers/STM32H7xx_HAL_Driver/stm32h7xx_hal_cortex.d" -MT"Drivers/STM32H7xx_HAL_Driver/stm32h7xx_hal_cortex.o" --specs=nano.specs -mfpu=fpv4-sp-d16 -mfloat-abi=hard -mthumb -o "Drivers/STM32H7xx_HAL_Driver/stm32h7xx_hal_cortex.o"
arm-none-eabi-gcc "D:/gitrepo/Vi-Qi-FSK-Decode/H7_FskDecoder/Drivers/STM32H7xx_HAL_Driver/Src/stm32h7xx_hal_dma.c" -mcpu=cortex-m4 -std=gnu11 -g3 -DDEBUG -DCORE_CM4 -DUSE_HAL_DRIVER -DSTM32H755xx -DUSE_PWR_DIRECT_SMPS_SUPPLY -DUSE_NUCLEO_64 -c -I../Core/Inc -I../../Drivers/STM32H7xx_HAL_Driver/Inc -I../../Drivers/STM32H7xx_HAL_Driver/Inc/Legacy -I../../Drivers/BSP/STM32H7xx_Nucleo -I../../Drivers/CMSIS/Device/ST/STM32H7xx/Include -I../../Drivers/CMSIS/Include -O0 -ffunction-sections -fdata-sections -Wall -fstack-usage -fcyclomatic-complexity -MMD -MP -MF"Drivers/STM32H7xx_HAL_Driver/stm32h7xx_hal_dma.d" -MT"Drivers/STM32H7xx_HAL_Driver/stm32h7xx_hal_dma.o" --specs=nano.specs -mfpu=fpv4-sp-d16 -mfloat-abi=hard -mthumb -o "Drivers/STM32H7xx_HAL_Driver/stm32h7xx_hal_dma.o"
arm-none-eabi-gcc "D:/gitrepo/Vi-Qi-FSK-Decode/H7_FskDecoder/Drivers/STM32H7xx_HAL_Driver/Src/stm32h7xx_hal_dma_ex.c" -mcpu=cortex-m4 -std=gnu11 -g3 -DDEBUG -DCORE_CM4 -DUSE_HAL_DRIVER -DSTM32H755xx -DUSE_PWR_DIRECT_SMPS_SUPPLY -DUSE_NUCLEO_64 -c -I../Core/Inc -I../../Drivers/STM32H7xx_HAL_Driver/Inc -I../../Drivers/STM32H7xx_HAL_Driver/Inc/Legacy -I../../Drivers/BSP/STM32H7xx_Nucleo -I../../Drivers/CMSIS/Device/ST/STM32H7xx/Include -I../../Drivers/CMSIS/Include -O0 -ffunction-sections -fdata-sections -Wall -fstack-usage -fcyclomatic-complexity -MMD -MP -MF"Drivers/STM32H7xx_HAL_Driver/stm32h7xx_hal_dma_ex.d" -MT"Drivers/STM32H7xx_HAL_Driver/stm32h7xx_hal_dma_ex.o" --specs=nano.specs -mfpu=fpv4-sp-d16 -mfloat-abi=hard -mthumb -o "Drivers/STM32H7xx_HAL_Driver/stm32h7xx_hal_dma_ex.o"
arm-none-eabi-gcc "D:/gitrepo/Vi-Qi-FSK-Decode/H7_FskDecoder/Drivers/STM32H7xx_HAL_Driver/Src/stm32h7xx_hal_eth.c" -mcpu=cortex-m4 -std=gnu11 -g3 -DDEBUG -DCORE_CM4 -DUSE_HAL_DRIVER -DSTM32H755xx -DUSE_PWR_DIRECT_SMPS_SUPPLY -DUSE_NUCLEO_64 -c -I../Core/Inc -I../../Drivers/STM32H7xx_HAL_Driver/Inc -I../../Drivers/STM32H7xx_HAL_Driver/Inc/Legacy -I../../Drivers/BSP/STM32H7xx_Nucleo -I../../Drivers/CMSIS/Device/ST/STM32H7xx/Include -I../../Drivers/CMSIS/Include -O0 -ffunction-sections -fdata-sections -Wall -fstack-usage -fcyclomatic-complexity -MMD -MP -MF"Drivers/STM32H7xx_HAL_Driver/stm32h7xx_hal_eth.d" -MT"Drivers/STM32H7xx_HAL_Driver/stm32h7xx_hal_eth.o" --specs=nano.specs -mfpu=fpv4-sp-d16 -mfloat-abi=hard -mthumb -o "Drivers/STM32H7xx_HAL_Driver/stm32h7xx_hal_eth.o"
arm-none-eabi-gcc "D:/gitrepo/Vi-Qi-FSK-Decode/H7_FskDecoder/Drivers/STM32H7xx_HAL_Driver/Src/stm32h7xx_hal_eth_ex.c" -mcpu=cortex-m4 -std=gnu11 -g3 -DDEBUG -DCORE_CM4 -DUSE_HAL_DRIVER -DSTM32H755xx -DUSE_PWR_DIRECT_SMPS_SUPPLY -DUSE_NUCLEO_64 -c -I../Core/Inc -I../../Drivers/STM32H7xx_HAL_Driver/Inc -I../../Drivers/STM32H7xx_HAL_Driver/Inc/Legacy -I../../Drivers/BSP/STM32H7xx_Nucleo -I../../Drivers/CMSIS/Device/ST/STM32H7xx/Include -I../../Drivers/CMSIS/Include -O0 -ffunction-sections -fdata-sections -Wall -fstack-usage -fcyclomatic-complexity -MMD -MP -MF"Drivers/STM32H7xx_HAL_Driver/stm32h7xx_hal_eth_ex.d" -MT"Drivers/STM32H7xx_HAL_Driver/stm32h7xx_hal_eth_ex.o" --specs=nano.specs -mfpu=fpv4-sp-d16 -mfloat-abi=hard -mthumb -o "Drivers/STM32H7xx_HAL_Driver/stm32h7xx_hal_eth_ex.o"
arm-none-eabi-gcc "D:/gitrepo/Vi-Qi-FSK-Decode/H7_FskDecoder/Drivers/STM32H7xx_HAL_Driver/Src/stm32h7xx_hal_exti.c" -mcpu=cortex-m4 -std=gnu11 -g3 -DDEBUG -DCORE_CM4 -DUSE_HAL_DRIVER -DSTM32H755xx -DUSE_PWR_DIRECT_SMPS_SUPPLY -DUSE_NUCLEO_64 -c -I../Core/Inc -I../../Drivers/STM32H7xx_HAL_Driver/Inc -I../../Drivers/STM32H7xx_HAL_Driver/Inc/Legacy -I../../Drivers/BSP/STM32H7xx_Nucleo -I../../Drivers/CMSIS/Device/ST/STM32H7xx/Include -I../../Drivers/CMSIS/Include -O0 -ffunction-sections -fdata-sections -Wall -fstack-usage -fcyclomatic-complexity -MMD -MP -MF"Drivers/STM32H7xx_HAL_Driver/stm32h7xx_hal_exti.d" -MT"Drivers/STM32H7xx_HAL_Driver/stm32h7xx_hal_exti.o" --specs=nano.specs -mfpu=fpv4-sp-d16 -mfloat-abi=hard -mthumb -o "Drivers/STM32H7xx_HAL_Driver/stm32h7xx_hal_exti.o"
arm-none-eabi-gcc "D:/gitrepo/Vi-Qi-FSK-Decode/H7_FskDecoder/Drivers/STM32H7xx_HAL_Driver/Src/stm32h7xx_hal_flash.c" -mcpu=cortex-m4 -std=gnu11 -g3 -DDEBUG -DCORE_CM4 -DUSE_HAL_DRIVER -DSTM32H755xx -DUSE_PWR_DIRECT_SMPS_SUPPLY -DUSE_NUCLEO_64 -c -I../Core/Inc -I../../Drivers/STM32H7xx_HAL_Driver/Inc -I../../Drivers/STM32H7xx_HAL_Driver/Inc/Legacy -I../../Drivers/BSP/STM32H7xx_Nucleo -I../../Drivers/CMSIS/Device/ST/STM32H7xx/Include -I../../Drivers/CMSIS/Include -O0 -ffunction-sections -fdata-sections -Wall -fstack-usage -fcyclomatic-complexity -MMD -MP -MF"Drivers/STM32H7xx_HAL_Driver/stm32h7xx_hal_flash.d" -MT"Drivers/STM32H7xx_HAL_Driver/stm32h7xx_hal_flash.o" --specs=nano.specs -mfpu=fpv4-sp-d16 -mfloat-abi=hard -mthumb -o "Drivers/STM32H7xx_HAL_Driver/stm32h7xx_hal_flash.o"
arm-none-eabi-gcc "D:/gitrepo/Vi-Qi-FSK-Decode/H7_FskDecoder/Drivers/STM32H7xx_HAL_Driver/Src/stm32h7xx_hal_flash_ex.c" -mcpu=cortex-m4 -std=gnu11 -g3 -DDEBUG -DCORE_CM4 -DUSE_HAL_DRIVER -DSTM32H755xx -DUSE_PWR_DIRECT_SMPS_SUPPLY -DUSE_NUCLEO_64 -c -I../Core/Inc -I../../Drivers/STM32H7xx_HAL_Driver/Inc -I../../Drivers/STM32H7xx_HAL_Driver/Inc/Legacy -I../../Drivers/BSP/STM32H7xx_Nucleo -I../../Drivers/CMSIS/Device/ST/STM32H7xx/Include -I../../Drivers/CMSIS/Include -O0 -ffunction-sections -fdata-sections -Wall -fstack-usage -fcyclomatic-complexity -MMD -MP -MF"Drivers/STM32H7xx_HAL_Driver/stm32h7xx_hal_flash_ex.d" -MT"Drivers/STM32H7xx_HAL_Driver/stm32h7xx_hal_flash_ex.o" --specs=nano.specs -mfpu=fpv4-sp-d16 -mfloat-abi=hard -mthumb -o "Drivers/STM32H7xx_HAL_Driver/stm32h7xx_hal_flash_ex.o"
arm-none-eabi-gcc "D:/gitrepo/Vi-Qi-FSK-Decode/H7_FskDecoder/Drivers/STM32H7xx_HAL_Driver/Src/stm32h7xx_hal_gpio.c" -mcpu=cortex-m4 -std=gnu11 -g3 -DDEBUG -DCORE_CM4 -DUSE_HAL_DRIVER -DSTM32H755xx -DUSE_PWR_DIRECT_SMPS_SUPPLY -DUSE_NUCLEO_64 -c -I../Core/Inc -I../../Drivers/STM32H7xx_HAL_Driver/Inc -I../../Drivers/STM32H7xx_HAL_Driver/Inc/Legacy -I../../Drivers/BSP/STM32H7xx_Nucleo -I../../Drivers/CMSIS/Device/ST/STM32H7xx/Include -I../../Drivers/CMSIS/Include -O0 -ffunction-sections -fdata-sections -Wall -fstack-usage -fcyclomatic-complexity -MMD -MP -MF"Drivers/STM32H7xx_HAL_Driver/stm32h7xx_hal_gpio.d" -MT"Drivers/STM32H7xx_HAL_Driver/stm32h7xx_hal_gpio.o" --specs=nano.specs -mfpu=fpv4-sp-d16 -mfloat-abi=hard -mthumb -o "Drivers/STM32H7xx_HAL_Driver/stm32h7xx_hal_gpio.o"
arm-none-eabi-gcc "D:/gitrepo/Vi-Qi-FSK-Decode/H7_FskDecoder/Drivers/STM32H7xx_HAL_Driver/Src/stm32h7xx_hal_hrtim.c" -mcpu=cortex-m4 -std=gnu11 -g3 -DDEBUG -DCORE_CM4 -DUSE_HAL_DRIVER -DSTM32H755xx -DUSE_PWR_DIRECT_SMPS_SUPPLY -DUSE_NUCLEO_64 -c -I../Core/Inc -I../../Drivers/STM32H7xx_HAL_Driver/Inc -I../../Drivers/STM32H7xx_HAL_Driver/Inc/Legacy -I../../Drivers/BSP/STM32H7xx_Nucleo -I../../Drivers/CMSIS/Device/ST/STM32H7xx/Include -I../../Drivers/CMSIS/Include -O0 -ffunction-sections -fdata-sections -Wall -fstack-usage -fcyclomatic-complexity -MMD -MP -MF"Drivers/STM32H7xx_HAL_Driver/stm32h7xx_hal_hrtim.d" -MT"Drivers/STM32H7xx_HAL_Driver/stm32h7xx_hal_hrtim.o" --specs=nano.specs -mfpu=fpv4-sp-d16 -mfloat-abi=hard -mthumb -o "Drivers/STM32H7xx_HAL_Driver/stm32h7xx_hal_hrtim.o"
arm-none-eabi-gcc "D:/gitrepo/Vi-Qi-FSK-Decode/H7_FskDecoder/Drivers/STM32H7xx_HAL_Driver/Src/stm32h7xx_hal_hsem.c" -mcpu=cortex-m4 -std=gnu11 -g3 -DDEBUG -DCORE_CM4 -DUSE_HAL_DRIVER -DSTM32H755xx -DUSE_PWR_DIRECT_SMPS_SUPPLY -DUSE_NUCLEO_64 -c -I../Core/Inc -I../../Drivers/STM32H7xx_HAL_Driver/Inc -I../../Drivers/STM32H7xx_HAL_Driver/Inc/Legacy -I../../Drivers/BSP/STM32H7xx_Nucleo -I../../Drivers/CMSIS/Device/ST/STM32H7xx/Include -I../../Drivers/CMSIS/Include -O0 -ffunction-sections -fdata-sections -Wall -fstack-usage -fcyclomatic-complexity -MMD -MP -MF"Drivers/STM32H7xx_HAL_Driver/stm32h7xx_hal_hsem.d" -MT"Drivers/STM32H7xx_HAL_Driver/stm32h7xx_hal_hsem.o" --specs=nano.specs -mfpu=fpv4-sp-d16 -mfloat-abi=hard -mthumb -o "Drivers/STM32H7xx_HAL_Driver/stm32h7xx_hal_hsem.o"
arm-none-eabi-gcc "D:/gitrepo/Vi-Qi-FSK-Decode/H7_FskDecoder/Drivers/STM32H7xx_HAL_Driver/Src/stm32h7xx_hal_i2c.c" -mcpu=cortex-m4 -std=gnu11 -g3 -DDEBUG -DCORE_CM4 -DUSE_HAL_DRIVER -DSTM32H755xx -DUSE_PWR_DIRECT_SMPS_SUPPLY -DUSE_NUCLEO_64 -c -I../Core/Inc -I../../Drivers/STM32H7xx_HAL_Driver/Inc -I../../Drivers/STM32H7xx_HAL_Driver/Inc/Legacy -I../../Drivers/BSP/STM32H7xx_Nucleo -I../../Drivers/CMSIS/Device/ST/STM32H7xx/Include -I../../Drivers/CMSIS/Include -O0 -ffunction-sections -fdata-sections -Wall -fstack-usage -fcyclomatic-complexity -MMD -MP -MF"Drivers/STM32H7xx_HAL_Driver/stm32h7xx_hal_i2c.d" -MT"Drivers/STM32H7xx_HAL_Driver/stm32h7xx_hal_i2c.o" --specs=nano.specs -mfpu=fpv4-sp-d16 -mfloat-abi=hard -mthumb -o "Drivers/STM32H7xx_HAL_Driver/stm32h7xx_hal_i2c.o"
arm-none-eabi-gcc "D:/gitrepo/Vi-Qi-FSK-Decode/H7_FskDecoder/Drivers/STM32H7xx_HAL_Driver/Src/stm32h7xx_hal_i2c_ex.c" -mcpu=cortex-m4 -std=gnu11 -g3 -DDEBUG -DCORE_CM4 -DUSE_HAL_DRIVER -DSTM32H755xx -DUSE_PWR_DIRECT_SMPS_SUPPLY -DUSE_NUCLEO_64 -c -I../Core/Inc -I../../Drivers/STM32H7xx_HAL_Driver/Inc -I../../Drivers/STM32H7xx_HAL_Driver/Inc/Legacy -I../../Drivers/BSP/STM32H7xx_Nucleo -I../../Drivers/CMSIS/Device/ST/STM32H7xx/Include -I../../Drivers/CMSIS/Include -O0 -ffunction-sections -fdata-sections -Wall -fstack-usage -fcyclomatic-complexity -MMD -MP -MF"Drivers/STM32H7xx_HAL_Driver/stm32h7xx_hal_i2c_ex.d" -MT"Drivers/STM32H7xx_HAL_Driver/stm32h7xx_hal_i2c_ex.o" --specs=nano.specs -mfpu=fpv4-sp-d16 -mfloat-abi=hard -mthumb -o "Drivers/STM32H7xx_HAL_Driver/stm32h7xx_hal_i2c_ex.o"
arm-none-eabi-gcc "D:/gitrepo/Vi-Qi-FSK-Decode/H7_FskDecoder/Drivers/STM32H7xx_HAL_Driver/Src/stm32h7xx_hal_mdma.c" -mcpu=cortex-m4 -std=gnu11 -g3 -DDEBUG -DCORE_CM4 -DUSE_HAL_DRIVER -DSTM32H755xx -DUSE_PWR_DIRECT_SMPS_SUPPLY -DUSE_NUCLEO_64 -c -I../Core/Inc -I../../Drivers/STM32H7xx_HAL_Driver/Inc -I../../Drivers/STM32H7xx_HAL_Driver/Inc/Legacy -I../../Drivers/BSP/STM32H7xx_Nucleo -I../../Drivers/CMSIS/Device/ST/STM32H7xx/Include -I../../Drivers/CMSIS/Include -O0 -ffunction-sections -fdata-sections -Wall -fstack-usage -fcyclomatic-complexity -MMD -MP -MF"Drivers/STM32H7xx_HAL_Driver/stm32h7xx_hal_mdma.d" -MT"Drivers/STM32H7xx_HAL_Driver/stm32h7xx_hal_mdma.o" --specs=nano.specs -mfpu=fpv4-sp-d16 -mfloat-abi=hard -mthumb -o "Drivers/STM32H7xx_HAL_Driver/stm32h7xx_hal_mdma.o"
arm-none-eabi-gcc "D:/gitrepo/Vi-Qi-FSK-Decode/H7_FskDecoder/Drivers/STM32H7xx_HAL_Driver/Src/stm32h7xx_hal_pwr.c" -mcpu=cortex-m4 -std=gnu11 -g3 -DDEBUG -DCORE_CM4 -DUSE_HAL_DRIVER -DSTM32H755xx -DUSE_PWR_DIRECT_SMPS_SUPPLY -DUSE_NUCLEO_64 -c -I../Core/Inc -I../../Drivers/STM32H7xx_HAL_Driver/Inc -I../../Drivers/STM32H7xx_HAL_Driver/Inc/Legacy -I../../Drivers/BSP/STM32H7xx_Nucleo -I../../Drivers/CMSIS/Device/ST/STM32H7xx/Include -I../../Drivers/CMSIS/Include -O0 -ffunction-sections -fdata-sections -Wall -fstack-usage -fcyclomatic-complexity -MMD -MP -MF"Drivers/STM32H7xx_HAL_Driver/stm32h7xx_hal_pwr.d" -MT"Drivers/STM32H7xx_HAL_Driver/stm32h7xx_hal_pwr.o" --specs=nano.specs -mfpu=fpv4-sp-d16 -mfloat-abi=hard -mthumb -o "Drivers/STM32H7xx_HAL_Driver/stm32h7xx_hal_pwr.o"
arm-none-eabi-gcc "D:/gitrepo/Vi-Qi-FSK-Decode/H7_FskDecoder/Drivers/STM32H7xx_HAL_Driver/Src/stm32h7xx_hal_pwr_ex.c" -mcpu=cortex-m4 -std=gnu11 -g3 -DDEBUG -DCORE_CM4 -DUSE_HAL_DRIVER -DSTM32H755xx -DUSE_PWR_DIRECT_SMPS_SUPPLY -DUSE_NUCLEO_64 -c -I../Core/Inc -I../../Drivers/STM32H7xx_HAL_Driver/Inc -I../../Drivers/STM32H7xx_HAL_Driver/Inc/Legacy -I../../Drivers/BSP/STM32H7xx_Nucleo -I../../Drivers/CMSIS/Device/ST/STM32H7xx/Include -I../../Drivers/CMSIS/Include -O0 -ffunction-sections -fdata-sections -Wall -fstack-usage -fcyclomatic-complexity -MMD -MP -MF"Drivers/STM32H7xx_HAL_Driver/stm32h7xx_hal_pwr_ex.d" -MT"Drivers/STM32H7xx_HAL_Driver/stm32h7xx_hal_pwr_ex.o" --specs=nano.specs -mfpu=fpv4-sp-d16 -mfloat-abi=hard -mthumb -o "Drivers/STM32H7xx_HAL_Driver/stm32h7xx_hal_pwr_ex.o"
arm-none-eabi-gcc "D:/gitrepo/Vi-Qi-FSK-Decode/H7_FskDecoder/Drivers/STM32H7xx_HAL_Driver/Src/stm32h7xx_hal_rcc.c" -mcpu=cortex-m4 -std=gnu11 -g3 -DDEBUG -DCORE_CM4 -DUSE_HAL_DRIVER -DSTM32H755xx -DUSE_PWR_DIRECT_SMPS_SUPPLY -DUSE_NUCLEO_64 -c -I../Core/Inc -I../../Drivers/STM32H7xx_HAL_Driver/Inc -I../../Drivers/STM32H7xx_HAL_Driver/Inc/Legacy -I../../Drivers/BSP/STM32H7xx_Nucleo -I../../Drivers/CMSIS/Device/ST/STM32H7xx/Include -I../../Drivers/CMSIS/Include -O0 -ffunction-sections -fdata-sections -Wall -fstack-usage -fcyclomatic-complexity -MMD -MP -MF"Drivers/STM32H7xx_HAL_Driver/stm32h7xx_hal_rcc.d" -MT"Drivers/STM32H7xx_HAL_Driver/stm32h7xx_hal_rcc.o" --specs=nano.specs -mfpu=fpv4-sp-d16 -mfloat-abi=hard -mthumb -o "Drivers/STM32H7xx_HAL_Driver/stm32h7xx_hal_rcc.o"
arm-none-eabi-gcc "D:/gitrepo/Vi-Qi-FSK-Decode/H7_FskDecoder/Drivers/STM32H7xx_HAL_Driver/Src/stm32h7xx_hal_rcc_ex.c" -mcpu=cortex-m4 -std=gnu11 -g3 -DDEBUG -DCORE_CM4 -DUSE_HAL_DRIVER -DSTM32H755xx -DUSE_PWR_DIRECT_SMPS_SUPPLY -DUSE_NUCLEO_64 -c -I../Core/Inc -I../../Drivers/STM32H7xx_HAL_Driver/Inc -I../../Drivers/STM32H7xx_HAL_Driver/Inc/Legacy -I../../Drivers/BSP/STM32H7xx_Nucleo -I../../Drivers/CMSIS/Device/ST/STM32H7xx/Include -I../../Drivers/CMSIS/Include -O0 -ffunction-sections -fdata-sections -Wall -fstack-usage -fcyclomatic-complexity -MMD -MP -MF"Drivers/STM32H7xx_HAL_Driver/stm32h7xx_hal_rcc_ex.d" -MT"Drivers/STM32H7xx_HAL_Driver/stm32h7xx_hal_rcc_ex.o" --specs=nano.specs -mfpu=fpv4-sp-d16 -mfloat-abi=hard -mthumb -o "Drivers/STM32H7xx_HAL_Driver/stm32h7xx_hal_rcc_ex.o"
arm-none-eabi-gcc "D:/gitrepo/Vi-Qi-FSK-Decode/H7_FskDecoder/Drivers/STM32H7xx_HAL_Driver/Src/stm32h7xx_hal_spi.c" -mcpu=cortex-m4 -std=gnu11 -g3 -DDEBUG -DCORE_CM4 -DUSE_HAL_DRIVER -DSTM32H755xx -DUSE_PWR_DIRECT_SMPS_SUPPLY -DUSE_NUCLEO_64 -c -I../Core/Inc -I../../Drivers/STM32H7xx_HAL_Driver/Inc -I../../Drivers/STM32H7xx_HAL_Driver/Inc/Legacy -I../../Drivers/BSP/STM32H7xx_Nucleo -I../../Drivers/CMSIS/Device/ST/STM32H7xx/Include -I../../Drivers/CMSIS/Include -O0 -ffunction-sections -fdata-sections -Wall -fstack-usage -fcyclomatic-complexity -MMD -MP -MF"Drivers/STM32H7xx_HAL_Driver/stm32h7xx_hal_spi.d" -MT"Drivers/STM32H7xx_HAL_Driver/stm32h7xx_hal_spi.o" --specs=nano.specs -mfpu=fpv4-sp-d16 -mfloat-abi=hard -mthumb -o "Drivers/STM32H7xx_HAL_Driver/stm32h7xx_hal_spi.o"
arm-none-eabi-gcc "D:/gitrepo/Vi-Qi-FSK-Decode/H7_FskDecoder/Drivers/STM32H7xx_HAL_Driver/Src/stm32h7xx_hal_spi_ex.c" -mcpu=cortex-m4 -std=gnu11 -g3 -DDEBUG -DCORE_CM4 -DUSE_HAL_DRIVER -DSTM32H755xx -DUSE_PWR_DIRECT_SMPS_SUPPLY -DUSE_NUCLEO_64 -c -I../Core/Inc -I../../Drivers/STM32H7xx_HAL_Driver/Inc -I../../Drivers/STM32H7xx_HAL_Driver/Inc/Legacy -I../../Drivers/BSP/STM32H7xx_Nucleo -I../../Drivers/CMSIS/Device/ST/STM32H7xx/Include -I../../Drivers/CMSIS/Include -O0 -ffunction-sections -fdata-sections -Wall -fstack-usage -fcyclomatic-complexity -MMD -MP -MF"Drivers/STM32H7xx_HAL_Driver/stm32h7xx_hal_spi_ex.d" -MT"Drivers/STM32H7xx_HAL_Driver/stm32h7xx_hal_spi_ex.o" --specs=nano.specs -mfpu=fpv4-sp-d16 -mfloat-abi=hard -mthumb -o "Drivers/STM32H7xx_HAL_Driver/stm32h7xx_hal_spi_ex.o"
arm-none-eabi-gcc "D:/gitrepo/Vi-Qi-FSK-Decode/H7_FskDecoder/Drivers/STM32H7xx_HAL_Driver/Src/stm32h7xx_hal_tim.c" -mcpu=cortex-m4 -std=gnu11 -g3 -DDEBUG -DCORE_CM4 -DUSE_HAL_DRIVER -DSTM32H755xx -DUSE_PWR_DIRECT_SMPS_SUPPLY -DUSE_NUCLEO_64 -c -I../Core/Inc -I../../Drivers/STM32H7xx_HAL_Driver/Inc -I../../Drivers/STM32H7xx_HAL_Driver/Inc/Legacy -I../../Drivers/BSP/STM32H7xx_Nucleo -I../../Drivers/CMSIS/Device/ST/STM32H7xx/Include -I../../Drivers/CMSIS/Include -O0 -ffunction-sections -fdata-sections -Wall -fstack-usage -fcyclomatic-complexity -MMD -MP -MF"Drivers/STM32H7xx_HAL_Driver/stm32h7xx_hal_tim.d" -MT"Drivers/STM32H7xx_HAL_Driver/stm32h7xx_hal_tim.o" --specs=nano.specs -mfpu=fpv4-sp-d16 -mfloat-abi=hard -mthumb -o "Drivers/STM32H7xx_HAL_Driver/stm32h7xx_hal_tim.o"
arm-none-eabi-gcc "D:/gitrepo/Vi-Qi-FSK-Decode/H7_FskDecoder/Drivers/STM32H7xx_HAL_Driver/Src/stm32h7xx_hal_tim_ex.c" -mcpu=cortex-m4 -std=gnu11 -g3 -DDEBUG -DCORE_CM4 -DUSE_HAL_DRIVER -DSTM32H755xx -DUSE_PWR_DIRECT_SMPS_SUPPLY -DUSE_NUCLEO_64 -c -I../Core/Inc -I../../Drivers/STM32H7xx_HAL_Driver/Inc -I../../Drivers/STM32H7xx_HAL_Driver/Inc/Legacy -I../../Drivers/BSP/STM32H7xx_Nucleo -I../../Drivers/CMSIS/Device/ST/STM32H7xx/Include -I../../Drivers/CMSIS/Include -O0 -ffunction-sections -fdata-sections -Wall -fstack-usage -fcyclomatic-complexity -MMD -MP -MF"Drivers/STM32H7xx_HAL_Driver/stm32h7xx_hal_tim_ex.d" -MT"Drivers/STM32H7xx_HAL_Driver/stm32h7xx_hal_tim_ex.o" --specs=nano.specs -mfpu=fpv4-sp-d16 -mfloat-abi=hard -mthumb -o "Drivers/STM32H7xx_HAL_Driver/stm32h7xx_hal_tim_ex.o"
arm-none-eabi-gcc "D:/gitrepo/Vi-Qi-FSK-Decode/H7_FskDecoder/Drivers/STM32H7xx_HAL_Driver/Src/stm32h7xx_hal_uart.c" -mcpu=cortex-m4 -std=gnu11 -g3 -DDEBUG -DCORE_CM4 -DUSE_HAL_DRIVER -DSTM32H755xx -DUSE_PWR_DIRECT_SMPS_SUPPLY -DUSE_NUCLEO_64 -c -I../Core/Inc -I../../Drivers/STM32H7xx_HAL_Driver/Inc -I../../Drivers/STM32H7xx_HAL_Driver/Inc/Legacy -I../../Drivers/BSP/STM32H7xx_Nucleo -I../../Drivers/CMSIS/Device/ST/STM32H7xx/Include -I../../Drivers/CMSIS/Include -O0 -ffunction-sections -fdata-sections -Wall -fstack-usage -fcyclomatic-complexity -MMD -MP -MF"Drivers/STM32H7xx_HAL_Driver/stm32h7xx_hal_uart.d" -MT"Drivers/STM32H7xx_HAL_Driver/stm32h7xx_hal_uart.o" --specs=nano.specs -mfpu=fpv4-sp-d16 -mfloat-abi=hard -mthumb -o "Drivers/STM32H7xx_HAL_Driver/stm32h7xx_hal_uart.o"
arm-none-eabi-gcc "D:/gitrepo/Vi-Qi-FSK-Decode/H7_FskDecoder/Drivers/STM32H7xx_HAL_Driver/Src/stm32h7xx_hal_uart_ex.c" -mcpu=cortex-m4 -std=gnu11 -g3 -DDEBUG -DCORE_CM4 -DUSE_HAL_DRIVER -DSTM32H755xx -DUSE_PWR_DIRECT_SMPS_SUPPLY -DUSE_NUCLEO_64 -c -I../Core/Inc -I../../Drivers/STM32H7xx_HAL_Driver/Inc -I../../Drivers/STM32H7xx_HAL_Driver/Inc/Legacy -I../../Drivers/BSP/STM32H7xx_Nucleo -I../../Drivers/CMSIS/Device/ST/STM32H7xx/Include -I../../Drivers/CMSIS/Include -O0 -ffunction-sections -fdata-sections -Wall -fstack-usage -fcyclomatic-complexity -MMD -MP -MF"Drivers/STM32H7xx_HAL_Driver/stm32h7xx_hal_uart_ex.d" -MT"Drivers/STM32H7xx_HAL_Driver/stm32h7xx_hal_uart_ex.o" --specs=nano.specs -mfpu=fpv4-sp-d16 -mfloat-abi=hard -mthumb -o "Drivers/STM32H7xx_HAL_Driver/stm32h7xx_hal_uart_ex.o"
arm-none-eabi-gcc "D:/gitrepo/Vi-Qi-FSK-Decode/H7_FskDecoder/Drivers/STM32H7xx_HAL_Driver/Src/stm32h7xx_hal_usart.c" -mcpu=cortex-m4 -std=gnu11 -g3 -DDEBUG -DCORE_CM4 -DUSE_HAL_DRIVER -DSTM32H755xx -DUSE_PWR_DIRECT_SMPS_SUPPLY -DUSE_NUCLEO_64 -c -I../Core/Inc -I../../Drivers/STM32H7xx_HAL_Driver/Inc -I../../Drivers/STM32H7xx_HAL_Driver/Inc/Legacy -I../../Drivers/BSP/STM32H7xx_Nucleo -I../../Drivers/CMSIS/Device/ST/STM32H7xx/Include -I../../Drivers/CMSIS/Include -O0 -ffunction-sections -fdata-sections -Wall -fstack-usage -fcyclomatic-complexity -MMD -MP -MF"Drivers/STM32H7xx_HAL_Driver/stm32h7xx_hal_usart.d" -MT"Drivers/STM32H7xx_HAL_Driver/stm32h7xx_hal_usart.o" --specs=nano.specs -mfpu=fpv4-sp-d16 -mfloat-abi=hard -mthumb -o "Drivers/STM32H7xx_HAL_Driver/stm32h7xx_hal_usart.o"
arm-none-eabi-gcc "D:/gitrepo/Vi-Qi-FSK-Decode/H7_FskDecoder/Drivers/STM32H7xx_HAL_Driver/Src/stm32h7xx_hal_usart_ex.c" -mcpu=cortex-m4 -std=gnu11 -g3 -DDEBUG -DCORE_CM4 -DUSE_HAL_DRIVER -DSTM32H755xx -DUSE_PWR_DIRECT_SMPS_SUPPLY -DUSE_NUCLEO_64 -c -I../Core/Inc -I../../Drivers/STM32H7xx_HAL_Driver/Inc -I../../Drivers/STM32H7xx_HAL_Driver/Inc/Legacy -I../../Drivers/BSP/STM32H7xx_Nucleo -I../../Drivers/CMSIS/Device/ST/STM32H7xx/Include -I../../Drivers/CMSIS/Include -O0 -ffunction-sections -fdata-sections -Wall -fstack-usage -fcyclomatic-complexity -MMD -MP -MF"Drivers/STM32H7xx_HAL_Driver/stm32h7xx_hal_usart_ex.d" -MT"Drivers/STM32H7xx_HAL_Driver/stm32h7xx_hal_usart_ex.o" --specs=nano.specs -mfpu=fpv4-sp-d16 -mfloat-abi=hard -mthumb -o "Drivers/STM32H7xx_HAL_Driver/stm32h7xx_hal_usart_ex.o"
arm-none-eabi-gcc "D:/gitrepo/Vi-Qi-FSK-Decode/H7_FskDecoder/Drivers/BSP/STM32H7xx_Nucleo/stm32h7xx_nucleo.c" -mcpu=cortex-m4 -std=gnu11 -g3 -DDEBUG -DCORE_CM4 -DUSE_HAL_DRIVER -DSTM32H755xx -DUSE_PWR_DIRECT_SMPS_SUPPLY -DUSE_NUCLEO_64 -c -I../Core/Inc -I../../Drivers/STM32H7xx_HAL_Driver/Inc -I../../Drivers/STM32H7xx_HAL_Driver/Inc/Legacy -I../../Drivers/BSP/STM32H7xx_Nucleo -I../../Drivers/CMSIS/Device/ST/STM32H7xx/Include -I../../Drivers/CMSIS/Include -O0 -ffunction-sections -fdata-sections -Wall -fstack-usage -fcyclomatic-complexity -MMD -MP -MF"Drivers/BSP/STM32H7xx_Nucleo/stm32h7xx_nucleo.d" -MT"Drivers/BSP/STM32H7xx_Nucleo/stm32h7xx_nucleo.o" --specs=nano.specs -mfpu=fpv4-sp-d16 -mfloat-abi=hard -mthumb -o "Drivers/BSP/STM32H7xx_Nucleo/stm32h7xx_nucleo.o"
arm-none-eabi-gcc -mcpu=cortex-m4 -g3 -DDEBUG -c -x assembler-with-cpp -MMD -MP -MF"Core/Startup/startup_stm32h755zitx.d" -MT"Core/Startup/startup_stm32h755zitx.o" --specs=nano.specs -mfpu=fpv4-sp-d16 -mfloat-abi=hard -mthumb -o "Core/Startup/startup_stm32h755zitx.o" "../Core/Startup/startup_stm32h755zitx.s"
arm-none-eabi-gcc "../Core/Src/cm4_grl_app.c" -mcpu=cortex-m4 -std=gnu11 -g3 -DDEBUG -DCORE_CM4 -DUSE_HAL_DRIVER -DSTM32H755xx -DUSE_PWR_DIRECT_SMPS_SUPPLY -DUSE_NUCLEO_64 -c -I../Core/Inc -I../../Drivers/STM32H7xx_HAL_Driver/Inc -I../../Drivers/STM32H7xx_HAL_Driver/Inc/Legacy -I../../Drivers/BSP/STM32H7xx_Nucleo -I../../Drivers/CMSIS/Device/ST/STM32H7xx/Include -I../../Drivers/CMSIS/Include -O0 -ffunction-sections -fdata-sections -Wall -fstack-usage -fcyclomatic-complexity -MMD -MP -MF"Core/Src/cm4_grl_app.d" -MT"Core/Src/cm4_grl_app.o" --specs=nano.specs -mfpu=fpv4-sp-d16 -mfloat-abi=hard -mthumb -o "Core/Src/cm4_grl_app.o"
arm-none-eabi-gcc "../Core/Src/dma.c" -mcpu=cortex-m4 -std=gnu11 -g3 -DDEBUG -DCORE_CM4 -DUSE_HAL_DRIVER -DSTM32H755xx -DUSE_PWR_DIRECT_SMPS_SUPPLY -DUSE_NUCLEO_64 -c -I../Core/Inc -I../../Drivers/STM32H7xx_HAL_Driver/Inc -I../../Drivers/STM32H7xx_HAL_Driver/Inc/Legacy -I../../Drivers/BSP/STM32H7xx_Nucleo -I../../Drivers/CMSIS/Device/ST/STM32H7xx/Include -I../../Drivers/CMSIS/Include -O0 -ffunction-sections -fdata-sections -Wall -fstack-usage -fcyclomatic-complexity -MMD -MP -MF"Core/Src/dma.d" -MT"Core/Src/dma.o" --specs=nano.specs -mfpu=fpv4-sp-d16 -mfloat-abi=hard -mthumb -o "Core/Src/dma.o"
arm-none-eabi-gcc "../Core/Src/eth.c" -mcpu=cortex-m4 -std=gnu11 -g3 -DDEBUG -DCORE_CM4 -DUSE_HAL_DRIVER -DSTM32H755xx -DUSE_PWR_DIRECT_SMPS_SUPPLY -DUSE_NUCLEO_64 -c -I../Core/Inc -I../../Drivers/STM32H7xx_HAL_Driver/Inc -I../../Drivers/STM32H7xx_HAL_Driver/Inc/Legacy -I../../Drivers/BSP/STM32H7xx_Nucleo -I../../Drivers/CMSIS/Device/ST/STM32H7xx/Include -I../../Drivers/CMSIS/Include -O0 -ffunction-sections -fdata-sections -Wall -fstack-usage -fcyclomatic-complexity -MMD -MP -MF"Core/Src/eth.d" -MT"Core/Src/eth.o" --specs=nano.specs -mfpu=fpv4-sp-d16 -mfloat-abi=hard -mthumb -o "Core/Src/eth.o"
arm-none-eabi-gcc "../Core/Src/fsk_decoder.c" -mcpu=cortex-m4 -std=gnu11 -g3 -DDEBUG -DCORE_CM4 -DUSE_HAL_DRIVER -DSTM32H755xx -DUSE_PWR_DIRECT_SMPS_SUPPLY -DUSE_NUCLEO_64 -c -I../Core/Inc -I../../Drivers/STM32H7xx_HAL_Driver/Inc -I../../Drivers/STM32H7xx_HAL_Driver/Inc/Legacy -I../../Drivers/BSP/STM32H7xx_Nucleo -I../../Drivers/CMSIS/Device/ST/STM32H7xx/Include -I../../Drivers/CMSIS/Include -O0 -ffunction-sections -fdata-sections -Wall -fstack-usage -fcyclomatic-complexity -MMD -MP -MF"Core/Src/fsk_decoder.d" -MT"Core/Src/fsk_decoder.o" --specs=nano.specs -mfpu=fpv4-sp-d16 -mfloat-abi=hard -mthumb -o "Core/Src/fsk_decoder.o"
arm-none-eabi-gcc "../Core/Src/fsk_online_stream.c" -mcpu=cortex-m4 -std=gnu11 -g3 -DDEBUG -DCORE_CM4 -DUSE_HAL_DRIVER -DSTM32H755xx -DUSE_PWR_DIRECT_SMPS_SUPPLY -DUSE_NUCLEO_64 -c -I../Core/Inc -I../../Drivers/STM32H7xx_HAL_Driver/Inc -I../../Drivers/STM32H7xx_HAL_Driver/Inc/Legacy -I../../Drivers/BSP/STM32H7xx_Nucleo -I../../Drivers/CMSIS/Device/ST/STM32H7xx/Include -I../../Drivers/CMSIS/Include -O0 -ffunction-sections -fdata-sections -Wall -fstack-usage -fcyclomatic-complexity -MMD -MP -MF"Core/Src/fsk_online_stream.d" -MT"Core/Src/fsk_online_stream.o" --specs=nano.specs -mfpu=fpv4-sp-d16 -mfloat-abi=hard -mthumb -o "Core/Src/fsk_online_stream.o"
../Core/Src/cm4_grl_app.c: In function 'fw_version_fetch':
../Core/Src/cm4_grl_app.c:40:18: warning: unused variable 'l' [-Wunused-variable]
   40 |         uint16_t l = API_LENGTH_DECODE(aRxBuffer);
      |                  ^
arm-none-eabi-gcc "../Core/Src/fsk_stream_test.c" -mcpu=cortex-m4 -std=gnu11 -g3 -DDEBUG -DCORE_CM4 -DUSE_HAL_DRIVER -DSTM32H755xx -DUSE_PWR_DIRECT_SMPS_SUPPLY -DUSE_NUCLEO_64 -c -I../Core/Inc -I../../Drivers/STM32H7xx_HAL_Driver/Inc -I../../Drivers/STM32H7xx_HAL_Driver/Inc/Legacy -I../../Drivers/BSP/STM32H7xx_Nucleo -I../../Drivers/CMSIS/Device/ST/STM32H7xx/Include -I../../Drivers/CMSIS/Include -O0 -ffunction-sections -fdata-sections -Wall -fstack-usage -fcyclomatic-complexity -MMD -MP -MF"Core/Src/fsk_stream_test.d" -MT"Core/Src/fsk_stream_test.o" --specs=nano.specs -mfpu=fpv4-sp-d16 -mfloat-abi=hard -mthumb -o "Core/Src/fsk_stream_test.o"
arm-none-eabi-gcc "../Core/Src/gpio.c" -mcpu=cortex-m4 -std=gnu11 -g3 -DDEBUG -DCORE_CM4 -DUSE_HAL_DRIVER -DSTM32H755xx -DUSE_PWR_DIRECT_SMPS_SUPPLY -DUSE_NUCLEO_64 -c -I../Core/Inc -I../../Drivers/STM32H7xx_HAL_Driver/Inc -I../../Drivers/STM32H7xx_HAL_Driver/Inc/Legacy -I../../Drivers/BSP/STM32H7xx_Nucleo -I../../Drivers/CMSIS/Device/ST/STM32H7xx/Include -I../../Drivers/CMSIS/Include -O0 -ffunction-sections -fdata-sections -Wall -fstack-usage -fcyclomatic-complexity -MMD -MP -MF"Core/Src/gpio.d" -MT"Core/Src/gpio.o" --specs=nano.specs -mfpu=fpv4-sp-d16 -mfloat-abi=hard -mthumb -o "Core/Src/gpio.o"
arm-none-eabi-gcc "../Core/Src/hrtim.c" -mcpu=cortex-m4 -std=gnu11 -g3 -DDEBUG -DCORE_CM4 -DUSE_HAL_DRIVER -DSTM32H755xx -DUSE_PWR_DIRECT_SMPS_SUPPLY -DUSE_NUCLEO_64 -c -I../Core/Inc -I../../Drivers/STM32H7xx_HAL_Driver/Inc -I../../Drivers/STM32H7xx_HAL_Driver/Inc/Legacy -I../../Drivers/BSP/STM32H7xx_Nucleo -I../../Drivers/CMSIS/Device/ST/STM32H7xx/Include -I../../Drivers/CMSIS/Include -O0 -ffunction-sections -fdata-sections -Wall -fstack-usage -fcyclomatic-complexity -MMD -MP -MF"Core/Src/hrtim.d" -MT"Core/Src/hrtim.o" --specs=nano.specs -mfpu=fpv4-sp-d16 -mfloat-abi=hard -mthumb -o "Core/Src/hrtim.o"
arm-none-eabi-gcc "../Core/Src/ipc_shared.c" -mcpu=cortex-m4 -std=gnu11 -g3 -DDEBUG -DCORE_CM4 -DUSE_HAL_DRIVER -DSTM32H755xx -DUSE_PWR_DIRECT_SMPS_SUPPLY -DUSE_NUCLEO_64 -c -I../Core/Inc -I../../Drivers/STM32H7xx_HAL_Driver/Inc -I../../Drivers/STM32H7xx_HAL_Driver/Inc/Legacy -I../../Drivers/BSP/STM32H7xx_Nucleo -I../../Drivers/CMSIS/Device/ST/STM32H7xx/Include -I../../Drivers/CMSIS/Include -O0 -ffunction-sections -fdata-sections -Wall -fstack-usage -fcyclomatic-complexity -MMD -MP -MF"Core/Src/ipc_shared.d" -MT"Core/Src/ipc_shared.o" --specs=nano.specs -mfpu=fpv4-sp-d16 -mfloat-abi=hard -mthumb -o "Core/Src/ipc_shared.o"
arm-none-eabi-gcc "../Core/Src/ipc_stream_shared.c" -mcpu=cortex-m4 -std=gnu11 -g3 -DDEBUG -DCORE_CM4 -DUSE_HAL_DRIVER -DSTM32H755xx -DUSE_PWR_DIRECT_SMPS_SUPPLY -DUSE_NUCLEO_64 -c -I../Core/Inc -I../../Drivers/STM32H7xx_HAL_Driver/Inc -I../../Drivers/STM32H7xx_HAL_Driver/Inc/Legacy -I../../Drivers/BSP/STM32H7xx_Nucleo -I../../Drivers/CMSIS/Device/ST/STM32H7xx/Include -I../../Drivers/CMSIS/Include -O0 -ffunction-sections -fdata-sections -Wall -fstack-usage -fcyclomatic-complexity -MMD -MP -MF"Core/Src/ipc_stream_shared.d" -MT"Core/Src/ipc_stream_shared.o" --specs=nano.specs -mfpu=fpv4-sp-d16 -mfloat-abi=hard -mthumb -o "Core/Src/ipc_stream_shared.o"
arm-none-eabi-gcc "../Core/Src/main.c" -mcpu=cortex-m4 -std=gnu11 -g3 -DDEBUG -DCORE_CM4 -DUSE_HAL_DRIVER -DSTM32H755xx -DUSE_PWR_DIRECT_SMPS_SUPPLY -DUSE_NUCLEO_64 -c -I../Core/Inc -I../../Drivers/STM32H7xx_HAL_Driver/Inc -I../../Drivers/STM32H7xx_HAL_Driver/Inc/Legacy -I../../Drivers/BSP/STM32H7xx_Nucleo -I../../Drivers/CMSIS/Device/ST/STM32H7xx/Include -I../../Drivers/CMSIS/Include -O0 -ffunction-sections -fdata-sections -Wall -fstack-usage -fcyclomatic-complexity -MMD -MP -MF"Core/Src/main.d" -MT"Core/Src/main.o" --specs=nano.specs -mfpu=fpv4-sp-d16 -mfloat-abi=hard -mthumb -o "Core/Src/main.o"
arm-none-eabi-gcc "../Core/Src/qi.c" -mcpu=cortex-m4 -std=gnu11 -g3 -DDEBUG -DCORE_CM4 -DUSE_HAL_DRIVER -DSTM32H755xx -DUSE_PWR_DIRECT_SMPS_SUPPLY -DUSE_NUCLEO_64 -c -I../Core/Inc -I../../Drivers/STM32H7xx_HAL_Driver/Inc -I../../Drivers/STM32H7xx_HAL_Driver/Inc/Legacy -I../../Drivers/BSP/STM32H7xx_Nucleo -I../../Drivers/CMSIS/Device/ST/STM32H7xx/Include -I../../Drivers/CMSIS/Include -O0 -ffunction-sections -fdata-sections -Wall -fstack-usage -fcyclomatic-complexity -MMD -MP -MF"Core/Src/qi.d" -MT"Core/Src/qi.o" --specs=nano.specs -mfpu=fpv4-sp-d16 -mfloat-abi=hard -mthumb -o "Core/Src/qi.o"
arm-none-eabi-gcc "../Core/Src/spi.c" -mcpu=cortex-m4 -std=gnu11 -g3 -DDEBUG -DCORE_CM4 -DUSE_HAL_DRIVER -DSTM32H755xx -DUSE_PWR_DIRECT_SMPS_SUPPLY -DUSE_NUCLEO_64 -c -I../Core/Inc -I../../Drivers/STM32H7xx_HAL_Driver/Inc -I../../Drivers/STM32H7xx_HAL_Driver/Inc/Legacy -I../../Drivers/BSP/STM32H7xx_Nucleo -I../../Drivers/CMSIS/Device/ST/STM32H7xx/Include -I../../Drivers/CMSIS/Include -O0 -ffunction-sections -fdata-sections -Wall -fstack-usage -fcyclomatic-complexity -MMD -MP -MF"Core/Src/spi.d" -MT"Core/Src/spi.o" --specs=nano.specs -mfpu=fpv4-sp-d16 -mfloat-abi=hard -mthumb -o "Core/Src/spi.o"
arm-none-eabi-gcc "../Core/Src/stm32h7xx_hal_msp.c" -mcpu=cortex-m4 -std=gnu11 -g3 -DDEBUG -DCORE_CM4 -DUSE_HAL_DRIVER -DSTM32H755xx -DUSE_PWR_DIRECT_SMPS_SUPPLY -DUSE_NUCLEO_64 -c -I../Core/Inc -I../../Drivers/STM32H7xx_HAL_Driver/Inc -I../../Drivers/STM32H7xx_HAL_Driver/Inc/Legacy -I../../Drivers/BSP/STM32H7xx_Nucleo -I../../Drivers/CMSIS/Device/ST/STM32H7xx/Include -I../../Drivers/CMSIS/Include -O0 -ffunction-sections -fdata-sections -Wall -fstack-usage -fcyclomatic-complexity -MMD -MP -MF"Core/Src/stm32h7xx_hal_msp.d" -MT"Core/Src/stm32h7xx_hal_msp.o" --specs=nano.specs -mfpu=fpv4-sp-d16 -mfloat-abi=hard -mthumb -o "Core/Src/stm32h7xx_hal_msp.o"
arm-none-eabi-gcc "../Core/Src/stm32h7xx_it.c" -mcpu=cortex-m4 -std=gnu11 -g3 -DDEBUG -DCORE_CM4 -DUSE_HAL_DRIVER -DSTM32H755xx -DUSE_PWR_DIRECT_SMPS_SUPPLY -DUSE_NUCLEO_64 -c -I../Core/Inc -I../../Drivers/STM32H7xx_HAL_Driver/Inc -I../../Drivers/STM32H7xx_HAL_Driver/Inc/Legacy -I../../Drivers/BSP/STM32H7xx_Nucleo -I../../Drivers/CMSIS/Device/ST/STM32H7xx/Include -I../../Drivers/CMSIS/Include -O0 -ffunction-sections -fdata-sections -Wall -fstack-usage -fcyclomatic-complexity -MMD -MP -MF"Core/Src/stm32h7xx_it.d" -MT"Core/Src/stm32h7xx_it.o" --specs=nano.specs -mfpu=fpv4-sp-d16 -mfloat-abi=hard -mthumb -o "Core/Src/stm32h7xx_it.o"
../Core/Src/main.c: In function 'main':
../Core/Src/main.c:209:3: warning: implicit declaration of function 'DWT_Init' [-Wimplicit-function-declaration]
  209 |   DWT_Init();
      |   ^~~~~~~~
../Core/Src/main.c:192:27: warning: unused variable 'packet_ready' [-Wunused-variable]
  192 |   extern volatile uint8_t packet_ready;
      |                           ^~~~~~~~~~~~
../Core/Src/main.c:189:11: warning: unused variable 'local_buf' [-Wunused-variable]
  189 |   uint8_t local_buf[CM4_API_MAX_LEN];
      |           ^~~~~~~~~
../Core/Src/main.c: At top level:
../Core/Src/main.c:393:6: warning: conflicting types for 'DWT_Init'; have 'void(void)'
  393 | void DWT_Init(void)
      |      ^~~~~~~~
../Core/Src/main.c:209:3: note: previous implicit declaration of 'DWT_Init' with type 'void(void)'
  209 |   DWT_Init();
      |   ^~~~~~~~
arm-none-eabi-gcc "../Core/Src/syscalls.c" -mcpu=cortex-m4 -std=gnu11 -g3 -DDEBUG -DCORE_CM4 -DUSE_HAL_DRIVER -DSTM32H755xx -DUSE_PWR_DIRECT_SMPS_SUPPLY -DUSE_NUCLEO_64 -c -I../Core/Inc -I../../Drivers/STM32H7xx_HAL_Driver/Inc -I../../Drivers/STM32H7xx_HAL_Driver/Inc/Legacy -I../../Drivers/BSP/STM32H7xx_Nucleo -I../../Drivers/CMSIS/Device/ST/STM32H7xx/Include -I../../Drivers/CMSIS/Include -O0 -ffunction-sections -fdata-sections -Wall -fstack-usage -fcyclomatic-complexity -MMD -MP -MF"Core/Src/syscalls.d" -MT"Core/Src/syscalls.o" --specs=nano.specs -mfpu=fpv4-sp-d16 -mfloat-abi=hard -mthumb -o "Core/Src/syscalls.o"
arm-none-eabi-gcc "../Core/Src/sysmem.c" -mcpu=cortex-m4 -std=gnu11 -g3 -DDEBUG -DCORE_CM4 -DUSE_HAL_DRIVER -DSTM32H755xx -DUSE_PWR_DIRECT_SMPS_SUPPLY -DUSE_NUCLEO_64 -c -I../Core/Inc -I../../Drivers/STM32H7xx_HAL_Driver/Inc -I../../Drivers/STM32H7xx_HAL_Driver/Inc/Legacy -I../../Drivers/BSP/STM32H7xx_Nucleo -I../../Drivers/CMSIS/Device/ST/STM32H7xx/Include -I../../Drivers/CMSIS/Include -O0 -ffunction-sections -fdata-sections -Wall -fstack-usage -fcyclomatic-complexity -MMD -MP -MF"Core/Src/sysmem.d" -MT"Core/Src/sysmem.o" --specs=nano.specs -mfpu=fpv4-sp-d16 -mfloat-abi=hard -mthumb -o "Core/Src/sysmem.o"
arm-none-eabi-gcc "../Core/Src/tim.c" -mcpu=cortex-m4 -std=gnu11 -g3 -DDEBUG -DCORE_CM4 -DUSE_HAL_DRIVER -DSTM32H755xx -DUSE_PWR_DIRECT_SMPS_SUPPLY -DUSE_NUCLEO_64 -c -I../Core/Inc -I../../Drivers/STM32H7xx_HAL_Driver/Inc -I../../Drivers/STM32H7xx_HAL_Driver/Inc/Legacy -I../../Drivers/BSP/STM32H7xx_Nucleo -I../../Drivers/CMSIS/Device/ST/STM32H7xx/Include -I../../Drivers/CMSIS/Include -O0 -ffunction-sections -fdata-sections -Wall -fstack-usage -fcyclomatic-complexity -MMD -MP -MF"Core/Src/tim.d" -MT"Core/Src/tim.o" --specs=nano.specs -mfpu=fpv4-sp-d16 -mfloat-abi=hard -mthumb -o "Core/Src/tim.o"
arm-none-eabi-gcc "D:/gitrepo/Vi-Qi-FSK-Decode/H7_FskDecoder/Common/Src/system_stm32h7xx_dualcore_boot_cm4_cm7.c" -mcpu=cortex-m4 -std=gnu11 -g3 -DDEBUG -DCORE_CM4 -DUSE_HAL_DRIVER -DSTM32H755xx -DUSE_PWR_DIRECT_SMPS_SUPPLY -DUSE_NUCLEO_64 -c -I../Core/Inc -I../../Drivers/STM32H7xx_HAL_Driver/Inc -I../../Drivers/STM32H7xx_HAL_Driver/Inc/Legacy -I../../Drivers/BSP/STM32H7xx_Nucleo -I../../Drivers/CMSIS/Device/ST/STM32H7xx/Include -I../../Drivers/CMSIS/Include -O0 -ffunction-sections -fdata-sections -Wall -fstack-usage -fcyclomatic-complexity -MMD -MP -MF"Common/Src/system_stm32h7xx_dualcore_boot_cm4_cm7.d" -MT"Common/Src/system_stm32h7xx_dualcore_boot_cm4_cm7.o" --specs=nano.specs -mfpu=fpv4-sp-d16 -mfloat-abi=hard -mthumb -o "Common/Src/system_stm32h7xx_dualcore_boot_cm4_cm7.o"
arm-none-eabi-gcc -o "H7_FskDecoder_CM4.elf" @"objects.list"   -mcpu=cortex-m4 -T"D:\gitrepo\Vi-Qi-FSK-Decode\H7_FskDecoder\CM4\STM32H755ZITX_FLASH.ld" --specs=nosys.specs -Wl,-Map="H7_FskDecoder_CM4.map" -Wl,--gc-sections -static --specs=nano.specs -mfpu=fpv4-sp-d16 -mfloat-abi=hard -mthumb -Wl,--start-group -lc -lm -Wl,--end-group
Finished building target: H7_FskDecoder_CM4.elf
 
arm-none-eabi-size  H7_FskDecoder_CM4.elf 
arm-none-eabi-objdump -h -S H7_FskDecoder_CM4.elf  > "H7_FskDecoder_CM4.list"
   text	   data	    bss	    dec	    hex	filename
  40052	     20	  71300	 111372	  1b30c	H7_FskDecoder_CM4.elf
Finished building: default.size.stdout
 
Finished building: H7_FskDecoder_CM4.list
 
11:28:41 **** Incremental Build of configuration Debug for project H7_FskDecoder_CM4 ****
make -j8 all 
arm-none-eabi-size  H7_FskDecoder_CM4.elf 
   text	   data	    bss	    dec	    hex	filename
  40052	     20	  71300	 111372	  1b30c	H7_FskDecoder_CM4.elf
Finished building: default.size.stdout
 
11:29:09 **** Incremental Build of configuration Debug for project H7_FskDecoder_CM4 ****
make -j8 all 
arm-none-eabi-size  H7_FskDecoder_CM4.elf 
   text	   data	    bss	    dec	    hex	filename
  40052	     20	  71300	 111372	  1b30c	H7_FskDecoder_CM4.elf
Finished building: default.size.stdout
 
11:29:11 **** Build of configuration Debug for project H7_FskDecoder_CM7 ****
make -j8 all 
arm-none-eabi-size  H7_FskDecoder_CM7.elf 
   text	   data	    bss	    dec	    hex	filename
 247096	    432	 280376	 527904	  80e20	H7_FskDecoder_CM7.elf
Finished building: default.size.stdout
 
11:29:35 **** Incremental Build of configuration Debug for project H7_FskDecoder_CM4 ****
make -j8 all 
arm-none-eabi-size  H7_FskDecoder_CM4.elf 
   text	   data	    bss	    dec	    hex	filename
  40052	     20	  71300	 111372	  1b30c	H7_FskDecoder_CM4.elf
Finished building: default.size.stdout
 
11:50:21 **** Incremental Build of configuration Debug for project H7_FskDecoder_CM4 ****
make -j8 all 
arm-none-eabi-gcc "../Core/Src/fsk_decoder.c" -mcpu=cortex-m4 -std=gnu11 -g3 -DDEBUG -DCORE_CM4 -DUSE_HAL_DRIVER -DSTM32H755xx -DUSE_PWR_DIRECT_SMPS_SUPPLY -DUSE_NUCLEO_64 -c -I../Core/Inc -I../../Drivers/STM32H7xx_HAL_Driver/Inc -I../../Drivers/STM32H7xx_HAL_Driver/Inc/Legacy -I../../Drivers/BSP/STM32H7xx_Nucleo -I../../Drivers/CMSIS/Device/ST/STM32H7xx/Include -I../../Drivers/CMSIS/Include -O0 -ffunction-sections -fdata-sections -Wall -fstack-usage -fcyclomatic-complexity -MMD -MP -MF"Core/Src/fsk_decoder.d" -MT"Core/Src/fsk_decoder.o" --specs=nano.specs -mfpu=fpv4-sp-d16 -mfloat-abi=hard -mthumb -o "Core/Src/fsk_decoder.o"
arm-none-eabi-gcc -o "H7_FskDecoder_CM4.elf" @"objects.list"   -mcpu=cortex-m4 -T"D:\gitrepo\Vi-Qi-FSK-Decode\H7_FskDecoder\CM4\STM32H755ZITX_FLASH.ld" --specs=nosys.specs -Wl,-Map="H7_FskDecoder_CM4.map" -Wl,--gc-sections -static --specs=nano.specs -mfpu=fpv4-sp-d16 -mfloat-abi=hard -mthumb -Wl,--start-group -lc -lm -Wl,--end-group
Finished building target: H7_FskDecoder_CM4.elf
 
arm-none-eabi-size  H7_FskDecoder_CM4.elf 
arm-none-eabi-objdump -h -S H7_FskDecoder_CM4.elf  > "H7_FskDecoder_CM4.list"
   text	   data	    bss	    dec	    hex	filename
  40052	     20	  71300	 111372	  1b30c	H7_FskDecoder_CM4.elf
Finished building: default.size.stdout
 
Finished building: H7_FskDecoder_CM4.list
 
11:50:32 **** Incremental Build of configuration Debug for project H7_FskDecoder_CM7 ****
make -j8 all 
arm-none-eabi-size  H7_FskDecoder_CM7.elf 
   text	   data	    bss	    dec	    hex	filename
 247096	    432	 280376	 527904	  80e20	H7_FskDecoder_CM7.elf
Finished building: default.size.stdout
 
11:50:48 **** Incremental Build of configuration Debug for project H7_FskDecoder_CM4 ****
make -j8 all 
arm-none-eabi-size  H7_FskDecoder_CM4.elf 
   text	   data	    bss	    dec	    hex	filename
  40052	     20	  71300	 111372	  1b30c	H7_FskDecoder_CM4.elf
Finished building: default.size.stdout
 
11:50:55 **** Incremental Build of configuration Debug for project H7_FskDecoder_CM7 ****
make -j8 all 
arm-none-eabi-size  H7_FskDecoder_CM7.elf 
   text	   data	    bss	    dec	    hex	filename
 247096	    432	 280376	 527904	  80e20	H7_FskDecoder_CM7.elf
Finished building: default.size.stdout
 
11:51:20 **** Incremental Build of configuration Debug for project H7_FskDecoder_CM4 ****
make -j8 all 
arm-none-eabi-size  H7_FskDecoder_CM4.elf 
   text	   data	    bss	    dec	    hex	filename
  40052	     20	  71300	 111372	  1b30c	H7_FskDecoder_CM4.elf
Finished building: default.size.stdout
 
12:04:29 **** Incremental Build of configuration Debug for project H7_FskDecoder_CM4 ****
make -j8 all 
arm-none-eabi-gcc "../Core/Src/fsk_decoder.c" -mcpu=cortex-m4 -std=gnu11 -g3 -DDEBUG -DCORE_CM4 -DUSE_HAL_DRIVER -DSTM32H755xx -DUSE_PWR_DIRECT_SMPS_SUPPLY -DUSE_NUCLEO_64 -c -I../Core/Inc -I../../Drivers/STM32H7xx_HAL_Driver/Inc -I../../Drivers/STM32H7xx_HAL_Driver/Inc/Legacy -I../../Drivers/BSP/STM32H7xx_Nucleo -I../../Drivers/CMSIS/Device/ST/STM32H7xx/Include -I../../Drivers/CMSIS/Include -O0 -ffunction-sections -fdata-sections -Wall -fstack-usage -fcyclomatic-complexity -MMD -MP -MF"Core/Src/fsk_decoder.d" -MT"Core/Src/fsk_decoder.o" --specs=nano.specs -mfpu=fpv4-sp-d16 -mfloat-abi=hard -mthumb -o "Core/Src/fsk_decoder.o"
arm-none-eabi-gcc "../Core/Src/main.c" -mcpu=cortex-m4 -std=gnu11 -g3 -DDEBUG -DCORE_CM4 -DUSE_HAL_DRIVER -DSTM32H755xx -DUSE_PWR_DIRECT_SMPS_SUPPLY -DUSE_NUCLEO_64 -c -I../Core/Inc -I../../Drivers/STM32H7xx_HAL_Driver/Inc -I../../Drivers/STM32H7xx_HAL_Driver/Inc/Legacy -I../../Drivers/BSP/STM32H7xx_Nucleo -I../../Drivers/CMSIS/Device/ST/STM32H7xx/Include -I../../Drivers/CMSIS/Include -O0 -ffunction-sections -fdata-sections -Wall -fstack-usage -fcyclomatic-complexity -MMD -MP -MF"Core/Src/main.d" -MT"Core/Src/main.o" --specs=nano.specs -mfpu=fpv4-sp-d16 -mfloat-abi=hard -mthumb -o "Core/Src/main.o"
../Core/Src/fsk_decoder.c: In function 'uart_dump_capture':
../Core/Src/fsk_decoder.c:486:10: warning: unused variable 'line' [-Wunused-variable]
  486 |     char line[64];
      |          ^~~~
../Core/Src/fsk_decoder.c: At top level:
../Core/Src/fsk_decoder.c:586:13: warning: 'process_frame' defined but not used [-Wunused-function]
  586 | static void process_frame(void)
      |             ^~~~~~~~~~~~~
../Core/Src/main.c: In function 'main':
../Core/Src/main.c:209:3: warning: implicit declaration of function 'DWT_Init' [-Wimplicit-function-declaration]
  209 |   DWT_Init();
      |   ^~~~~~~~
../Core/Src/main.c:192:27: warning: unused variable 'packet_ready' [-Wunused-variable]
  192 |   extern volatile uint8_t packet_ready;
      |                           ^~~~~~~~~~~~
../Core/Src/main.c:189:11: warning: unused variable 'local_buf' [-Wunused-variable]
  189 |   uint8_t local_buf[CM4_API_MAX_LEN];
      |           ^~~~~~~~~
../Core/Src/main.c: At top level:
../Core/Src/main.c:393:6: warning: conflicting types for 'DWT_Init'; have 'void(void)'
  393 | void DWT_Init(void)
      |      ^~~~~~~~
../Core/Src/main.c:209:3: note: previous implicit declaration of 'DWT_Init' with type 'void(void)'
  209 |   DWT_Init();
      |   ^~~~~~~~
arm-none-eabi-gcc -o "H7_FskDecoder_CM4.elf" @"objects.list"   -mcpu=cortex-m4 -T"D:\gitrepo\Vi-Qi-FSK-Decode\H7_FskDecoder\CM4\STM32H755ZITX_FLASH.ld" --specs=nosys.specs -Wl,-Map="H7_FskDecoder_CM4.map" -Wl,--gc-sections -static --specs=nano.specs -mfpu=fpv4-sp-d16 -mfloat-abi=hard -mthumb -Wl,--start-group -lc -lm -Wl,--end-group
Finished building target: H7_FskDecoder_CM4.elf
 
arm-none-eabi-size  H7_FskDecoder_CM4.elf 
arm-none-eabi-objdump -h -S H7_FskDecoder_CM4.elf  > "H7_FskDecoder_CM4.list"
   text	   data	    bss	    dec	    hex	filename
  39664	     16	 130704	 170384	  29990	H7_FskDecoder_CM4.elf
Finished building: default.size.stdout
 
Finished building: H7_FskDecoder_CM4.list
 
12:04:40 **** Incremental Build of configuration Debug for project H7_FskDecoder_CM7 ****
make -j8 all 
arm-none-eabi-size  H7_FskDecoder_CM7.elf 
   text	   data	    bss	    dec	    hex	filename
 247096	    432	 280376	 527904	  80e20	H7_FskDecoder_CM7.elf
Finished building: default.size.stdout
 
12:04:52 **** Incremental Build of configuration Debug for project H7_FskDecoder_CM4 ****
make -j8 all 
arm-none-eabi-gcc "../Core/Src/fsk_decoder.c" -mcpu=cortex-m4 -std=gnu11 -g3 -DDEBUG -DCORE_CM4 -DUSE_HAL_DRIVER -DSTM32H755xx -DUSE_PWR_DIRECT_SMPS_SUPPLY -DUSE_NUCLEO_64 -c -I../Core/Inc -I../../Drivers/STM32H7xx_HAL_Driver/Inc -I../../Drivers/STM32H7xx_HAL_Driver/Inc/Legacy -I../../Drivers/BSP/STM32H7xx_Nucleo -I../../Drivers/CMSIS/Device/ST/STM32H7xx/Include -I../../Drivers/CMSIS/Include -O0 -ffunction-sections -fdata-sections -Wall -fstack-usage -fcyclomatic-complexity -MMD -MP -MF"Core/Src/fsk_decoder.d" -MT"Core/Src/fsk_decoder.o" --specs=nano.specs -mfpu=fpv4-sp-d16 -mfloat-abi=hard -mthumb -o "Core/Src/fsk_decoder.o"
../Core/Src/fsk_decoder.c: In function 'uart_dump_capture':
../Core/Src/fsk_decoder.c:486:10: warning: unused variable 'line' [-Wunused-variable]
  486 |     char line[64];
      |          ^~~~
../Core/Src/fsk_decoder.c: At top level:
../Core/Src/fsk_decoder.c:586:13: warning: 'process_frame' defined but not used [-Wunused-function]
  586 | static void process_frame(void)
      |             ^~~~~~~~~~~~~
arm-none-eabi-gcc -o "H7_FskDecoder_CM4.elf" @"objects.list"   -mcpu=cortex-m4 -T"D:\gitrepo\Vi-Qi-FSK-Decode\H7_FskDecoder\CM4\STM32H755ZITX_FLASH.ld" --specs=nosys.specs -Wl,-Map="H7_FskDecoder_CM4.map" -Wl,--gc-sections -static --specs=nano.specs -mfpu=fpv4-sp-d16 -mfloat-abi=hard -mthumb -Wl,--start-group -lc -lm -Wl,--end-group
Finished building target: H7_FskDecoder_CM4.elf
 
arm-none-eabi-size  H7_FskDecoder_CM4.elf 
arm-none-eabi-objdump -h -S H7_FskDecoder_CM4.elf  > "H7_FskDecoder_CM4.list"
   text	   data	    bss	    dec	    hex	filename
  39664	     16	 130704	 170384	  29990	H7_FskDecoder_CM4.elf
Finished building: default.size.stdout
 
Finished building: H7_FskDecoder_CM4.list
 
12:05:03 **** Incremental Build of configuration Debug for project H7_FskDecoder_CM7 ****
make -j8 all 
arm-none-eabi-size  H7_FskDecoder_CM7.elf 
   text	   data	    bss	    dec	    hex	filename
 247096	    432	 280376	 527904	  80e20	H7_FskDecoder_CM7.elf
Finished building: default.size.stdout
 
12:05:29 **** Incremental Build of configuration Debug for project H7_FskDecoder_CM4 ****
make -j8 all 
arm-none-eabi-size  H7_FskDecoder_CM4.elf 
   text	   data	    bss	    dec	    hex	filename
  39664	     16	 130704	 170384	  29990	H7_FskDecoder_CM4.elf
Finished building: default.size.stdout
 
12:08:49 **** Incremental Build of configuration Debug for project H7_FskDecoder_CM4 ****
make -j8 all 
arm-none-eabi-size  H7_FskDecoder_CM4.elf 
   text	   data	    bss	    dec	    hex	filename
  39664	     16	 130704	 170384	  29990	H7_FskDecoder_CM4.elf
Finished building: default.size.stdout
 
12:08:57 **** Incremental Build of configuration Debug for project H7_FskDecoder_CM7 ****
make -j8 all 
arm-none-eabi-size  H7_FskDecoder_CM7.elf 
   text	   data	    bss	    dec	    hex	filename
 247096	    432	 280376	 527904	  80e20	H7_FskDecoder_CM7.elf
Finished building: default.size.stdout
 
12:09:24 **** Incremental Build of configuration Debug for project H7_FskDecoder_CM4 ****
make -j8 all 
arm-none-eabi-size  H7_FskDecoder_CM4.elf 
   text	   data	    bss	    dec	    hex	filename
  39664	     16	 130704	 170384	  29990	H7_FskDecoder_CM4.elf
Finished building: default.size.stdout
 
12:34:09 **** Incremental Build of configuration Debug for project H7_FskDecoder_CM4 ****
make -j8 all 
arm-none-eabi-gcc "../Core/Src/fsk_decoder.c" -mcpu=cortex-m4 -std=gnu11 -g3 -DDEBUG -DCORE_CM4 -DUSE_HAL_DRIVER -DSTM32H755xx -DUSE_PWR_DIRECT_SMPS_SUPPLY -DUSE_NUCLEO_64 -c -I../Core/Inc -I../../Drivers/STM32H7xx_HAL_Driver/Inc -I../../Drivers/STM32H7xx_HAL_Driver/Inc/Legacy -I../../Drivers/BSP/STM32H7xx_Nucleo -I../../Drivers/CMSIS/Device/ST/STM32H7xx/Include -I../../Drivers/CMSIS/Include -O0 -ffunction-sections -fdata-sections -Wall -fstack-usage -fcyclomatic-complexity -MMD -MP -MF"Core/Src/fsk_decoder.d" -MT"Core/Src/fsk_decoder.o" --specs=nano.specs -mfpu=fpv4-sp-d16 -mfloat-abi=hard -mthumb -o "Core/Src/fsk_decoder.o"
arm-none-eabi-gcc "../Core/Src/gpio.c" -mcpu=cortex-m4 -std=gnu11 -g3 -DDEBUG -DCORE_CM4 -DUSE_HAL_DRIVER -DSTM32H755xx -DUSE_PWR_DIRECT_SMPS_SUPPLY -DUSE_NUCLEO_64 -c -I../Core/Inc -I../../Drivers/STM32H7xx_HAL_Driver/Inc -I../../Drivers/STM32H7xx_HAL_Driver/Inc/Legacy -I../../Drivers/BSP/STM32H7xx_Nucleo -I../../Drivers/CMSIS/Device/ST/STM32H7xx/Include -I../../Drivers/CMSIS/Include -O0 -ffunction-sections -fdata-sections -Wall -fstack-usage -fcyclomatic-complexity -MMD -MP -MF"Core/Src/gpio.d" -MT"Core/Src/gpio.o" --specs=nano.specs -mfpu=fpv4-sp-d16 -mfloat-abi=hard -mthumb -o "Core/Src/gpio.o"
arm-none-eabi-gcc "../Core/Src/main.c" -mcpu=cortex-m4 -std=gnu11 -g3 -DDEBUG -DCORE_CM4 -DUSE_HAL_DRIVER -DSTM32H755xx -DUSE_PWR_DIRECT_SMPS_SUPPLY -DUSE_NUCLEO_64 -c -I../Core/Inc -I../../Drivers/STM32H7xx_HAL_Driver/Inc -I../../Drivers/STM32H7xx_HAL_Driver/Inc/Legacy -I../../Drivers/BSP/STM32H7xx_Nucleo -I../../Drivers/CMSIS/Device/ST/STM32H7xx/Include -I../../Drivers/CMSIS/Include -O0 -ffunction-sections -fdata-sections -Wall -fstack-usage -fcyclomatic-complexity -MMD -MP -MF"Core/Src/main.d" -MT"Core/Src/main.o" --specs=nano.specs -mfpu=fpv4-sp-d16 -mfloat-abi=hard -mthumb -o "Core/Src/main.o"
../Core/Src/main.c: In function 'main':
../Core/Src/main.c:209:3: warning: implicit declaration of function 'DWT_Init' [-Wimplicit-function-declaration]
  209 |   DWT_Init();
      |   ^~~~~~~~
../Core/Src/main.c:192:27: warning: unused variable 'packet_ready' [-Wunused-variable]
  192 |   extern volatile uint8_t packet_ready;
      |                           ^~~~~~~~~~~~
../Core/Src/main.c:189:11: warning: unused variable 'local_buf' [-Wunused-variable]
  189 |   uint8_t local_buf[CM4_API_MAX_LEN];
      |           ^~~~~~~~~
../Core/Src/main.c: At top level:
../Core/Src/main.c:397:6: warning: conflicting types for 'DWT_Init'; have 'void(void)'
  397 | void DWT_Init(void)
      |      ^~~~~~~~
../Core/Src/main.c:209:3: note: previous implicit declaration of 'DWT_Init' with type 'void(void)'
  209 |   DWT_Init();
      |   ^~~~~~~~
arm-none-eabi-gcc -o "H7_FskDecoder_CM4.elf" @"objects.list"   -mcpu=cortex-m4 -T"D:\gitrepo\Vi-Qi-FSK-Decode\H7_FskDecoder\CM4\STM32H755ZITX_FLASH.ld" --specs=nosys.specs -Wl,-Map="H7_FskDecoder_CM4.map" -Wl,--gc-sections -static --specs=nano.specs -mfpu=fpv4-sp-d16 -mfloat-abi=hard -mthumb -Wl,--start-group -lc -lm -Wl,--end-group
Finished building target: H7_FskDecoder_CM4.elf
 
arm-none-eabi-size  H7_FskDecoder_CM4.elf 
arm-none-eabi-objdump -h -S H7_FskDecoder_CM4.elf  > "H7_FskDecoder_CM4.list"
   text	   data	    bss	    dec	    hex	filename
  40136	     20	  71300	 111456	  1b360	H7_FskDecoder_CM4.elf
Finished building: default.size.stdout
 
Finished building: H7_FskDecoder_CM4.list
 
12:34:20 **** Incremental Build of configuration Debug for project H7_FskDecoder_CM7 ****
make -j8 all 
arm-none-eabi-size  H7_FskDecoder_CM7.elf 
   text	   data	    bss	    dec	    hex	filename
 247096	    432	 280376	 527904	  80e20	H7_FskDecoder_CM7.elf
Finished building: default.size.stdout
 
12:37:16 **** Incremental Build of configuration Debug for project H7_FskDecoder_CM4 ****
make -j8 all 
arm-none-eabi-size  H7_FskDecoder_CM4.elf 
   text	   data	    bss	    dec	    hex	filename
  40136	     20	  71300	 111456	  1b360	H7_FskDecoder_CM4.elf
Finished building: default.size.stdout
 
12:37:26 **** Incremental Build of configuration Debug for project H7_FskDecoder_CM7 ****
make -j8 all 
arm-none-eabi-size  H7_FskDecoder_CM7.elf 
   text	   data	    bss	    dec	    hex	filename
 247096	    432	 280376	 527904	  80e20	H7_FskDecoder_CM7.elf
Finished building: default.size.stdout
 
12:37:33 **** Incremental Build of configuration Debug for project H7_FskDecoder_CM4 ****
make -j8 all 
arm-none-eabi-size  H7_FskDecoder_CM4.elf 
   text	   data	    bss	    dec	    hex	filename
  40136	     20	  71300	 111456	  1b360	H7_FskDecoder_CM4.elf
Finished building: default.size.stdout
 
12:37:42 **** Incremental Build of configuration Debug for project H7_FskDecoder_CM7 ****
make -j8 all 
arm-none-eabi-size  H7_FskDecoder_CM7.elf 
   text	   data	    bss	    dec	    hex	filename
 247096	    432	 280376	 527904	  80e20	H7_FskDecoder_CM7.elf
Finished building: default.size.stdout
 
12:39:35 **** Incremental Build of configuration Debug for project H7_FskDecoder_CM4 ****
make -j8 all 
arm-none-eabi-size  H7_FskDecoder_CM4.elf 
   text	   data	    bss	    dec	    hex	filename
  40136	     20	  71300	 111456	  1b360	H7_FskDecoder_CM4.elf
Finished building: default.size.stdout
 
12:55:38 **** Incremental Build of configuration Debug for project H7_FskDecoder_CM4 ****
make -j8 all 
arm-none-eabi-gcc "../Core/Src/gpio.c" -mcpu=cortex-m4 -std=gnu11 -g3 -DDEBUG -DCORE_CM4 -DUSE_HAL_DRIVER -DSTM32H755xx -DUSE_PWR_DIRECT_SMPS_SUPPLY -DUSE_NUCLEO_64 -c -I../Core/Inc -I../../Drivers/STM32H7xx_HAL_Driver/Inc -I../../Drivers/STM32H7xx_HAL_Driver/Inc/Legacy -I../../Drivers/BSP/STM32H7xx_Nucleo -I../../Drivers/CMSIS/Device/ST/STM32H7xx/Include -I../../Drivers/CMSIS/Include -O0 -ffunction-sections -fdata-sections -Wall -fstack-usage -fcyclomatic-complexity -MMD -MP -MF"Core/Src/gpio.d" -MT"Core/Src/gpio.o" --specs=nano.specs -mfpu=fpv4-sp-d16 -mfloat-abi=hard -mthumb -o "Core/Src/gpio.o"
arm-none-eabi-gcc "../Core/Src/main.c" -mcpu=cortex-m4 -std=gnu11 -g3 -DDEBUG -DCORE_CM4 -DUSE_HAL_DRIVER -DSTM32H755xx -DUSE_PWR_DIRECT_SMPS_SUPPLY -DUSE_NUCLEO_64 -c -I../Core/Inc -I../../Drivers/STM32H7xx_HAL_Driver/Inc -I../../Drivers/STM32H7xx_HAL_Driver/Inc/Legacy -I../../Drivers/BSP/STM32H7xx_Nucleo -I../../Drivers/CMSIS/Device/ST/STM32H7xx/Include -I../../Drivers/CMSIS/Include -O0 -ffunction-sections -fdata-sections -Wall -fstack-usage -fcyclomatic-complexity -MMD -MP -MF"Core/Src/main.d" -MT"Core/Src/main.o" --specs=nano.specs -mfpu=fpv4-sp-d16 -mfloat-abi=hard -mthumb -o "Core/Src/main.o"
../Core/Src/main.c: In function 'main':
../Core/Src/main.c:209:3: warning: implicit declaration of function 'DWT_Init' [-Wimplicit-function-declaration]
  209 |   DWT_Init();
      |   ^~~~~~~~
../Core/Src/main.c:192:27: warning: unused variable 'packet_ready' [-Wunused-variable]
  192 |   extern volatile uint8_t packet_ready;
      |                           ^~~~~~~~~~~~
../Core/Src/main.c:189:11: warning: unused variable 'local_buf' [-Wunused-variable]
  189 |   uint8_t local_buf[CM4_API_MAX_LEN];
      |           ^~~~~~~~~
../Core/Src/main.c: At top level:
../Core/Src/main.c:397:6: warning: conflicting types for 'DWT_Init'; have 'void(void)'
  397 | void DWT_Init(void)
      |      ^~~~~~~~
../Core/Src/main.c:209:3: note: previous implicit declaration of 'DWT_Init' with type 'void(void)'
  209 |   DWT_Init();
      |   ^~~~~~~~
arm-none-eabi-gcc -o "H7_FskDecoder_CM4.elf" @"objects.list"   -mcpu=cortex-m4 -T"D:\gitrepo\Vi-Qi-FSK-Decode\H7_FskDecoder\CM4\STM32H755ZITX_FLASH.ld" --specs=nosys.specs -Wl,-Map="H7_FskDecoder_CM4.map" -Wl,--gc-sections -static --specs=nano.specs -mfpu=fpv4-sp-d16 -mfloat-abi=hard -mthumb -Wl,--start-group -lc -lm -Wl,--end-group
Finished building target: H7_FskDecoder_CM4.elf
 
arm-none-eabi-size  H7_FskDecoder_CM4.elf 
arm-none-eabi-objdump -h -S H7_FskDecoder_CM4.elf  > "H7_FskDecoder_CM4.list"
   text	   data	    bss	    dec	    hex	filename
  40148	     20	  71300	 111468	  1b36c	H7_FskDecoder_CM4.elf
Finished building: default.size.stdout
 
Finished building: H7_FskDecoder_CM4.list
 
12:55:53 **** Incremental Build of configuration Debug for project H7_FskDecoder_CM7 ****
make -j8 all 
arm-none-eabi-size  H7_FskDecoder_CM7.elf 
   text	   data	    bss	    dec	    hex	filename
 247096	    432	 280376	 527904	  80e20	H7_FskDecoder_CM7.elf
Finished building: default.size.stdout
 
12:56:09 **** Incremental Build of configuration Debug for project H7_FskDecoder_CM4 ****
make -j8 all 
arm-none-eabi-size  H7_FskDecoder_CM4.elf 
   text	   data	    bss	    dec	    hex	filename
  40148	     20	  71300	 111468	  1b36c	H7_FskDecoder_CM4.elf
Finished building: default.size.stdout
 
12:56:18 **** Incremental Build of configuration Debug for project H7_FskDecoder_CM7 ****
make -j8 all 
arm-none-eabi-size  H7_FskDecoder_CM7.elf 
   text	   data	    bss	    dec	    hex	filename
 247096	    432	 280376	 527904	  80e20	H7_FskDecoder_CM7.elf
Finished building: default.size.stdout
 
12:57:17 **** Incremental Build of configuration Debug for project H7_FskDecoder_CM4 ****
make -j8 all 
arm-none-eabi-size  H7_FskDecoder_CM4.elf 
   text	   data	    bss	    dec	    hex	filename
  40148	     20	  71300	 111468	  1b36c	H7_FskDecoder_CM4.elf
Finished building: default.size.stdout
 
13:08:30 **** Incremental Build of configuration Debug for project H7_FskDecoder_CM4 ****
make -j8 all 
arm-none-eabi-gcc "../Core/Src/fsk_decoder.c" -mcpu=cortex-m4 -std=gnu11 -g3 -DDEBUG -DCORE_CM4 -DUSE_HAL_DRIVER -DSTM32H755xx -DUSE_PWR_DIRECT_SMPS_SUPPLY -DUSE_NUCLEO_64 -c -I../Core/Inc -I../../Drivers/STM32H7xx_HAL_Driver/Inc -I../../Drivers/STM32H7xx_HAL_Driver/Inc/Legacy -I../../Drivers/BSP/STM32H7xx_Nucleo -I../../Drivers/CMSIS/Device/ST/STM32H7xx/Include -I../../Drivers/CMSIS/Include -O0 -ffunction-sections -fdata-sections -Wall -fstack-usage -fcyclomatic-complexity -MMD -MP -MF"Core/Src/fsk_decoder.d" -MT"Core/Src/fsk_decoder.o" --specs=nano.specs -mfpu=fpv4-sp-d16 -mfloat-abi=hard -mthumb -o "Core/Src/fsk_decoder.o"
../Core/Src/fsk_decoder.c: In function 'process_block':
../Core/Src/fsk_decoder.c:113:17: warning: variable 'valid_transition' set but not used [-Wunused-but-set-variable]
  113 |         uint8_t valid_transition = 0U;
      |                 ^~~~~~~~~~~~~~~~
../Core/Src/fsk_decoder.c:105:17: warning: variable 'toggled' set but not used [-Wunused-but-set-variable]
  105 |         uint8_t toggled = 0U;
      |                 ^~~~~~~
arm-none-eabi-gcc -o "H7_FskDecoder_CM4.elf" @"objects.list"   -mcpu=cortex-m4 -T"D:\gitrepo\Vi-Qi-FSK-Decode\H7_FskDecoder\CM4\STM32H755ZITX_FLASH.ld" --specs=nosys.specs -Wl,-Map="H7_FskDecoder_CM4.map" -Wl,--gc-sections -static --specs=nano.specs -mfpu=fpv4-sp-d16 -mfloat-abi=hard -mthumb -Wl,--start-group -lc -lm -Wl,--end-group
Finished building target: H7_FskDecoder_CM4.elf
 
arm-none-eabi-size  H7_FskDecoder_CM4.elf 
arm-none-eabi-objdump -h -S H7_FskDecoder_CM4.elf  > "H7_FskDecoder_CM4.list"
   text	   data	    bss	    dec	    hex	filename
  39372	     16	  71304	 110692	  1b064	H7_FskDecoder_CM4.elf
Finished building: default.size.stdout
 
Finished building: H7_FskDecoder_CM4.list
 
13:08:39 **** Incremental Build of configuration Debug for project H7_FskDecoder_CM7 ****
make -j8 all 
arm-none-eabi-size  H7_FskDecoder_CM7.elf 
   text	   data	    bss	    dec	    hex	filename
 247096	    432	 280376	 527904	  80e20	H7_FskDecoder_CM7.elf
Finished building: default.size.stdout
 
13:08:55 **** Incremental Build of configuration Debug for project H7_FskDecoder_CM4 ****
make -j8 all 
arm-none-eabi-size  H7_FskDecoder_CM4.elf 
   text	   data	    bss	    dec	    hex	filename
  39372	     16	  71304	 110692	  1b064	H7_FskDecoder_CM4.elf
Finished building: default.size.stdout
 
13:09:01 **** Incremental Build of configuration Debug for project H7_FskDecoder_CM7 ****
make -j8 all 
arm-none-eabi-size  H7_FskDecoder_CM7.elf 
   text	   data	    bss	    dec	    hex	filename
 247096	    432	 280376	 527904	  80e20	H7_FskDecoder_CM7.elf
Finished building: default.size.stdout
 
13:09:52 **** Incremental Build of configuration Debug for project H7_FskDecoder_CM4 ****
make -j8 all 
arm-none-eabi-size  H7_FskDecoder_CM4.elf 
   text	   data	    bss	    dec	    hex	filename
  39372	     16	  71304	 110692	  1b064	H7_FskDecoder_CM4.elf
Finished building: default.size.stdout
 
14:38:04 **** Incremental Build of configuration Debug for project H7_FskDecoder_CM4 ****
make -j8 all 
arm-none-eabi-gcc "../Core/Src/fsk_decoder.c" -mcpu=cortex-m4 -std=gnu11 -g3 -DDEBUG -DCORE_CM4 -DUSE_HAL_DRIVER -DSTM32H755xx -DUSE_PWR_DIRECT_SMPS_SUPPLY -DUSE_NUCLEO_64 -c -I../Core/Inc -I../../Drivers/STM32H7xx_HAL_Driver/Inc -I../../Drivers/STM32H7xx_HAL_Driver/Inc/Legacy -I../../Drivers/BSP/STM32H7xx_Nucleo -I../../Drivers/CMSIS/Device/ST/STM32H7xx/Include -I../../Drivers/CMSIS/Include -O0 -ffunction-sections -fdata-sections -Wall -fstack-usage -fcyclomatic-complexity -MMD -MP -MF"Core/Src/fsk_decoder.d" -MT"Core/Src/fsk_decoder.o" --specs=nano.specs -mfpu=fpv4-sp-d16 -mfloat-abi=hard -mthumb -o "Core/Src/fsk_decoder.o"
arm-none-eabi-gcc "../Core/Src/main.c" -mcpu=cortex-m4 -std=gnu11 -g3 -DDEBUG -DCORE_CM4 -DUSE_HAL_DRIVER -DSTM32H755xx -DUSE_PWR_DIRECT_SMPS_SUPPLY -DUSE_NUCLEO_64 -c -I../Core/Inc -I../../Drivers/STM32H7xx_HAL_Driver/Inc -I../../Drivers/STM32H7xx_HAL_Driver/Inc/Legacy -I../../Drivers/BSP/STM32H7xx_Nucleo -I../../Drivers/CMSIS/Device/ST/STM32H7xx/Include -I../../Drivers/CMSIS/Include -O0 -ffunction-sections -fdata-sections -Wall -fstack-usage -fcyclomatic-complexity -MMD -MP -MF"Core/Src/main.d" -MT"Core/Src/main.o" --specs=nano.specs -mfpu=fpv4-sp-d16 -mfloat-abi=hard -mthumb -o "Core/Src/main.o"
../Core/Src/main.c: In function 'main':
../Core/Src/main.c:215:3: warning: implicit declaration of function 'DWT_Init' [-Wimplicit-function-declaration]
  215 |   DWT_Init();
      |   ^~~~~~~~
../Core/Src/main.c:198:27: warning: unused variable 'packet_ready' [-Wunused-variable]
  198 |   extern volatile uint8_t packet_ready;
      |                           ^~~~~~~~~~~~
../Core/Src/main.c:195:11: warning: unused variable 'local_buf' [-Wunused-variable]
  195 |   uint8_t local_buf[CM4_API_MAX_LEN];
      |           ^~~~~~~~~
../Core/Src/main.c: At top level:
../Core/Src/main.c:434:6: warning: conflicting types for 'DWT_Init'; have 'void(void)'
  434 | void DWT_Init(void)
      |      ^~~~~~~~
../Core/Src/main.c:215:3: note: previous implicit declaration of 'DWT_Init' with type 'void(void)'
  215 |   DWT_Init();
      |   ^~~~~~~~
arm-none-eabi-gcc -o "H7_FskDecoder_CM4.elf" @"objects.list"   -mcpu=cortex-m4 -T"D:\gitrepo\Vi-Qi-FSK-Decode\H7_FskDecoder\CM4\STM32H755ZITX_FLASH.ld" --specs=nosys.specs -Wl,-Map="H7_FskDecoder_CM4.map" -Wl,--gc-sections -static --specs=nano.specs -mfpu=fpv4-sp-d16 -mfloat-abi=hard -mthumb -Wl,--start-group -lc -lm -Wl,--end-group
Finished building target: H7_FskDecoder_CM4.elf
 
arm-none-eabi-size  H7_FskDecoder_CM4.elf 
arm-none-eabi-objdump -h -S H7_FskDecoder_CM4.elf  > "H7_FskDecoder_CM4.list"
   text	   data	    bss	    dec	    hex	filename
  40260	     20	  71308	 111588	  1b3e4	H7_FskDecoder_CM4.elf
Finished building: default.size.stdout
 
Finished building: H7_FskDecoder_CM4.list
 
14:38:14 **** Incremental Build of configuration Debug for project H7_FskDecoder_CM7 ****
make -j8 all 
arm-none-eabi-size  H7_FskDecoder_CM7.elf 
   text	   data	    bss	    dec	    hex	filename
 247096	    432	 280376	 527904	  80e20	H7_FskDecoder_CM7.elf
Finished building: default.size.stdout
 
14:38:27 **** Incremental Build of configuration Debug for project H7_FskDecoder_CM4 ****
make -j8 all 
arm-none-eabi-size  H7_FskDecoder_CM4.elf 
   text	   data	    bss	    dec	    hex	filename
  40260	     20	  71308	 111588	  1b3e4	H7_FskDecoder_CM4.elf
Finished building: default.size.stdout
 
14:38:33 **** Incremental Build of configuration Debug for project H7_FskDecoder_CM7 ****
make -j8 all 
arm-none-eabi-size  H7_FskDecoder_CM7.elf 
   text	   data	    bss	    dec	    hex	filename
 247096	    432	 280376	 527904	  80e20	H7_FskDecoder_CM7.elf
Finished building: default.size.stdout
 
14:39:31 **** Incremental Build of configuration Debug for project H7_FskDecoder_CM4 ****
make -j8 all 
arm-none-eabi-size  H7_FskDecoder_CM4.elf 
   text	   data	    bss	    dec	    hex	filename
  40260	     20	  71308	 111588	  1b3e4	H7_FskDecoder_CM4.elf
Finished building: default.size.stdout
 
15:06:36 **** Incremental Build of configuration Debug for project H7_FskDecoder_CM4 ****
make -j8 all 
arm-none-eabi-gcc "D:/gitrepo/Vi-Qi-FSK-Decode/H7_FskDecoder/Drivers/STM32H7xx_HAL_Driver/Src/stm32h7xx_hal.c" -mcpu=cortex-m4 -std=gnu11 -g3 -DDEBUG -DCORE_CM4 -DUSE_HAL_DRIVER -DSTM32H755xx -DUSE_PWR_DIRECT_SMPS_SUPPLY -DUSE_NUCLEO_64 -c -I../Core/Inc -I../../Drivers/STM32H7xx_HAL_Driver/Inc -I../../Drivers/STM32H7xx_HAL_Driver/Inc/Legacy -I../../Drivers/BSP/STM32H7xx_Nucleo -I../../Drivers/CMSIS/Device/ST/STM32H7xx/Include -I../../Drivers/CMSIS/Include -Og -ffunction-sections -fdata-sections -Wall -fstack-usage -fcyclomatic-complexity -MMD -MP -MF"Drivers/STM32H7xx_HAL_Driver/stm32h7xx_hal.d" -MT"Drivers/STM32H7xx_HAL_Driver/stm32h7xx_hal.o" --specs=nano.specs -mfpu=fpv4-sp-d16 -mfloat-abi=hard -mthumb -o "Drivers/STM32H7xx_HAL_Driver/stm32h7xx_hal.o"
arm-none-eabi-gcc "D:/gitrepo/Vi-Qi-FSK-Decode/H7_FskDecoder/Drivers/STM32H7xx_HAL_Driver/Src/stm32h7xx_hal_cortex.c" -mcpu=cortex-m4 -std=gnu11 -g3 -DDEBUG -DCORE_CM4 -DUSE_HAL_DRIVER -DSTM32H755xx -DUSE_PWR_DIRECT_SMPS_SUPPLY -DUSE_NUCLEO_64 -c -I../Core/Inc -I../../Drivers/STM32H7xx_HAL_Driver/Inc -I../../Drivers/STM32H7xx_HAL_Driver/Inc/Legacy -I../../Drivers/BSP/STM32H7xx_Nucleo -I../../Drivers/CMSIS/Device/ST/STM32H7xx/Include -I../../Drivers/CMSIS/Include -Og -ffunction-sections -fdata-sections -Wall -fstack-usage -fcyclomatic-complexity -MMD -MP -MF"Drivers/STM32H7xx_HAL_Driver/stm32h7xx_hal_cortex.d" -MT"Drivers/STM32H7xx_HAL_Driver/stm32h7xx_hal_cortex.o" --specs=nano.specs -mfpu=fpv4-sp-d16 -mfloat-abi=hard -mthumb -o "Drivers/STM32H7xx_HAL_Driver/stm32h7xx_hal_cortex.o"
arm-none-eabi-gcc "D:/gitrepo/Vi-Qi-FSK-Decode/H7_FskDecoder/Drivers/STM32H7xx_HAL_Driver/Src/stm32h7xx_hal_dma.c" -mcpu=cortex-m4 -std=gnu11 -g3 -DDEBUG -DCORE_CM4 -DUSE_HAL_DRIVER -DSTM32H755xx -DUSE_PWR_DIRECT_SMPS_SUPPLY -DUSE_NUCLEO_64 -c -I../Core/Inc -I../../Drivers/STM32H7xx_HAL_Driver/Inc -I../../Drivers/STM32H7xx_HAL_Driver/Inc/Legacy -I../../Drivers/BSP/STM32H7xx_Nucleo -I../../Drivers/CMSIS/Device/ST/STM32H7xx/Include -I../../Drivers/CMSIS/Include -Og -ffunction-sections -fdata-sections -Wall -fstack-usage -fcyclomatic-complexity -MMD -MP -MF"Drivers/STM32H7xx_HAL_Driver/stm32h7xx_hal_dma.d" -MT"Drivers/STM32H7xx_HAL_Driver/stm32h7xx_hal_dma.o" --specs=nano.specs -mfpu=fpv4-sp-d16 -mfloat-abi=hard -mthumb -o "Drivers/STM32H7xx_HAL_Driver/stm32h7xx_hal_dma.o"
arm-none-eabi-gcc "D:/gitrepo/Vi-Qi-FSK-Decode/H7_FskDecoder/Drivers/STM32H7xx_HAL_Driver/Src/stm32h7xx_hal_dma_ex.c" -mcpu=cortex-m4 -std=gnu11 -g3 -DDEBUG -DCORE_CM4 -DUSE_HAL_DRIVER -DSTM32H755xx -DUSE_PWR_DIRECT_SMPS_SUPPLY -DUSE_NUCLEO_64 -c -I../Core/Inc -I../../Drivers/STM32H7xx_HAL_Driver/Inc -I../../Drivers/STM32H7xx_HAL_Driver/Inc/Legacy -I../../Drivers/BSP/STM32H7xx_Nucleo -I../../Drivers/CMSIS/Device/ST/STM32H7xx/Include -I../../Drivers/CMSIS/Include -Og -ffunction-sections -fdata-sections -Wall -fstack-usage -fcyclomatic-complexity -MMD -MP -MF"Drivers/STM32H7xx_HAL_Driver/stm32h7xx_hal_dma_ex.d" -MT"Drivers/STM32H7xx_HAL_Driver/stm32h7xx_hal_dma_ex.o" --specs=nano.specs -mfpu=fpv4-sp-d16 -mfloat-abi=hard -mthumb -o "Drivers/STM32H7xx_HAL_Driver/stm32h7xx_hal_dma_ex.o"
arm-none-eabi-gcc "D:/gitrepo/Vi-Qi-FSK-Decode/H7_FskDecoder/Drivers/STM32H7xx_HAL_Driver/Src/stm32h7xx_hal_eth.c" -mcpu=cortex-m4 -std=gnu11 -g3 -DDEBUG -DCORE_CM4 -DUSE_HAL_DRIVER -DSTM32H755xx -DUSE_PWR_DIRECT_SMPS_SUPPLY -DUSE_NUCLEO_64 -c -I../Core/Inc -I../../Drivers/STM32H7xx_HAL_Driver/Inc -I../../Drivers/STM32H7xx_HAL_Driver/Inc/Legacy -I../../Drivers/BSP/STM32H7xx_Nucleo -I../../Drivers/CMSIS/Device/ST/STM32H7xx/Include -I../../Drivers/CMSIS/Include -Og -ffunction-sections -fdata-sections -Wall -fstack-usage -fcyclomatic-complexity -MMD -MP -MF"Drivers/STM32H7xx_HAL_Driver/stm32h7xx_hal_eth.d" -MT"Drivers/STM32H7xx_HAL_Driver/stm32h7xx_hal_eth.o" --specs=nano.specs -mfpu=fpv4-sp-d16 -mfloat-abi=hard -mthumb -o "Drivers/STM32H7xx_HAL_Driver/stm32h7xx_hal_eth.o"
arm-none-eabi-gcc "D:/gitrepo/Vi-Qi-FSK-Decode/H7_FskDecoder/Drivers/STM32H7xx_HAL_Driver/Src/stm32h7xx_hal_eth_ex.c" -mcpu=cortex-m4 -std=gnu11 -g3 -DDEBUG -DCORE_CM4 -DUSE_HAL_DRIVER -DSTM32H755xx -DUSE_PWR_DIRECT_SMPS_SUPPLY -DUSE_NUCLEO_64 -c -I../Core/Inc -I../../Drivers/STM32H7xx_HAL_Driver/Inc -I../../Drivers/STM32H7xx_HAL_Driver/Inc/Legacy -I../../Drivers/BSP/STM32H7xx_Nucleo -I../../Drivers/CMSIS/Device/ST/STM32H7xx/Include -I../../Drivers/CMSIS/Include -Og -ffunction-sections -fdata-sections -Wall -fstack-usage -fcyclomatic-complexity -MMD -MP -MF"Drivers/STM32H7xx_HAL_Driver/stm32h7xx_hal_eth_ex.d" -MT"Drivers/STM32H7xx_HAL_Driver/stm32h7xx_hal_eth_ex.o" --specs=nano.specs -mfpu=fpv4-sp-d16 -mfloat-abi=hard -mthumb -o "Drivers/STM32H7xx_HAL_Driver/stm32h7xx_hal_eth_ex.o"
arm-none-eabi-gcc "D:/gitrepo/Vi-Qi-FSK-Decode/H7_FskDecoder/Drivers/STM32H7xx_HAL_Driver/Src/stm32h7xx_hal_exti.c" -mcpu=cortex-m4 -std=gnu11 -g3 -DDEBUG -DCORE_CM4 -DUSE_HAL_DRIVER -DSTM32H755xx -DUSE_PWR_DIRECT_SMPS_SUPPLY -DUSE_NUCLEO_64 -c -I../Core/Inc -I../../Drivers/STM32H7xx_HAL_Driver/Inc -I../../Drivers/STM32H7xx_HAL_Driver/Inc/Legacy -I../../Drivers/BSP/STM32H7xx_Nucleo -I../../Drivers/CMSIS/Device/ST/STM32H7xx/Include -I../../Drivers/CMSIS/Include -Og -ffunction-sections -fdata-sections -Wall -fstack-usage -fcyclomatic-complexity -MMD -MP -MF"Drivers/STM32H7xx_HAL_Driver/stm32h7xx_hal_exti.d" -MT"Drivers/STM32H7xx_HAL_Driver/stm32h7xx_hal_exti.o" --specs=nano.specs -mfpu=fpv4-sp-d16 -mfloat-abi=hard -mthumb -o "Drivers/STM32H7xx_HAL_Driver/stm32h7xx_hal_exti.o"
arm-none-eabi-gcc "D:/gitrepo/Vi-Qi-FSK-Decode/H7_FskDecoder/Drivers/STM32H7xx_HAL_Driver/Src/stm32h7xx_hal_flash.c" -mcpu=cortex-m4 -std=gnu11 -g3 -DDEBUG -DCORE_CM4 -DUSE_HAL_DRIVER -DSTM32H755xx -DUSE_PWR_DIRECT_SMPS_SUPPLY -DUSE_NUCLEO_64 -c -I../Core/Inc -I../../Drivers/STM32H7xx_HAL_Driver/Inc -I../../Drivers/STM32H7xx_HAL_Driver/Inc/Legacy -I../../Drivers/BSP/STM32H7xx_Nucleo -I../../Drivers/CMSIS/Device/ST/STM32H7xx/Include -I../../Drivers/CMSIS/Include -Og -ffunction-sections -fdata-sections -Wall -fstack-usage -fcyclomatic-complexity -MMD -MP -MF"Drivers/STM32H7xx_HAL_Driver/stm32h7xx_hal_flash.d" -MT"Drivers/STM32H7xx_HAL_Driver/stm32h7xx_hal_flash.o" --specs=nano.specs -mfpu=fpv4-sp-d16 -mfloat-abi=hard -mthumb -o "Drivers/STM32H7xx_HAL_Driver/stm32h7xx_hal_flash.o"
arm-none-eabi-gcc "D:/gitrepo/Vi-Qi-FSK-Decode/H7_FskDecoder/Drivers/STM32H7xx_HAL_Driver/Src/stm32h7xx_hal_flash_ex.c" -mcpu=cortex-m4 -std=gnu11 -g3 -DDEBUG -DCORE_CM4 -DUSE_HAL_DRIVER -DSTM32H755xx -DUSE_PWR_DIRECT_SMPS_SUPPLY -DUSE_NUCLEO_64 -c -I../Core/Inc -I../../Drivers/STM32H7xx_HAL_Driver/Inc -I../../Drivers/STM32H7xx_HAL_Driver/Inc/Legacy -I../../Drivers/BSP/STM32H7xx_Nucleo -I../../Drivers/CMSIS/Device/ST/STM32H7xx/Include -I../../Drivers/CMSIS/Include -Og -ffunction-sections -fdata-sections -Wall -fstack-usage -fcyclomatic-complexity -MMD -MP -MF"Drivers/STM32H7xx_HAL_Driver/stm32h7xx_hal_flash_ex.d" -MT"Drivers/STM32H7xx_HAL_Driver/stm32h7xx_hal_flash_ex.o" --specs=nano.specs -mfpu=fpv4-sp-d16 -mfloat-abi=hard -mthumb -o "Drivers/STM32H7xx_HAL_Driver/stm32h7xx_hal_flash_ex.o"
arm-none-eabi-gcc "D:/gitrepo/Vi-Qi-FSK-Decode/H7_FskDecoder/Drivers/STM32H7xx_HAL_Driver/Src/stm32h7xx_hal_gpio.c" -mcpu=cortex-m4 -std=gnu11 -g3 -DDEBUG -DCORE_CM4 -DUSE_HAL_DRIVER -DSTM32H755xx -DUSE_PWR_DIRECT_SMPS_SUPPLY -DUSE_NUCLEO_64 -c -I../Core/Inc -I../../Drivers/STM32H7xx_HAL_Driver/Inc -I../../Drivers/STM32H7xx_HAL_Driver/Inc/Legacy -I../../Drivers/BSP/STM32H7xx_Nucleo -I../../Drivers/CMSIS/Device/ST/STM32H7xx/Include -I../../Drivers/CMSIS/Include -Og -ffunction-sections -fdata-sections -Wall -fstack-usage -fcyclomatic-complexity -MMD -MP -MF"Drivers/STM32H7xx_HAL_Driver/stm32h7xx_hal_gpio.d" -MT"Drivers/STM32H7xx_HAL_Driver/stm32h7xx_hal_gpio.o" --specs=nano.specs -mfpu=fpv4-sp-d16 -mfloat-abi=hard -mthumb -o "Drivers/STM32H7xx_HAL_Driver/stm32h7xx_hal_gpio.o"
arm-none-eabi-gcc "D:/gitrepo/Vi-Qi-FSK-Decode/H7_FskDecoder/Drivers/STM32H7xx_HAL_Driver/Src/stm32h7xx_hal_hrtim.c" -mcpu=cortex-m4 -std=gnu11 -g3 -DDEBUG -DCORE_CM4 -DUSE_HAL_DRIVER -DSTM32H755xx -DUSE_PWR_DIRECT_SMPS_SUPPLY -DUSE_NUCLEO_64 -c -I../Core/Inc -I../../Drivers/STM32H7xx_HAL_Driver/Inc -I../../Drivers/STM32H7xx_HAL_Driver/Inc/Legacy -I../../Drivers/BSP/STM32H7xx_Nucleo -I../../Drivers/CMSIS/Device/ST/STM32H7xx/Include -I../../Drivers/CMSIS/Include -Og -ffunction-sections -fdata-sections -Wall -fstack-usage -fcyclomatic-complexity -MMD -MP -MF"Drivers/STM32H7xx_HAL_Driver/stm32h7xx_hal_hrtim.d" -MT"Drivers/STM32H7xx_HAL_Driver/stm32h7xx_hal_hrtim.o" --specs=nano.specs -mfpu=fpv4-sp-d16 -mfloat-abi=hard -mthumb -o "Drivers/STM32H7xx_HAL_Driver/stm32h7xx_hal_hrtim.o"
arm-none-eabi-gcc "D:/gitrepo/Vi-Qi-FSK-Decode/H7_FskDecoder/Drivers/STM32H7xx_HAL_Driver/Src/stm32h7xx_hal_hsem.c" -mcpu=cortex-m4 -std=gnu11 -g3 -DDEBUG -DCORE_CM4 -DUSE_HAL_DRIVER -DSTM32H755xx -DUSE_PWR_DIRECT_SMPS_SUPPLY -DUSE_NUCLEO_64 -c -I../Core/Inc -I../../Drivers/STM32H7xx_HAL_Driver/Inc -I../../Drivers/STM32H7xx_HAL_Driver/Inc/Legacy -I../../Drivers/BSP/STM32H7xx_Nucleo -I../../Drivers/CMSIS/Device/ST/STM32H7xx/Include -I../../Drivers/CMSIS/Include -Og -ffunction-sections -fdata-sections -Wall -fstack-usage -fcyclomatic-complexity -MMD -MP -MF"Drivers/STM32H7xx_HAL_Driver/stm32h7xx_hal_hsem.d" -MT"Drivers/STM32H7xx_HAL_Driver/stm32h7xx_hal_hsem.o" --specs=nano.specs -mfpu=fpv4-sp-d16 -mfloat-abi=hard -mthumb -o "Drivers/STM32H7xx_HAL_Driver/stm32h7xx_hal_hsem.o"
arm-none-eabi-gcc "D:/gitrepo/Vi-Qi-FSK-Decode/H7_FskDecoder/Drivers/STM32H7xx_HAL_Driver/Src/stm32h7xx_hal_i2c.c" -mcpu=cortex-m4 -std=gnu11 -g3 -DDEBUG -DCORE_CM4 -DUSE_HAL_DRIVER -DSTM32H755xx -DUSE_PWR_DIRECT_SMPS_SUPPLY -DUSE_NUCLEO_64 -c -I../Core/Inc -I../../Drivers/STM32H7xx_HAL_Driver/Inc -I../../Drivers/STM32H7xx_HAL_Driver/Inc/Legacy -I../../Drivers/BSP/STM32H7xx_Nucleo -I../../Drivers/CMSIS/Device/ST/STM32H7xx/Include -I../../Drivers/CMSIS/Include -Og -ffunction-sections -fdata-sections -Wall -fstack-usage -fcyclomatic-complexity -MMD -MP -MF"Drivers/STM32H7xx_HAL_Driver/stm32h7xx_hal_i2c.d" -MT"Drivers/STM32H7xx_HAL_Driver/stm32h7xx_hal_i2c.o" --specs=nano.specs -mfpu=fpv4-sp-d16 -mfloat-abi=hard -mthumb -o "Drivers/STM32H7xx_HAL_Driver/stm32h7xx_hal_i2c.o"
arm-none-eabi-gcc "D:/gitrepo/Vi-Qi-FSK-Decode/H7_FskDecoder/Drivers/STM32H7xx_HAL_Driver/Src/stm32h7xx_hal_i2c_ex.c" -mcpu=cortex-m4 -std=gnu11 -g3 -DDEBUG -DCORE_CM4 -DUSE_HAL_DRIVER -DSTM32H755xx -DUSE_PWR_DIRECT_SMPS_SUPPLY -DUSE_NUCLEO_64 -c -I../Core/Inc -I../../Drivers/STM32H7xx_HAL_Driver/Inc -I../../Drivers/STM32H7xx_HAL_Driver/Inc/Legacy -I../../Drivers/BSP/STM32H7xx_Nucleo -I../../Drivers/CMSIS/Device/ST/STM32H7xx/Include -I../../Drivers/CMSIS/Include -Og -ffunction-sections -fdata-sections -Wall -fstack-usage -fcyclomatic-complexity -MMD -MP -MF"Drivers/STM32H7xx_HAL_Driver/stm32h7xx_hal_i2c_ex.d" -MT"Drivers/STM32H7xx_HAL_Driver/stm32h7xx_hal_i2c_ex.o" --specs=nano.specs -mfpu=fpv4-sp-d16 -mfloat-abi=hard -mthumb -o "Drivers/STM32H7xx_HAL_Driver/stm32h7xx_hal_i2c_ex.o"
arm-none-eabi-gcc "D:/gitrepo/Vi-Qi-FSK-Decode/H7_FskDecoder/Drivers/STM32H7xx_HAL_Driver/Src/stm32h7xx_hal_mdma.c" -mcpu=cortex-m4 -std=gnu11 -g3 -DDEBUG -DCORE_CM4 -DUSE_HAL_DRIVER -DSTM32H755xx -DUSE_PWR_DIRECT_SMPS_SUPPLY -DUSE_NUCLEO_64 -c -I../Core/Inc -I../../Drivers/STM32H7xx_HAL_Driver/Inc -I../../Drivers/STM32H7xx_HAL_Driver/Inc/Legacy -I../../Drivers/BSP/STM32H7xx_Nucleo -I../../Drivers/CMSIS/Device/ST/STM32H7xx/Include -I../../Drivers/CMSIS/Include -Og -ffunction-sections -fdata-sections -Wall -fstack-usage -fcyclomatic-complexity -MMD -MP -MF"Drivers/STM32H7xx_HAL_Driver/stm32h7xx_hal_mdma.d" -MT"Drivers/STM32H7xx_HAL_Driver/stm32h7xx_hal_mdma.o" --specs=nano.specs -mfpu=fpv4-sp-d16 -mfloat-abi=hard -mthumb -o "Drivers/STM32H7xx_HAL_Driver/stm32h7xx_hal_mdma.o"
arm-none-eabi-gcc "D:/gitrepo/Vi-Qi-FSK-Decode/H7_FskDecoder/Drivers/STM32H7xx_HAL_Driver/Src/stm32h7xx_hal_pwr.c" -mcpu=cortex-m4 -std=gnu11 -g3 -DDEBUG -DCORE_CM4 -DUSE_HAL_DRIVER -DSTM32H755xx -DUSE_PWR_DIRECT_SMPS_SUPPLY -DUSE_NUCLEO_64 -c -I../Core/Inc -I../../Drivers/STM32H7xx_HAL_Driver/Inc -I../../Drivers/STM32H7xx_HAL_Driver/Inc/Legacy -I../../Drivers/BSP/STM32H7xx_Nucleo -I../../Drivers/CMSIS/Device/ST/STM32H7xx/Include -I../../Drivers/CMSIS/Include -Og -ffunction-sections -fdata-sections -Wall -fstack-usage -fcyclomatic-complexity -MMD -MP -MF"Drivers/STM32H7xx_HAL_Driver/stm32h7xx_hal_pwr.d" -MT"Drivers/STM32H7xx_HAL_Driver/stm32h7xx_hal_pwr.o" --specs=nano.specs -mfpu=fpv4-sp-d16 -mfloat-abi=hard -mthumb -o "Drivers/STM32H7xx_HAL_Driver/stm32h7xx_hal_pwr.o"
arm-none-eabi-gcc "D:/gitrepo/Vi-Qi-FSK-Decode/H7_FskDecoder/Drivers/STM32H7xx_HAL_Driver/Src/stm32h7xx_hal_pwr_ex.c" -mcpu=cortex-m4 -std=gnu11 -g3 -DDEBUG -DCORE_CM4 -DUSE_HAL_DRIVER -DSTM32H755xx -DUSE_PWR_DIRECT_SMPS_SUPPLY -DUSE_NUCLEO_64 -c -I../Core/Inc -I../../Drivers/STM32H7xx_HAL_Driver/Inc -I../../Drivers/STM32H7xx_HAL_Driver/Inc/Legacy -I../../Drivers/BSP/STM32H7xx_Nucleo -I../../Drivers/CMSIS/Device/ST/STM32H7xx/Include -I../../Drivers/CMSIS/Include -Og -ffunction-sections -fdata-sections -Wall -fstack-usage -fcyclomatic-complexity -MMD -MP -MF"Drivers/STM32H7xx_HAL_Driver/stm32h7xx_hal_pwr_ex.d" -MT"Drivers/STM32H7xx_HAL_Driver/stm32h7xx_hal_pwr_ex.o" --specs=nano.specs -mfpu=fpv4-sp-d16 -mfloat-abi=hard -mthumb -o "Drivers/STM32H7xx_HAL_Driver/stm32h7xx_hal_pwr_ex.o"
arm-none-eabi-gcc "D:/gitrepo/Vi-Qi-FSK-Decode/H7_FskDecoder/Drivers/STM32H7xx_HAL_Driver/Src/stm32h7xx_hal_rcc.c" -mcpu=cortex-m4 -std=gnu11 -g3 -DDEBUG -DCORE_CM4 -DUSE_HAL_DRIVER -DSTM32H755xx -DUSE_PWR_DIRECT_SMPS_SUPPLY -DUSE_NUCLEO_64 -c -I../Core/Inc -I../../Drivers/STM32H7xx_HAL_Driver/Inc -I../../Drivers/STM32H7xx_HAL_Driver/Inc/Legacy -I../../Drivers/BSP/STM32H7xx_Nucleo -I../../Drivers/CMSIS/Device/ST/STM32H7xx/Include -I../../Drivers/CMSIS/Include -Og -ffunction-sections -fdata-sections -Wall -fstack-usage -fcyclomatic-complexity -MMD -MP -MF"Drivers/STM32H7xx_HAL_Driver/stm32h7xx_hal_rcc.d" -MT"Drivers/STM32H7xx_HAL_Driver/stm32h7xx_hal_rcc.o" --specs=nano.specs -mfpu=fpv4-sp-d16 -mfloat-abi=hard -mthumb -o "Drivers/STM32H7xx_HAL_Driver/stm32h7xx_hal_rcc.o"
arm-none-eabi-gcc "D:/gitrepo/Vi-Qi-FSK-Decode/H7_FskDecoder/Drivers/STM32H7xx_HAL_Driver/Src/stm32h7xx_hal_rcc_ex.c" -mcpu=cortex-m4 -std=gnu11 -g3 -DDEBUG -DCORE_CM4 -DUSE_HAL_DRIVER -DSTM32H755xx -DUSE_PWR_DIRECT_SMPS_SUPPLY -DUSE_NUCLEO_64 -c -I../Core/Inc -I../../Drivers/STM32H7xx_HAL_Driver/Inc -I../../Drivers/STM32H7xx_HAL_Driver/Inc/Legacy -I../../Drivers/BSP/STM32H7xx_Nucleo -I../../Drivers/CMSIS/Device/ST/STM32H7xx/Include -I../../Drivers/CMSIS/Include -Og -ffunction-sections -fdata-sections -Wall -fstack-usage -fcyclomatic-complexity -MMD -MP -MF"Drivers/STM32H7xx_HAL_Driver/stm32h7xx_hal_rcc_ex.d" -MT"Drivers/STM32H7xx_HAL_Driver/stm32h7xx_hal_rcc_ex.o" --specs=nano.specs -mfpu=fpv4-sp-d16 -mfloat-abi=hard -mthumb -o "Drivers/STM32H7xx_HAL_Driver/stm32h7xx_hal_rcc_ex.o"
arm-none-eabi-gcc "D:/gitrepo/Vi-Qi-FSK-Decode/H7_FskDecoder/Drivers/STM32H7xx_HAL_Driver/Src/stm32h7xx_hal_spi.c" -mcpu=cortex-m4 -std=gnu11 -g3 -DDEBUG -DCORE_CM4 -DUSE_HAL_DRIVER -DSTM32H755xx -DUSE_PWR_DIRECT_SMPS_SUPPLY -DUSE_NUCLEO_64 -c -I../Core/Inc -I../../Drivers/STM32H7xx_HAL_Driver/Inc -I../../Drivers/STM32H7xx_HAL_Driver/Inc/Legacy -I../../Drivers/BSP/STM32H7xx_Nucleo -I../../Drivers/CMSIS/Device/ST/STM32H7xx/Include -I../../Drivers/CMSIS/Include -Og -ffunction-sections -fdata-sections -Wall -fstack-usage -fcyclomatic-complexity -MMD -MP -MF"Drivers/STM32H7xx_HAL_Driver/stm32h7xx_hal_spi.d" -MT"Drivers/STM32H7xx_HAL_Driver/stm32h7xx_hal_spi.o" --specs=nano.specs -mfpu=fpv4-sp-d16 -mfloat-abi=hard -mthumb -o "Drivers/STM32H7xx_HAL_Driver/stm32h7xx_hal_spi.o"
[...]
Finished building target: H7_FskDecoder_CM4.elf
 
arm-none-eabi-size  H7_FskDecoder_CM4.elf 
arm-none-eabi-objdump -h -S H7_FskDecoder_CM4.elf  > "H7_FskDecoder_CM4.list"
   text	   data	    bss	    dec	    hex	filename
  23612	     20	  77460	 101092	  18ae4	H7_FskDecoder_CM4.elf
Finished building: default.size.stdout
 
Finished building: H7_FskDecoder_CM4.list
 
17:20:43 **** Incremental Build of configuration Debug for project H7_FskDecoder_CM7 ****
make -j8 all 
arm-none-eabi-size  H7_FskDecoder_CM7.elf 
   text	   data	    bss	    dec	    hex	filename
 247096	    432	 280376	 527904	  80e20	H7_FskDecoder_CM7.elf
Finished building: default.size.stdout
 
17:21:11 **** Incremental Build of configuration Debug for project H7_FskDecoder_CM4 ****
make -j8 all 
arm-none-eabi-size  H7_FskDecoder_CM4.elf 
   text	   data	    bss	    dec	    hex	filename
  23612	     20	  77460	 101092	  18ae4	H7_FskDecoder_CM4.elf
Finished building: default.size.stdout
 
17:21:17 **** Incremental Build of configuration Debug for project H7_FskDecoder_CM7 ****
make -j8 all 
arm-none-eabi-size  H7_FskDecoder_CM7.elf 
   text	   data	    bss	    dec	    hex	filename
 247096	    432	 280376	 527904	  80e20	H7_FskDecoder_CM7.elf
Finished building: default.size.stdout
 
17:21:43 **** Incremental Build of configuration Debug for project H7_FskDecoder_CM4 ****
make -j8 all 
arm-none-eabi-size  H7_FskDecoder_CM4.elf 
   text	   data	    bss	    dec	    hex	filename
  23612	     20	  77460	 101092	  18ae4	H7_FskDecoder_CM4.elf
Finished building: default.size.stdout
 
17:54:21 **** Incremental Build of configuration Debug for project H7_FskDecoder_CM4 ****
make -j8 all 
arm-none-eabi-gcc "../Core/Src/fsk_decoder.c" -mcpu=cortex-m4 -std=gnu11 -g3 -DDEBUG -DCORE_CM4 -DUSE_HAL_DRIVER -DSTM32H755xx -DUSE_PWR_DIRECT_SMPS_SUPPLY -DUSE_NUCLEO_64 -c -I../Core/Inc -I../../Drivers/STM32H7xx_HAL_Driver/Inc -I../../Drivers/STM32H7xx_HAL_Driver/Inc/Legacy -I../../Drivers/BSP/STM32H7xx_Nucleo -I../../Drivers/CMSIS/Device/ST/STM32H7xx/Include -I../../Drivers/CMSIS/Include -O2 -ffunction-sections -fdata-sections -Wall -fstack-usage -fcyclomatic-complexity -MMD -MP -MF"Core/Src/fsk_decoder.d" -MT"Core/Src/fsk_decoder.o" --specs=nano.specs -mfpu=fpv4-sp-d16 -mfloat-abi=hard -mthumb -o "Core/Src/fsk_decoder.o"
../Core/Src/fsk_decoder.c: In function 'process_block':
../Core/Src/fsk_decoder.c:113:17: warning: variable 'valid_transition' set but not used [-Wunused-but-set-variable]
  113 |         uint8_t valid_transition = 0U;
      |                 ^~~~~~~~~~~~~~~~
../Core/Src/fsk_decoder.c:105:17: warning: variable 'toggled' set but not used [-Wunused-but-set-variable]
  105 |         uint8_t toggled = 0U;
      |                 ^~~~~~~
arm-none-eabi-gcc -o "H7_FskDecoder_CM4.elf" @"objects.list"   -mcpu=cortex-m4 -T"D:\gitrepo\Vi-Qi-FSK-Decode\H7_FskDecoder\CM4\STM32H755ZITX_FLASH.ld" --specs=nosys.specs -Wl,-Map="H7_FskDecoder_CM4.map" -Wl,--gc-sections -static --specs=nano.specs -mfpu=fpv4-sp-d16 -mfloat-abi=hard -mthumb -Wl,--start-group -lc -lm -Wl,--end-group
Finished building target: H7_FskDecoder_CM4.elf
 
arm-none-eabi-size  H7_FskDecoder_CM4.elf 
arm-none-eabi-objdump -h -S H7_FskDecoder_CM4.elf  > "H7_FskDecoder_CM4.list"
   text	   data	    bss	    dec	    hex	filename
  23100	     16	  77456	 100572	  188dc	H7_FskDecoder_CM4.elf
Finished building: default.size.stdout
 
Finished building: H7_FskDecoder_CM4.list
 
17:54:30 **** Incremental Build of configuration Debug for project H7_FskDecoder_CM7 ****
make -j8 all 
arm-none-eabi-size  H7_FskDecoder_CM7.elf 
   text	   data	    bss	    dec	    hex	filename
 247096	    432	 280376	 527904	  80e20	H7_FskDecoder_CM7.elf
Finished building: default.size.stdout
 
17:54:39 **** Incremental Build of configuration Debug for project H7_FskDecoder_CM4 ****
make -j8 all 
arm-none-eabi-size  H7_FskDecoder_CM4.elf 
   text	   data	    bss	    dec	    hex	filename
  23100	     16	  77456	 100572	  188dc	H7_FskDecoder_CM4.elf
Finished building: default.size.stdout
 
17:54:46 **** Incremental Build of configuration Debug for project H7_FskDecoder_CM7 ****
make -j8 all 
arm-none-eabi-size  H7_FskDecoder_CM7.elf 
   text	   data	    bss	    dec	    hex	filename
 247096	    432	 280376	 527904	  80e20	H7_FskDecoder_CM7.elf
Finished building: default.size.stdout
 
17:55:13 **** Incremental Build of configuration Debug for project H7_FskDecoder_CM4 ****
make -j8 all 
arm-none-eabi-size  H7_FskDecoder_CM4.elf 
   text	   data	    bss	    dec	    hex	filename
  23100	     16	  77456	 100572	  188dc	H7_FskDecoder_CM4.elf
Finished building: default.size.stdout
 
18:22:21 **** Incremental Build of configuration Debug for project H7_FskDecoder_CM4 ****
make -j8 all 
arm-none-eabi-gcc "../Core/Src/fsk_decoder.c" -mcpu=cortex-m4 -std=gnu11 -g3 -DDEBUG -DCORE_CM4 -DUSE_HAL_DRIVER -DSTM32H755xx -DUSE_PWR_DIRECT_SMPS_SUPPLY -DUSE_NUCLEO_64 -c -I../Core/Inc -I../../Drivers/STM32H7xx_HAL_Driver/Inc -I../../Drivers/STM32H7xx_HAL_Driver/Inc/Legacy -I../../Drivers/BSP/STM32H7xx_Nucleo -I../../Drivers/CMSIS/Device/ST/STM32H7xx/Include -I../../Drivers/CMSIS/Include -O2 -ffunction-sections -fdata-sections -Wall -fstack-usage -fcyclomatic-complexity -MMD -MP -MF"Core/Src/fsk_decoder.d" -MT"Core/Src/fsk_decoder.o" --specs=nano.specs -mfpu=fpv4-sp-d16 -mfloat-abi=hard -mthumb -o "Core/Src/fsk_decoder.o"
arm-none-eabi-gcc "../Core/Src/main.c" -mcpu=cortex-m4 -std=gnu11 -g3 -DDEBUG -DCORE_CM4 -DUSE_HAL_DRIVER -DSTM32H755xx -DUSE_PWR_DIRECT_SMPS_SUPPLY -DUSE_NUCLEO_64 -c -I../Core/Inc -I../../Drivers/STM32H7xx_HAL_Driver/Inc -I../../Drivers/STM32H7xx_HAL_Driver/Inc/Legacy -I../../Drivers/BSP/STM32H7xx_Nucleo -I../../Drivers/CMSIS/Device/ST/STM32H7xx/Include -I../../Drivers/CMSIS/Include -Og -ffunction-sections -fdata-sections -Wall -fstack-usage -fcyclomatic-complexity -MMD -MP -MF"Core/Src/main.d" -MT"Core/Src/main.o" --specs=nano.specs -mfpu=fpv4-sp-d16 -mfloat-abi=hard -mthumb -o "Core/Src/main.o"
../Core/Src/fsk_decoder.c: In function 'uart_dump_capture':
../Core/Src/fsk_decoder.c:488:10: warning: unused variable 'line' [-Wunused-variable]
  488 |     char line[64];
      |          ^~~~
../Core/Src/fsk_decoder.c: At top level:
../Core/Src/fsk_decoder.c:588:13: warning: 'process_frame' defined but not used [-Wunused-function]
  588 | static void process_frame(void)
      |             ^~~~~~~~~~~~~
../Core/Src/main.c: In function 'main':
../Core/Src/main.c:215:3: warning: implicit declaration of function 'DWT_Init' [-Wimplicit-function-declaration]
  215 |   DWT_Init();
      |   ^~~~~~~~
../Core/Src/main.c:198:27: warning: unused variable 'packet_ready' [-Wunused-variable]
  198 |   extern volatile uint8_t packet_ready;
      |                           ^~~~~~~~~~~~
../Core/Src/main.c:195:11: warning: unused variable 'local_buf' [-Wunused-variable]
  195 |   uint8_t local_buf[CM4_API_MAX_LEN];
      |           ^~~~~~~~~
../Core/Src/main.c: At top level:
../Core/Src/main.c:434:6: warning: conflicting types for 'DWT_Init'; have 'void(void)'
  434 | void DWT_Init(void)
      |      ^~~~~~~~
../Core/Src/main.c:215:3: note: previous implicit declaration of 'DWT_Init' with type 'void(void)'
  215 |   DWT_Init();
      |   ^~~~~~~~
arm-none-eabi-gcc -o "H7_FskDecoder_CM4.elf" @"objects.list"   -mcpu=cortex-m4 -T"D:\gitrepo\Vi-Qi-FSK-Decode\H7_FskDecoder\CM4\STM32H755ZITX_FLASH.ld" --specs=nosys.specs -Wl,-Map="H7_FskDecoder_CM4.map" -Wl,--gc-sections -static --specs=nano.specs -mfpu=fpv4-sp-d16 -mfloat-abi=hard -mthumb -Wl,--start-group -lc -lm -Wl,--end-group
Finished building target: H7_FskDecoder_CM4.elf
 
arm-none-eabi-size  H7_FskDecoder_CM4.elf 
arm-none-eabi-objdump -h -S H7_FskDecoder_CM4.elf  > "H7_FskDecoder_CM4.list"
   text	   data	    bss	    dec	    hex	filename
  23532	     16	 130456	 154004	  25994	H7_FskDecoder_CM4.elf
Finished building: default.size.stdout
 
Finished building: H7_FskDecoder_CM4.list
 
18:22:29 **** Incremental Build of configuration Debug for project H7_FskDecoder_CM7 ****
make -j8 all 
arm-none-eabi-size  H7_FskDecoder_CM7.elf 
   text	   data	    bss	    dec	    hex	filename
 247096	    432	 280376	 527904	  80e20	H7_FskDecoder_CM7.elf
Finished building: default.size.stdout
 
18:22:39 **** Incremental Build of configuration Debug for project H7_FskDecoder_CM4 ****
make -j8 all 
arm-none-eabi-size  H7_FskDecoder_CM4.elf 
   text	   data	    bss	    dec	    hex	filename
  23532	     16	 130456	 154004	  25994	H7_FskDecoder_CM4.elf
Finished building: default.size.stdout
 
18:22:45 **** Incremental Build of configuration Debug for project H7_FskDecoder_CM7 ****
make -j8 all 
arm-none-eabi-size  H7_FskDecoder_CM7.elf 
   text	   data	    bss	    dec	    hex	filename
 247096	    432	 280376	 527904	  80e20	H7_FskDecoder_CM7.elf
Finished building: default.size.stdout
 
18:23:15 **** Incremental Build of configuration Debug for project H7_FskDecoder_CM4 ****
make -j8 all 
arm-none-eabi-size  H7_FskDecoder_CM4.elf 
   text	   data	    bss	    dec	    hex	filename
  23532	     16	 130456	 154004	  25994	H7_FskDecoder_CM4.elf
Finished building: default.size.stdout
 
18:34:15 **** Incremental Build of configuration Debug for project H7_FskDecoder_CM4 ****
make -j8 all 
arm-none-eabi-gcc "../Core/Src/fsk_decoder.c" -mcpu=cortex-m4 -std=gnu11 -g3 -DDEBUG -DCORE_CM4 -DUSE_HAL_DRIVER -DSTM32H755xx -DUSE_PWR_DIRECT_SMPS_SUPPLY -DUSE_NUCLEO_64 -c -I../Core/Inc -I../../Drivers/STM32H7xx_HAL_Driver/Inc -I../../Drivers/STM32H7xx_HAL_Driver/Inc/Legacy -I../../Drivers/BSP/STM32H7xx_Nucleo -I../../Drivers/CMSIS/Device/ST/STM32H7xx/Include -I../../Drivers/CMSIS/Include -O2 -ffunction-sections -fdata-sections -Wall -fstack-usage -fcyclomatic-complexity -MMD -MP -MF"Core/Src/fsk_decoder.d" -MT"Core/Src/fsk_decoder.o" --specs=nano.specs -mfpu=fpv4-sp-d16 -mfloat-abi=hard -mthumb -o "Core/Src/fsk_decoder.o"
../Core/Src/fsk_decoder.c: In function 'uart_dump_capture':
../Core/Src/fsk_decoder.c:490:10: warning: unused variable 'line' [-Wunused-variable]
  490 |     char line[64];
      |          ^~~~
../Core/Src/fsk_decoder.c: At top level:
../Core/Src/fsk_decoder.c:590:13: warning: 'process_frame' defined but not used [-Wunused-function]
  590 | static void process_frame(void)
      |             ^~~~~~~~~~~~~
arm-none-eabi-gcc -o "H7_FskDecoder_CM4.elf" @"objects.list"   -mcpu=cortex-m4 -T"D:\gitrepo\Vi-Qi-FSK-Decode\H7_FskDecoder\CM4\STM32H755ZITX_FLASH.ld" --specs=nosys.specs -Wl,-Map="H7_FskDecoder_CM4.map" -Wl,--gc-sections -static --specs=nano.specs -mfpu=fpv4-sp-d16 -mfloat-abi=hard -mthumb -Wl,--start-group -lc -lm -Wl,--end-group
Finished building target: H7_FskDecoder_CM4.elf
 
arm-none-eabi-size  H7_FskDecoder_CM4.elf 
arm-none-eabi-objdump -h -S H7_FskDecoder_CM4.elf  > "H7_FskDecoder_CM4.list"
   text	   data	    bss	    dec	    hex	filename
  23288	     16	 130456	 153760	  258a0	H7_FskDecoder_CM4.elf
Finished building: default.size.stdout
 
Finished building: H7_FskDecoder_CM4.list
 
18:34:25 **** Incremental Build of configuration Debug for project H7_FskDecoder_CM7 ****
make -j8 all 
arm-none-eabi-size  H7_FskDecoder_CM7.elf 
   text	   data	    bss	    dec	    hex	filename
 247096	    432	 280376	 527904	  80e20	H7_FskDecoder_CM7.elf
Finished building: default.size.stdout
 
18:34:41 **** Incremental Build of configuration Debug for project H7_FskDecoder_CM4 ****
make -j8 all 
arm-none-eabi-size  H7_FskDecoder_CM4.elf 
   text	   data	    bss	    dec	    hex	filename
  23288	     16	 130456	 153760	  258a0	H7_FskDecoder_CM4.elf
Finished building: default.size.stdout
 
18:34:48 **** Incremental Build of configuration Debug for project H7_FskDecoder_CM7 ****
make -j8 all 
arm-none-eabi-size  H7_FskDecoder_CM7.elf 
   text	   data	    bss	    dec	    hex	filename
 247096	    432	 280376	 527904	  80e20	H7_FskDecoder_CM7.elf
Finished building: default.size.stdout
 
18:35:10 **** Incremental Build of configuration Debug for project H7_FskDecoder_CM4 ****
make -j8 all 
arm-none-eabi-size  H7_FskDecoder_CM4.elf 
   text	   data	    bss	    dec	    hex	filename
  23288	     16	 130456	 153760	  258a0	H7_FskDecoder_CM4.elf
Finished building: default.size.stdout
 
18:53:41 **** Incremental Build of configuration Debug for project H7_FskDecoder_CM4 ****
make -j8 all 
arm-none-eabi-gcc "../Core/Src/fsk_decoder.c" -mcpu=cortex-m4 -std=gnu11 -g3 -DDEBUG -DCORE_CM4 -DUSE_HAL_DRIVER -DSTM32H755xx -DUSE_PWR_DIRECT_SMPS_SUPPLY -DUSE_NUCLEO_64 -c -I../Core/Inc -I../../Drivers/STM32H7xx_HAL_Driver/Inc -I../../Drivers/STM32H7xx_HAL_Driver/Inc/Legacy -I../../Drivers/BSP/STM32H7xx_Nucleo -I../../Drivers/CMSIS/Device/ST/STM32H7xx/Include -I../../Drivers/CMSIS/Include -O2 -ffunction-sections -fdata-sections -Wall -fstack-usage -fcyclomatic-complexity -MMD -MP -MF"Core/Src/fsk_decoder.d" -MT"Core/Src/fsk_decoder.o" --specs=nano.specs -mfpu=fpv4-sp-d16 -mfloat-abi=hard -mthumb -o "Core/Src/fsk_decoder.o"
arm-none-eabi-gcc "../Core/Src/main.c" -mcpu=cortex-m4 -std=gnu11 -g3 -DDEBUG -DCORE_CM4 -DUSE_HAL_DRIVER -DSTM32H755xx -DUSE_PWR_DIRECT_SMPS_SUPPLY -DUSE_NUCLEO_64 -c -I../Core/Inc -I../../Drivers/STM32H7xx_HAL_Driver/Inc -I../../Drivers/STM32H7xx_HAL_Driver/Inc/Legacy -I../../Drivers/BSP/STM32H7xx_Nucleo -I../../Drivers/CMSIS/Device/ST/STM32H7xx/Include -I../../Drivers/CMSIS/Include -Og -ffunction-sections -fdata-sections -Wall -fstack-usage -fcyclomatic-complexity -MMD -MP -MF"Core/Src/main.d" -MT"Core/Src/main.o" --specs=nano.specs -mfpu=fpv4-sp-d16 -mfloat-abi=hard -mthumb -o "Core/Src/main.o"
../Core/Src/fsk_decoder.c: In function 'uart_dump_capture':
../Core/Src/fsk_decoder.c:490:10: warning: unused variable 'line' [-Wunused-variable]
  490 |     char line[64];
      |          ^~~~
../Core/Src/fsk_decoder.c: At top level:
../Core/Src/fsk_decoder.c:590:13: warning: 'process_frame' defined but not used [-Wunused-function]
  590 | static void process_frame(void)
      |             ^~~~~~~~~~~~~
../Core/Src/main.c: In function 'main':
../Core/Src/main.c:215:3: warning: implicit declaration of function 'DWT_Init' [-Wimplicit-function-declaration]
  215 |   DWT_Init();
      |   ^~~~~~~~
../Core/Src/main.c:198:27: warning: unused variable 'packet_ready' [-Wunused-variable]
  198 |   extern volatile uint8_t packet_ready;
      |                           ^~~~~~~~~~~~
../Core/Src/main.c:195:11: warning: unused variable 'local_buf' [-Wunused-variable]
  195 |   uint8_t local_buf[CM4_API_MAX_LEN];
      |           ^~~~~~~~~
../Core/Src/main.c: At top level:
../Core/Src/main.c:434:6: warning: conflicting types for 'DWT_Init'; have 'void(void)'
  434 | void DWT_Init(void)
      |      ^~~~~~~~
../Core/Src/main.c:215:3: note: previous implicit declaration of 'DWT_Init' with type 'void(void)'
  215 |   DWT_Init();
      |   ^~~~~~~~
arm-none-eabi-gcc -o "H7_FskDecoder_CM4.elf" @"objects.list"   -mcpu=cortex-m4 -T"D:\gitrepo\Vi-Qi-FSK-Decode\H7_FskDecoder\CM4\STM32H755ZITX_FLASH.ld" --specs=nosys.specs -Wl,-Map="H7_FskDecoder_CM4.map" -Wl,--gc-sections -static --specs=nano.specs -mfpu=fpv4-sp-d16 -mfloat-abi=hard -mthumb -Wl,--start-group -lc -lm -Wl,--end-group
C:/ST/STM32CubeIDE_1.19.0/STM32CubeIDE/plugins/com.st.stm32cube.ide.mcu.externaltools.gnu-tools-for-stm32.13.3.rel1.win32_1.0.0.202411081344/tools/bin/../lib/gcc/arm-none-eabi/13.3.1/../../../../arm-none-eabi/bin/ld.exe: H7_FskDecoder_CM4.elf section `.bss' will not fit in region `RAM_CM4'
C:/ST/STM32CubeIDE_1.19.0/STM32CubeIDE/plugins/com.st.stm32cube.ide.mcu.externaltools.gnu-tools-for-stm32.13.3.rel1.win32_1.0.0.202411081344/tools/bin/../lib/gcc/arm-none-eabi/13.3.1/../../../../arm-none-eabi/bin/ld.exe: region `RAM_CM4' overflowed by 134008 bytes
collect2.exe: error: ld returned 1 exit status
make: *** [makefile:66: H7_FskDecoder_CM4.elf] Error 1
"make -j8 all" terminated with exit code 2. Build might be incomplete.
18:53:48 **** Incremental Build of configuration Debug for project H7_FskDecoder_CM7 ****
make -j8 all 
arm-none-eabi-size  H7_FskDecoder_CM7.elf 
   text	   data	    bss	    dec	    hex	filename
 247096	    432	 280376	 527904	  80e20	H7_FskDecoder_CM7.elf
Finished building: default.size.stdout
 
18:58:53 **** Incremental Build of configuration Debug for project H7_FskDecoder_CM4 ****
make -j8 all 
arm-none-eabi-gcc "../Core/Src/fsk_decoder.c" -mcpu=cortex-m4 -std=gnu11 -g3 -DDEBUG -DCORE_CM4 -DUSE_HAL_DRIVER -DSTM32H755xx -DUSE_PWR_DIRECT_SMPS_SUPPLY -DUSE_NUCLEO_64 -c -I../Core/Inc -I../../Drivers/STM32H7xx_HAL_Driver/Inc -I../../Drivers/STM32H7xx_HAL_Driver/Inc/Legacy -I../../Drivers/BSP/STM32H7xx_Nucleo -I../../Drivers/CMSIS/Device/ST/STM32H7xx/Include -I../../Drivers/CMSIS/Include -O2 -ffunction-sections -fdata-sections -Wall -fstack-usage -fcyclomatic-complexity -MMD -MP -MF"Core/Src/fsk_decoder.d" -MT"Core/Src/fsk_decoder.o" --specs=nano.specs -mfpu=fpv4-sp-d16 -mfloat-abi=hard -mthumb -o "Core/Src/fsk_decoder.o"
arm-none-eabi-gcc "../Core/Src/main.c" -mcpu=cortex-m4 -std=gnu11 -g3 -DDEBUG -DCORE_CM4 -DUSE_HAL_DRIVER -DSTM32H755xx -DUSE_PWR_DIRECT_SMPS_SUPPLY -DUSE_NUCLEO_64 -c -I../Core/Inc -I../../Drivers/STM32H7xx_HAL_Driver/Inc -I../../Drivers/STM32H7xx_HAL_Driver/Inc/Legacy -I../../Drivers/BSP/STM32H7xx_Nucleo -I../../Drivers/CMSIS/Device/ST/STM32H7xx/Include -I../../Drivers/CMSIS/Include -Og -ffunction-sections -fdata-sections -Wall -fstack-usage -fcyclomatic-complexity -MMD -MP -MF"Core/Src/main.d" -MT"Core/Src/main.o" --specs=nano.specs -mfpu=fpv4-sp-d16 -mfloat-abi=hard -mthumb -o "Core/Src/main.o"
../Core/Src/fsk_decoder.c: In function 'uart_dump_capture':
../Core/Src/fsk_decoder.c:490:10: warning: unused variable 'line' [-Wunused-variable]
  490 |     char line[64];
      |          ^~~~
../Core/Src/fsk_decoder.c: At top level:
../Core/Src/fsk_decoder.c:590:13: warning: 'process_frame' defined but not used [-Wunused-function]
  590 | static void process_frame(void)
      |             ^~~~~~~~~~~~~
../Core/Src/main.c: In function 'main':
../Core/Src/main.c:215:3: warning: implicit declaration of function 'DWT_Init' [-Wimplicit-function-declaration]
  215 |   DWT_Init();
      |   ^~~~~~~~
../Core/Src/main.c:198:27: warning: unused variable 'packet_ready' [-Wunused-variable]
  198 |   extern volatile uint8_t packet_ready;
      |                           ^~~~~~~~~~~~
../Core/Src/main.c:195:11: warning: unused variable 'local_buf' [-Wunused-variable]
  195 |   uint8_t local_buf[CM4_API_MAX_LEN];
      |           ^~~~~~~~~
../Core/Src/main.c: At top level:
../Core/Src/main.c:434:6: warning: conflicting types for 'DWT_Init'; have 'void(void)'
  434 | void DWT_Init(void)
      |      ^~~~~~~~
../Core/Src/main.c:215:3: note: previous implicit declaration of 'DWT_Init' with type 'void(void)'
  215 |   DWT_Init();
      |   ^~~~~~~~
arm-none-eabi-gcc -o "H7_FskDecoder_CM4.elf" @"objects.list"   -mcpu=cortex-m4 -T"D:\gitrepo\Vi-Qi-FSK-Decode\H7_FskDecoder\CM4\STM32H755ZITX_FLASH.ld" --specs=nosys.specs -Wl,-Map="H7_FskDecoder_CM4.map" -Wl,--gc-sections -static --specs=nano.specs -mfpu=fpv4-sp-d16 -mfloat-abi=hard -mthumb -Wl,--start-group -lc -lm -Wl,--end-group
Finished building target: H7_FskDecoder_CM4.elf
 
arm-none-eabi-size  H7_FskDecoder_CM4.elf 
arm-none-eabi-objdump -h -S H7_FskDecoder_CM4.elf  > "H7_FskDecoder_CM4.list"
   text	   data	    bss	    dec	    hex	filename
  23288	     16	 130456	 153760	  258a0	H7_FskDecoder_CM4.elf
Finished building: default.size.stdout
 
Finished building: H7_FskDecoder_CM4.list
 
18:59:04 **** Incremental Build of configuration Debug for project H7_FskDecoder_CM7 ****
make -j8 all 
arm-none-eabi-size  H7_FskDecoder_CM7.elf 
   text	   data	    bss	    dec	    hex	filename
 247096	    432	 280376	 527904	  80e20	H7_FskDecoder_CM7.elf
Finished building: default.size.stdout
 
