19:44:48 **** Build of configuration Debug for project H7_FskDecoder_CM4 ****
make -j8 all 
arm-none-eabi-gcc "D:/gitrepo/Vi-Qi-FSK-Decode/H7_FskDecoder/Drivers/STM32H7xx_HAL_Driver/Src/stm32h7xx_hal.c" -mcpu=cortex-m4 -std=gnu11 -g3 -DDEBUG -DCORE_CM4 -DUSE_HAL_DRIVER -DSTM32H755xx -DUSE_PWR_DIRECT_SMPS_SUPPLY -DUSE_NUCLEO_64 -c -I../Core/Inc -I../../Drivers/STM32H7xx_HAL_Driver/Inc -I../../Drivers/STM32H7xx_HAL_Driver/Inc/Legacy -I../../Drivers/BSP/STM32H7xx_Nucleo -I../../Drivers/CMSIS/Device/ST/STM32H7xx/Include -I../../Drivers/CMSIS/Include -Og -ffunction-sections -fdata-sections -Wall -fstack-usage -fcyclomatic-complexity -MMD -MP -MF"Drivers/STM32H7xx_HAL_Driver/stm32h7xx_hal.d" -MT"Drivers/STM32H7xx_HAL_Driver/stm32h7xx_hal.o" --specs=nano.specs -mfpu=fpv4-sp-d16 -mfloat-abi=hard -mthumb -o "Drivers/STM32H7xx_HAL_Driver/stm32h7xx_hal.o"
arm-none-eabi-gcc "D:/gitrepo/Vi-Qi-FSK-Decode/H7_FskDecoder/Drivers/STM32H7xx_HAL_Driver/Src/stm32h7xx_hal_cortex.c" -mcpu=cortex-m4 -std=gnu11 -g3 -DDEBUG -DCORE_CM4 -DUSE_HAL_DRIVER -DSTM32H755xx -DUSE_PWR_DIRECT_SMPS_SUPPLY -DUSE_NUCLEO_64 -c -I../Core/Inc -I../../Drivers/STM32H7xx_HAL_Driver/Inc -I../../Drivers/STM32H7xx_HAL_Driver/Inc/Legacy -I../../Drivers/BSP/STM32H7xx_Nucleo -I../../Drivers/CMSIS/Device/ST/STM32H7xx/Include -I../../Drivers/CMSIS/Include -Og -ffunction-sections -fdata-sections -Wall -fstack-usage -fcyclomatic-complexity -MMD -MP -MF"Drivers/STM32H7xx_HAL_Driver/stm32h7xx_hal_cortex.d" -MT"Drivers/STM32H7xx_HAL_Driver/stm32h7xx_hal_cortex.o" --specs=nano.specs -mfpu=fpv4-sp-d16 -mfloat-abi=hard -mthumb -o "Drivers/STM32H7xx_HAL_Driver/stm32h7xx_hal_cortex.o"
arm-none-eabi-gcc "D:/gitrepo/Vi-Qi-FSK-Decode/H7_FskDecoder/Drivers/STM32H7xx_HAL_Driver/Src/stm32h7xx_hal_dma.c" -mcpu=cortex-m4 -std=gnu11 -g3 -DDEBUG -DCORE_CM4 -DUSE_HAL_DRIVER -DSTM32H755xx -DUSE_PWR_DIRECT_SMPS_SUPPLY -DUSE_NUCLEO_64 -c -I../Core/Inc -I../../Drivers/STM32H7xx_HAL_Driver/Inc -I../../Drivers/STM32H7xx_HAL_Driver/Inc/Legacy -I../../Drivers/BSP/STM32H7xx_Nucleo -I../../Drivers/CMSIS/Device/ST/STM32H7xx/Include -I../../Drivers/CMSIS/Include -Og -ffunction-sections -fdata-sections -Wall -fstack-usage -fcyclomatic-complexity -MMD -MP -MF"Drivers/STM32H7xx_HAL_Driver/stm32h7xx_hal_dma.d" -MT"Drivers/STM32H7xx_HAL_Driver/stm32h7xx_hal_dma.o" --specs=nano.specs -mfpu=fpv4-sp-d16 -mfloat-abi=hard -mthumb -o "Drivers/STM32H7xx_HAL_Driver/stm32h7xx_hal_dma.o"
arm-none-eabi-gcc "D:/gitrepo/Vi-Qi-FSK-Decode/H7_FskDecoder/Drivers/STM32H7xx_HAL_Driver/Src/stm32h7xx_hal_dma_ex.c" -mcpu=cortex-m4 -std=gnu11 -g3 -DDEBUG -DCORE_CM4 -DUSE_HAL_DRIVER -DSTM32H755xx -DUSE_PWR_DIRECT_SMPS_SUPPLY -DUSE_NUCLEO_64 -c -I../Core/Inc -I../../Drivers/STM32H7xx_HAL_Driver/Inc -I../../Drivers/STM32H7xx_HAL_Driver/Inc/Legacy -I../../Drivers/BSP/STM32H7xx_Nucleo -I../../Drivers/CMSIS/Device/ST/STM32H7xx/Include -I../../Drivers/CMSIS/Include -Og -ffunction-sections -fdata-sections -Wall -fstack-usage -fcyclomatic-complexity -MMD -MP -MF"Drivers/STM32H7xx_HAL_Driver/stm32h7xx_hal_dma_ex.d" -MT"Drivers/STM32H7xx_HAL_Driver/stm32h7xx_hal_dma_ex.o" --specs=nano.specs -mfpu=fpv4-sp-d16 -mfloat-abi=hard -mthumb -o "Drivers/STM32H7xx_HAL_Driver/stm32h7xx_hal_dma_ex.o"
arm-none-eabi-gcc "D:/gitrepo/Vi-Qi-FSK-Decode/H7_FskDecoder/Drivers/STM32H7xx_HAL_Driver/Src/stm32h7xx_hal_eth.c" -mcpu=cortex-m4 -std=gnu11 -g3 -DDEBUG -DCORE_CM4 -DUSE_HAL_DRIVER -DSTM32H755xx -DUSE_PWR_DIRECT_SMPS_SUPPLY -DUSE_NUCLEO_64 -c -I../Core/Inc -I../../Drivers/STM32H7xx_HAL_Driver/Inc -I../../Drivers/STM32H7xx_HAL_Driver/Inc/Legacy -I../../Drivers/BSP/STM32H7xx_Nucleo -I../../Drivers/CMSIS/Device/ST/STM32H7xx/Include -I../../Drivers/CMSIS/Include -Og -ffunction-sections -fdata-sections -Wall -fstack-usage -fcyclomatic-complexity -MMD -MP -MF"Drivers/STM32H7xx_HAL_Driver/stm32h7xx_hal_eth.d" -MT"Drivers/STM32H7xx_HAL_Driver/stm32h7xx_hal_eth.o" --specs=nano.specs -mfpu=fpv4-sp-d16 -mfloat-abi=hard -mthumb -o "Drivers/STM32H7xx_HAL_Driver/stm32h7xx_hal_eth.o"
arm-none-eabi-gcc "D:/gitrepo/Vi-Qi-FSK-Decode/H7_FskDecoder/Drivers/STM32H7xx_HAL_Driver/Src/stm32h7xx_hal_eth_ex.c" -mcpu=cortex-m4 -std=gnu11 -g3 -DDEBUG -DCORE_CM4 -DUSE_HAL_DRIVER -DSTM32H755xx -DUSE_PWR_DIRECT_SMPS_SUPPLY -DUSE_NUCLEO_64 -c -I../Core/Inc -I../../Drivers/STM32H7xx_HAL_Driver/Inc -I../../Drivers/STM32H7xx_HAL_Driver/Inc/Legacy -I../../Drivers/BSP/STM32H7xx_Nucleo -I../../Drivers/CMSIS/Device/ST/STM32H7xx/Include -I../../Drivers/CMSIS/Include -Og -ffunction-sections -fdata-sections -Wall -fstack-usage -fcyclomatic-complexity -MMD -MP -MF"Drivers/STM32H7xx_HAL_Driver/stm32h7xx_hal_eth_ex.d" -MT"Drivers/STM32H7xx_HAL_Driver/stm32h7xx_hal_eth_ex.o" --specs=nano.specs -mfpu=fpv4-sp-d16 -mfloat-abi=hard -mthumb -o "Drivers/STM32H7xx_HAL_Driver/stm32h7xx_hal_eth_ex.o"
arm-none-eabi-gcc "D:/gitrepo/Vi-Qi-FSK-Decode/H7_FskDecoder/Drivers/STM32H7xx_HAL_Driver/Src/stm32h7xx_hal_exti.c" -mcpu=cortex-m4 -std=gnu11 -g3 -DDEBUG -DCORE_CM4 -DUSE_HAL_DRIVER -DSTM32H755xx -DUSE_PWR_DIRECT_SMPS_SUPPLY -DUSE_NUCLEO_64 -c -I../Core/Inc -I../../Drivers/STM32H7xx_HAL_Driver/Inc -I../../Drivers/STM32H7xx_HAL_Driver/Inc/Legacy -I../../Drivers/BSP/STM32H7xx_Nucleo -I../../Drivers/CMSIS/Device/ST/STM32H7xx/Include -I../../Drivers/CMSIS/Include -Og -ffunction-sections -fdata-sections -Wall -fstack-usage -fcyclomatic-complexity -MMD -MP -MF"Drivers/STM32H7xx_HAL_Driver/stm32h7xx_hal_exti.d" -MT"Drivers/STM32H7xx_HAL_Driver/stm32h7xx_hal_exti.o" --specs=nano.specs -mfpu=fpv4-sp-d16 -mfloat-abi=hard -mthumb -o "Drivers/STM32H7xx_HAL_Driver/stm32h7xx_hal_exti.o"
arm-none-eabi-gcc "D:/gitrepo/Vi-Qi-FSK-Decode/H7_FskDecoder/Drivers/STM32H7xx_HAL_Driver/Src/stm32h7xx_hal_flash.c" -mcpu=cortex-m4 -std=gnu11 -g3 -DDEBUG -DCORE_CM4 -DUSE_HAL_DRIVER -DSTM32H755xx -DUSE_PWR_DIRECT_SMPS_SUPPLY -DUSE_NUCLEO_64 -c -I../Core/Inc -I../../Drivers/STM32H7xx_HAL_Driver/Inc -I../../Drivers/STM32H7xx_HAL_Driver/Inc/Legacy -I../../Drivers/BSP/STM32H7xx_Nucleo -I../../Drivers/CMSIS/Device/ST/STM32H7xx/Include -I../../Drivers/CMSIS/Include -Og -ffunction-sections -fdata-sections -Wall -fstack-usage -fcyclomatic-complexity -MMD -MP -MF"Drivers/STM32H7xx_HAL_Driver/stm32h7xx_hal_flash.d" -MT"Drivers/STM32H7xx_HAL_Driver/stm32h7xx_hal_flash.o" --specs=nano.specs -mfpu=fpv4-sp-d16 -mfloat-abi=hard -mthumb -o "Drivers/STM32H7xx_HAL_Driver/stm32h7xx_hal_flash.o"
arm-none-eabi-gcc "D:/gitrepo/Vi-Qi-FSK-Decode/H7_FskDecoder/Drivers/STM32H7xx_HAL_Driver/Src/stm32h7xx_hal_flash_ex.c" -mcpu=cortex-m4 -std=gnu11 -g3 -DDEBUG -DCORE_CM4 -DUSE_HAL_DRIVER -DSTM32H755xx -DUSE_PWR_DIRECT_SMPS_SUPPLY -DUSE_NUCLEO_64 -c -I../Core/Inc -I../../Drivers/STM32H7xx_HAL_Driver/Inc -I../../Drivers/STM32H7xx_HAL_Driver/Inc/Legacy -I../../Drivers/BSP/STM32H7xx_Nucleo -I../../Drivers/CMSIS/Device/ST/STM32H7xx/Include -I../../Drivers/CMSIS/Include -Og -ffunction-sections -fdata-sections -Wall -fstack-usage -fcyclomatic-complexity -MMD -MP -MF"Drivers/STM32H7xx_HAL_Driver/stm32h7xx_hal_flash_ex.d" -MT"Drivers/STM32H7xx_HAL_Driver/stm32h7xx_hal_flash_ex.o" --specs=nano.specs -mfpu=fpv4-sp-d16 -mfloat-abi=hard -mthumb -o "Drivers/STM32H7xx_HAL_Driver/stm32h7xx_hal_flash_ex.o"
arm-none-eabi-gcc "D:/gitrepo/Vi-Qi-FSK-Decode/H7_FskDecoder/Drivers/STM32H7xx_HAL_Driver/Src/stm32h7xx_hal_gpio.c" -mcpu=cortex-m4 -std=gnu11 -g3 -DDEBUG -DCORE_CM4 -DUSE_HAL_DRIVER -DSTM32H755xx -DUSE_PWR_DIRECT_SMPS_SUPPLY -DUSE_NUCLEO_64 -c -I../Core/Inc -I../../Drivers/STM32H7xx_HAL_Driver/Inc -I../../Drivers/STM32H7xx_HAL_Driver/Inc/Legacy -I../../Drivers/BSP/STM32H7xx_Nucleo -I../../Drivers/CMSIS/Device/ST/STM32H7xx/Include -I../../Drivers/CMSIS/Include -Og -ffunction-sections -fdata-sections -Wall -fstack-usage -fcyclomatic-complexity -MMD -MP -MF"Drivers/STM32H7xx_HAL_Driver/stm32h7xx_hal_gpio.d" -MT"Drivers/STM32H7xx_HAL_Driver/stm32h7xx_hal_gpio.o" --specs=nano.specs -mfpu=fpv4-sp-d16 -mfloat-abi=hard -mthumb -o "Drivers/STM32H7xx_HAL_Driver/stm32h7xx_hal_gpio.o"
arm-none-eabi-gcc "D:/gitrepo/Vi-Qi-FSK-Decode/H7_FskDecoder/Drivers/STM32H7xx_HAL_Driver/Src/stm32h7xx_hal_hrtim.c" -mcpu=cortex-m4 -std=gnu11 -g3 -DDEBUG -DCORE_CM4 -DUSE_HAL_DRIVER -DSTM32H755xx -DUSE_PWR_DIRECT_SMPS_SUPPLY -DUSE_NUCLEO_64 -c -I../Core/Inc -I../../Drivers/STM32H7xx_HAL_Driver/Inc -I../../Drivers/STM32H7xx_HAL_Driver/Inc/Legacy -I../../Drivers/BSP/STM32H7xx_Nucleo -I../../Drivers/CMSIS/Device/ST/STM32H7xx/Include -I../../Drivers/CMSIS/Include -Og -ffunction-sections -fdata-sections -Wall -fstack-usage -fcyclomatic-complexity -MMD -MP -MF"Drivers/STM32H7xx_HAL_Driver/stm32h7xx_hal_hrtim.d" -MT"Drivers/STM32H7xx_HAL_Driver/stm32h7xx_hal_hrtim.o" --specs=nano.specs -mfpu=fpv4-sp-d16 -mfloat-abi=hard -mthumb -o "Drivers/STM32H7xx_HAL_Driver/stm32h7xx_hal_hrtim.o"
arm-none-eabi-gcc "D:/gitrepo/Vi-Qi-FSK-Decode/H7_FskDecoder/Drivers/STM32H7xx_HAL_Driver/Src/stm32h7xx_hal_hsem.c" -mcpu=cortex-m4 -std=gnu11 -g3 -DDEBUG -DCORE_CM4 -DUSE_HAL_DRIVER -DSTM32H755xx -DUSE_PWR_DIRECT_SMPS_SUPPLY -DUSE_NUCLEO_64 -c -I../Core/Inc -I../../Drivers/STM32H7xx_HAL_Driver/Inc -I../../Drivers/STM32H7xx_HAL_Driver/Inc/Legacy -I../../Drivers/BSP/STM32H7xx_Nucleo -I../../Drivers/CMSIS/Device/ST/STM32H7xx/Include -I../../Drivers/CMSIS/Include -Og -ffunction-sections -fdata-sections -Wall -fstack-usage -fcyclomatic-complexity -MMD -MP -MF"Drivers/STM32H7xx_HAL_Driver/stm32h7xx_hal_hsem.d" -MT"Drivers/STM32H7xx_HAL_Driver/stm32h7xx_hal_hsem.o" --specs=nano.specs -mfpu=fpv4-sp-d16 -mfloat-abi=hard -mthumb -o "Drivers/STM32H7xx_HAL_Driver/stm32h7xx_hal_hsem.o"
arm-none-eabi-gcc "D:/gitrepo/Vi-Qi-FSK-Decode/H7_FskDecoder/Drivers/STM32H7xx_HAL_Driver/Src/stm32h7xx_hal_i2c.c" -mcpu=cortex-m4 -std=gnu11 -g3 -DDEBUG -DCORE_CM4 -DUSE_HAL_DRIVER -DSTM32H755xx -DUSE_PWR_DIRECT_SMPS_SUPPLY -DUSE_NUCLEO_64 -c -I../Core/Inc -I../../Drivers/STM32H7xx_HAL_Driver/Inc -I../../Drivers/STM32H7xx_HAL_Driver/Inc/Legacy -I../../Drivers/BSP/STM32H7xx_Nucleo -I../../Drivers/CMSIS/Device/ST/STM32H7xx/Include -I../../Drivers/CMSIS/Include -Og -ffunction-sections -fdata-sections -Wall -fstack-usage -fcyclomatic-complexity -MMD -MP -MF"Drivers/STM32H7xx_HAL_Driver/stm32h7xx_hal_i2c.d" -MT"Drivers/STM32H7xx_HAL_Driver/stm32h7xx_hal_i2c.o" --specs=nano.specs -mfpu=fpv4-sp-d16 -mfloat-abi=hard -mthumb -o "Drivers/STM32H7xx_HAL_Driver/stm32h7xx_hal_i2c.o"
arm-none-eabi-gcc "D:/gitrepo/Vi-Qi-FSK-Decode/H7_FskDecoder/Drivers/STM32H7xx_HAL_Driver/Src/stm32h7xx_hal_i2c_ex.c" -mcpu=cortex-m4 -std=gnu11 -g3 -DDEBUG -DCORE_CM4 -DUSE_HAL_DRIVER -DSTM32H755xx -DUSE_PWR_DIRECT_SMPS_SUPPLY -DUSE_NUCLEO_64 -c -I../Core/Inc -I../../Drivers/STM32H7xx_HAL_Driver/Inc -I../../Drivers/STM32H7xx_HAL_Driver/Inc/Legacy -I../../Drivers/BSP/STM32H7xx_Nucleo -I../../Drivers/CMSIS/Device/ST/STM32H7xx/Include -I../../Drivers/CMSIS/Include -Og -ffunction-sections -fdata-sections -Wall -fstack-usage -fcyclomatic-complexity -MMD -MP -MF"Drivers/STM32H7xx_HAL_Driver/stm32h7xx_hal_i2c_ex.d" -MT"Drivers/STM32H7xx_HAL_Driver/stm32h7xx_hal_i2c_ex.o" --specs=nano.specs -mfpu=fpv4-sp-d16 -mfloat-abi=hard -mthumb -o "Drivers/STM32H7xx_HAL_Driver/stm32h7xx_hal_i2c_ex.o"
arm-none-eabi-gcc "D:/gitrepo/Vi-Qi-FSK-Decode/H7_FskDecoder/Drivers/STM32H7xx_HAL_Driver/Src/stm32h7xx_hal_mdma.c" -mcpu=cortex-m4 -std=gnu11 -g3 -DDEBUG -DCORE_CM4 -DUSE_HAL_DRIVER -DSTM32H755xx -DUSE_PWR_DIRECT_SMPS_SUPPLY -DUSE_NUCLEO_64 -c -I../Core/Inc -I../../Drivers/STM32H7xx_HAL_Driver/Inc -I../../Drivers/STM32H7xx_HAL_Driver/Inc/Legacy -I../../Drivers/BSP/STM32H7xx_Nucleo -I../../Drivers/CMSIS/Device/ST/STM32H7xx/Include -I../../Drivers/CMSIS/Include -Og -ffunction-sections -fdata-sections -Wall -fstack-usage -fcyclomatic-complexity -MMD -MP -MF"Drivers/STM32H7xx_HAL_Driver/stm32h7xx_hal_mdma.d" -MT"Drivers/STM32H7xx_HAL_Driver/stm32h7xx_hal_mdma.o" --specs=nano.specs -mfpu=fpv4-sp-d16 -mfloat-abi=hard -mthumb -o "Drivers/STM32H7xx_HAL_Driver/stm32h7xx_hal_mdma.o"
arm-none-eabi-gcc "D:/gitrepo/Vi-Qi-FSK-Decode/H7_FskDecoder/Drivers/STM32H7xx_HAL_Driver/Src/stm32h7xx_hal_pwr.c" -mcpu=cortex-m4 -std=gnu11 -g3 -DDEBUG -DCORE_CM4 -DUSE_HAL_DRIVER -DSTM32H755xx -DUSE_PWR_DIRECT_SMPS_SUPPLY -DUSE_NUCLEO_64 -c -I../Core/Inc -I../../Drivers/STM32H7xx_HAL_Driver/Inc -I../../Drivers/STM32H7xx_HAL_Driver/Inc/Legacy -I../../Drivers/BSP/STM32H7xx_Nucleo -I../../Drivers/CMSIS/Device/ST/STM32H7xx/Include -I../../Drivers/CMSIS/Include -Og -ffunction-sections -fdata-sections -Wall -fstack-usage -fcyclomatic-complexity -MMD -MP -MF"Drivers/STM32H7xx_HAL_Driver/stm32h7xx_hal_pwr.d" -MT"Drivers/STM32H7xx_HAL_Driver/stm32h7xx_hal_pwr.o" --specs=nano.specs -mfpu=fpv4-sp-d16 -mfloat-abi=hard -mthumb -o "Drivers/STM32H7xx_HAL_Driver/stm32h7xx_hal_pwr.o"
arm-none-eabi-gcc "D:/gitrepo/Vi-Qi-FSK-Decode/H7_FskDecoder/Drivers/STM32H7xx_HAL_Driver/Src/stm32h7xx_hal_pwr_ex.c" -mcpu=cortex-m4 -std=gnu11 -g3 -DDEBUG -DCORE_CM4 -DUSE_HAL_DRIVER -DSTM32H755xx -DUSE_PWR_DIRECT_SMPS_SUPPLY -DUSE_NUCLEO_64 -c -I../Core/Inc -I../../Drivers/STM32H7xx_HAL_Driver/Inc -I../../Drivers/STM32H7xx_HAL_Driver/Inc/Legacy -I../../Drivers/BSP/STM32H7xx_Nucleo -I../../Drivers/CMSIS/Device/ST/STM32H7xx/Include -I../../Drivers/CMSIS/Include -Og -ffunction-sections -fdata-sections -Wall -fstack-usage -fcyclomatic-complexity -MMD -MP -MF"Drivers/STM32H7xx_HAL_Driver/stm32h7xx_hal_pwr_ex.d" -MT"Drivers/STM32H7xx_HAL_Driver/stm32h7xx_hal_pwr_ex.o" --specs=nano.specs -mfpu=fpv4-sp-d16 -mfloat-abi=hard -mthumb -o "Drivers/STM32H7xx_HAL_Driver/stm32h7xx_hal_pwr_ex.o"
arm-none-eabi-gcc "D:/gitrepo/Vi-Qi-FSK-Decode/H7_FskDecoder/Drivers/STM32H7xx_HAL_Driver/Src/stm32h7xx_hal_rcc.c" -mcpu=cortex-m4 -std=gnu11 -g3 -DDEBUG -DCORE_CM4 -DUSE_HAL_DRIVER -DSTM32H755xx -DUSE_PWR_DIRECT_SMPS_SUPPLY -DUSE_NUCLEO_64 -c -I../Core/Inc -I../../Drivers/STM32H7xx_HAL_Driver/Inc -I../../Drivers/STM32H7xx_HAL_Driver/Inc/Legacy -I../../Drivers/BSP/STM32H7xx_Nucleo -I../../Drivers/CMSIS/Device/ST/STM32H7xx/Include -I../../Drivers/CMSIS/Include -Og -ffunction-sections -fdata-sections -Wall -fstack-usage -fcyclomatic-complexity -MMD -MP -MF"Drivers/STM32H7xx_HAL_Driver/stm32h7xx_hal_rcc.d" -MT"Drivers/STM32H7xx_HAL_Driver/stm32h7xx_hal_rcc.o" --specs=nano.specs -mfpu=fpv4-sp-d16 -mfloat-abi=hard -mthumb -o "Drivers/STM32H7xx_HAL_Driver/stm32h7xx_hal_rcc.o"
arm-none-eabi-gcc "D:/gitrepo/Vi-Qi-FSK-Decode/H7_FskDecoder/Drivers/STM32H7xx_HAL_Driver/Src/stm32h7xx_hal_rcc_ex.c" -mcpu=cortex-m4 -std=gnu11 -g3 -DDEBUG -DCORE_CM4 -DUSE_HAL_DRIVER -DSTM32H755xx -DUSE_PWR_DIRECT_SMPS_SUPPLY -DUSE_NUCLEO_64 -c -I../Core/Inc -I../../Drivers/STM32H7xx_HAL_Driver/Inc -I../../Drivers/STM32H7xx_HAL_Driver/Inc/Legacy -I../../Drivers/BSP/STM32H7xx_Nucleo -I../../Drivers/CMSIS/Device/ST/STM32H7xx/Include -I../../Drivers/CMSIS/Include -Og -ffunction-sections -fdata-sections -Wall -fstack-usage -fcyclomatic-complexity -MMD -MP -MF"Drivers/STM32H7xx_HAL_Driver/stm32h7xx_hal_rcc_ex.d" -MT"Drivers/STM32H7xx_HAL_Driver/stm32h7xx_hal_rcc_ex.o" --specs=nano.specs -mfpu=fpv4-sp-d16 -mfloat-abi=hard -mthumb -o "Drivers/STM32H7xx_HAL_Driver/stm32h7xx_hal_rcc_ex.o"
arm-none-eabi-gcc "D:/gitrepo/Vi-Qi-FSK-Decode/H7_FskDecoder/Drivers/STM32H7xx_HAL_Driver/Src/stm32h7xx_hal_spi.c" -mcpu=cortex-m4 -std=gnu11 -g3 -DDEBUG -DCORE_CM4 -DUSE_HAL_DRIVER -DSTM32H755xx -DUSE_PWR_DIRECT_SMPS_SUPPLY -DUSE_NUCLEO_64 -c -I../Core/Inc -I../../Drivers/STM32H7xx_HAL_Driver/Inc -I../../Drivers/STM32H7xx_HAL_Driver/Inc/Legacy -I../../Drivers/BSP/STM32H7xx_Nucleo -I../../Drivers/CMSIS/Device/ST/STM32H7xx/Include -I../../Drivers/CMSIS/Include -Og -ffunction-sections -fdata-sections -Wall -fstack-usage -fcyclomatic-complexity -MMD -MP -MF"Drivers/STM32H7xx_HAL_Driver/stm32h7xx_hal_spi.d" -MT"Drivers/STM32H7xx_HAL_Driver/stm32h7xx_hal_spi.o" --specs=nano.specs -mfpu=fpv4-sp-d16 -mfloat-abi=hard -mthumb -o "Drivers/STM32H7xx_HAL_Driver/stm32h7xx_hal_spi.o"
arm-none-eabi-gcc "D:/gitrepo/Vi-Qi-FSK-Decode/H7_FskDecoder/Drivers/STM32H7xx_HAL_Driver/Src/stm32h7xx_hal_spi_ex.c" -mcpu=cortex-m4 -std=gnu11 -g3 -DDEBUG -DCORE_CM4 -DUSE_HAL_DRIVER -DSTM32H755xx -DUSE_PWR_DIRECT_SMPS_SUPPLY -DUSE_NUCLEO_64 -c -I../Core/Inc -I../../Drivers/STM32H7xx_HAL_Driver/Inc -I../../Drivers/STM32H7xx_HAL_Driver/Inc/Legacy -I../../Drivers/BSP/STM32H7xx_Nucleo -I../../Drivers/CMSIS/Device/ST/STM32H7xx/Include -I../../Drivers/CMSIS/Include -Og -ffunction-sections -fdata-sections -Wall -fstack-usage -fcyclomatic-complexity -MMD -MP -MF"Drivers/STM32H7xx_HAL_Driver/stm32h7xx_hal_spi_ex.d" -MT"Drivers/STM32H7xx_HAL_Driver/stm32h7xx_hal_spi_ex.o" --specs=nano.specs -mfpu=fpv4-sp-d16 -mfloat-abi=hard -mthumb -o "Drivers/STM32H7xx_HAL_Driver/stm32h7xx_hal_spi_ex.o"
arm-none-eabi-gcc "D:/gitrepo/Vi-Qi-FSK-Decode/H7_FskDecoder/Drivers/STM32H7xx_HAL_Driver/Src/stm32h7xx_hal_tim.c" -mcpu=cortex-m4 -std=gnu11 -g3 -DDEBUG -DCORE_CM4 -DUSE_HAL_DRIVER -DSTM32H755xx -DUSE_PWR_DIRECT_SMPS_SUPPLY -DUSE_NUCLEO_64 -c -I../Core/Inc -I../../Drivers/STM32H7xx_HAL_Driver/Inc -I../../Drivers/STM32H7xx_HAL_Driver/Inc/Legacy -I../../Drivers/BSP/STM32H7xx_Nucleo -I../../Drivers/CMSIS/Device/ST/STM32H7xx/Include -I../../Drivers/CMSIS/Include -Og -ffunction-sections -fdata-sections -Wall -fstack-usage -fcyclomatic-complexity -MMD -MP -MF"Drivers/STM32H7xx_HAL_Driver/stm32h7xx_hal_tim.d" -MT"Drivers/STM32H7xx_HAL_Driver/stm32h7xx_hal_tim.o" --specs=nano.specs -mfpu=fpv4-sp-d16 -mfloat-abi=hard -mthumb -o "Drivers/STM32H7xx_HAL_Driver/stm32h7xx_hal_tim.o"
arm-none-eabi-gcc "D:/gitrepo/Vi-Qi-FSK-Decode/H7_FskDecoder/Drivers/STM32H7xx_HAL_Driver/Src/stm32h7xx_hal_tim_ex.c" -mcpu=cortex-m4 -std=gnu11 -g3 -DDEBUG -DCORE_CM4 -DUSE_HAL_DRIVER -DSTM32H755xx -DUSE_PWR_DIRECT_SMPS_SUPPLY -DUSE_NUCLEO_64 -c -I../Core/Inc -I../../Drivers/STM32H7xx_HAL_Driver/Inc -I../../Drivers/STM32H7xx_HAL_Driver/Inc/Legacy -I../../Drivers/BSP/STM32H7xx_Nucleo -I../../Drivers/CMSIS/Device/ST/STM32H7xx/Include -I../../Drivers/CMSIS/Include -Og -ffunction-sections -fdata-sections -Wall -fstack-usage -fcyclomatic-complexity -MMD -MP -MF"Drivers/STM32H7xx_HAL_Driver/stm32h7xx_hal_tim_ex.d" -MT"Drivers/STM32H7xx_HAL_Driver/stm32h7xx_hal_tim_ex.o" --specs=nano.specs -mfpu=fpv4-sp-d16 -mfloat-abi=hard -mthumb -o "Drivers/STM32H7xx_HAL_Driver/stm32h7xx_hal_tim_ex.o"
arm-none-eabi-gcc "D:/gitrepo/Vi-Qi-FSK-Decode/H7_FskDecoder/Drivers/STM32H7xx_HAL_Driver/Src/stm32h7xx_hal_uart.c" -mcpu=cortex-m4 -std=gnu11 -g3 -DDEBUG -DCORE_CM4 -DUSE_HAL_DRIVER -DSTM32H755xx -DUSE_PWR_DIRECT_SMPS_SUPPLY -DUSE_NUCLEO_64 -c -I../Core/Inc -I../../Drivers/STM32H7xx_HAL_Driver/Inc -I../../Drivers/STM32H7xx_HAL_Driver/Inc/Legacy -I../../Drivers/BSP/STM32H7xx_Nucleo -I../../Drivers/CMSIS/Device/ST/STM32H7xx/Include -I../../Drivers/CMSIS/Include -Og -ffunction-sections -fdata-sections -Wall -fstack-usage -fcyclomatic-complexity -MMD -MP -MF"Drivers/STM32H7xx_HAL_Driver/stm32h7xx_hal_uart.d" -MT"Drivers/STM32H7xx_HAL_Driver/stm32h7xx_hal_uart.o" --specs=nano.specs -mfpu=fpv4-sp-d16 -mfloat-abi=hard -mthumb -o "Drivers/STM32H7xx_HAL_Driver/stm32h7xx_hal_uart.o"
arm-none-eabi-gcc "D:/gitrepo/Vi-Qi-FSK-Decode/H7_FskDecoder/Drivers/STM32H7xx_HAL_Driver/Src/stm32h7xx_hal_uart_ex.c" -mcpu=cortex-m4 -std=gnu11 -g3 -DDEBUG -DCORE_CM4 -DUSE_HAL_DRIVER -DSTM32H755xx -DUSE_PWR_DIRECT_SMPS_SUPPLY -DUSE_NUCLEO_64 -c -I../Core/Inc -I../../Drivers/STM32H7xx_HAL_Driver/Inc -I../../Drivers/STM32H7xx_HAL_Driver/Inc/Legacy -I../../Drivers/BSP/STM32H7xx_Nucleo -I../../Drivers/CMSIS/Device/ST/STM32H7xx/Include -I../../Drivers/CMSIS/Include -Og -ffunction-sections -fdata-sections -Wall -fstack-usage -fcyclomatic-complexity -MMD -MP -MF"Drivers/STM32H7xx_HAL_Driver/stm32h7xx_hal_uart_ex.d" -MT"Drivers/STM32H7xx_HAL_Driver/stm32h7xx_hal_uart_ex.o" --specs=nano.specs -mfpu=fpv4-sp-d16 -mfloat-abi=hard -mthumb -o "Drivers/STM32H7xx_HAL_Driver/stm32h7xx_hal_uart_ex.o"
arm-none-eabi-gcc "D:/gitrepo/Vi-Qi-FSK-Decode/H7_FskDecoder/Drivers/STM32H7xx_HAL_Driver/Src/stm32h7xx_hal_usart.c" -mcpu=cortex-m4 -std=gnu11 -g3 -DDEBUG -DCORE_CM4 -DUSE_HAL_DRIVER -DSTM32H755xx -DUSE_PWR_DIRECT_SMPS_SUPPLY -DUSE_NUCLEO_64 -c -I../Core/Inc -I../../Drivers/STM32H7xx_HAL_Driver/Inc -I../../Drivers/STM32H7xx_HAL_Driver/Inc/Legacy -I../../Drivers/BSP/STM32H7xx_Nucleo -I../../Drivers/CMSIS/Device/ST/STM32H7xx/Include -I../../Drivers/CMSIS/Include -Og -ffunction-sections -fdata-sections -Wall -fstack-usage -fcyclomatic-complexity -MMD -MP -MF"Drivers/STM32H7xx_HAL_Driver/stm32h7xx_hal_usart.d" -MT"Drivers/STM32H7xx_HAL_Driver/stm32h7xx_hal_usart.o" --specs=nano.specs -mfpu=fpv4-sp-d16 -mfloat-abi=hard -mthumb -o "Drivers/STM32H7xx_HAL_Driver/stm32h7xx_hal_usart.o"
arm-none-eabi-gcc "D:/gitrepo/Vi-Qi-FSK-Decode/H7_FskDecoder/Drivers/STM32H7xx_HAL_Driver/Src/stm32h7xx_hal_usart_ex.c" -mcpu=cortex-m4 -std=gnu11 -g3 -DDEBUG -DCORE_CM4 -DUSE_HAL_DRIVER -DSTM32H755xx -DUSE_PWR_DIRECT_SMPS_SUPPLY -DUSE_NUCLEO_64 -c -I../Core/Inc -I../../Drivers/STM32H7xx_HAL_Driver/Inc -I../../Drivers/STM32H7xx_HAL_Driver/Inc/Legacy -I../../Drivers/BSP/STM32H7xx_Nucleo -I../../Drivers/CMSIS/Device/ST/STM32H7xx/Include -I../../Drivers/CMSIS/Include -Og -ffunction-sections -fdata-sections -Wall -fstack-usage -fcyclomatic-complexity -MMD -MP -MF"Drivers/STM32H7xx_HAL_Driver/stm32h7xx_hal_usart_ex.d" -MT"Drivers/STM32H7xx_HAL_Driver/stm32h7xx_hal_usart_ex.o" --specs=nano.specs -mfpu=fpv4-sp-d16 -mfloat-abi=hard -mthumb -o "Drivers/STM32H7xx_HAL_Driver/stm32h7xx_hal_usart_ex.o"
arm-none-eabi-gcc "D:/gitrepo/Vi-Qi-FSK-Decode/H7_FskDecoder/Drivers/BSP/STM32H7xx_Nucleo/stm32h7xx_nucleo.c" -mcpu=cortex-m4 -std=gnu11 -g3 -DDEBUG -DCORE_CM4 -DUSE_HAL_DRIVER -DSTM32H755xx -DUSE_PWR_DIRECT_SMPS_SUPPLY -DUSE_NUCLEO_64 -c -I../Core/Inc -I../../Drivers/STM32H7xx_HAL_Driver/Inc -I../../Drivers/STM32H7xx_HAL_Driver/Inc/Legacy -I../../Drivers/BSP/STM32H7xx_Nucleo -I../../Drivers/CMSIS/Device/ST/STM32H7xx/Include -I../../Drivers/CMSIS/Include -Og -ffunction-sections -fdata-sections -Wall -fstack-usage -fcyclomatic-complexity -MMD -MP -MF"Drivers/BSP/STM32H7xx_Nucleo/stm32h7xx_nucleo.d" -MT"Drivers/BSP/STM32H7xx_Nucleo/stm32h7xx_nucleo.o" --specs=nano.specs -mfpu=fpv4-sp-d16 -mfloat-abi=hard -mthumb -o "Drivers/BSP/STM32H7xx_Nucleo/stm32h7xx_nucleo.o"
arm-none-eabi-gcc -mcpu=cortex-m4 -g3 -DDEBUG -c -x assembler-with-cpp -MMD -MP -MF"Core/Startup/startup_stm32h755zitx.d" -MT"Core/Startup/startup_stm32h755zitx.o" --specs=nano.specs -mfpu=fpv4-sp-d16 -mfloat-abi=hard -mthumb -o "Core/Startup/startup_stm32h755zitx.o" "../Core/Startup/startup_stm32h755zitx.s"
arm-none-eabi-gcc "../Core/Src/cm4_grl_app.c" -mcpu=cortex-m4 -std=gnu11 -g3 -DDEBUG -DCORE_CM4 -DUSE_HAL_DRIVER -DSTM32H755xx -DUSE_PWR_DIRECT_SMPS_SUPPLY -DUSE_NUCLEO_64 -c -I../Core/Inc -I../../Drivers/STM32H7xx_HAL_Driver/Inc -I../../Drivers/STM32H7xx_HAL_Driver/Inc/Legacy -I../../Drivers/BSP/STM32H7xx_Nucleo -I../../Drivers/CMSIS/Device/ST/STM32H7xx/Include -I../../Drivers/CMSIS/Include -Og -ffunction-sections -fdata-sections -Wall -fstack-usage -fcyclomatic-complexity -MMD -MP -MF"Core/Src/cm4_grl_app.d" -MT"Core/Src/cm4_grl_app.o" --specs=nano.specs -mfpu=fpv4-sp-d16 -mfloat-abi=hard -mthumb -o "Core/Src/cm4_grl_app.o"
arm-none-eabi-gcc "../Core/Src/dma.c" -mcpu=cortex-m4 -std=gnu11 -g3 -DDEBUG -DCORE_CM4 -DUSE_HAL_DRIVER -DSTM32H755xx -DUSE_PWR_DIRECT_SMPS_SUPPLY -DUSE_NUCLEO_64 -c -I../Core/Inc -I../../Drivers/STM32H7xx_HAL_Driver/Inc -I../../Drivers/STM32H7xx_HAL_Driver/Inc/Legacy -I../../Drivers/BSP/STM32H7xx_Nucleo -I../../Drivers/CMSIS/Device/ST/STM32H7xx/Include -I../../Drivers/CMSIS/Include -Og -ffunction-sections -fdata-sections -Wall -fstack-usage -fcyclomatic-complexity -MMD -MP -MF"Core/Src/dma.d" -MT"Core/Src/dma.o" --specs=nano.specs -mfpu=fpv4-sp-d16 -mfloat-abi=hard -mthumb -o "Core/Src/dma.o"
arm-none-eabi-gcc "../Core/Src/eth.c" -mcpu=cortex-m4 -std=gnu11 -g3 -DDEBUG -DCORE_CM4 -DUSE_HAL_DRIVER -DSTM32H755xx -DUSE_PWR_DIRECT_SMPS_SUPPLY -DUSE_NUCLEO_64 -c -I../Core/Inc -I../../Drivers/STM32H7xx_HAL_Driver/Inc -I../../Drivers/STM32H7xx_HAL_Driver/Inc/Legacy -I../../Drivers/BSP/STM32H7xx_Nucleo -I../../Drivers/CMSIS/Device/ST/STM32H7xx/Include -I../../Drivers/CMSIS/Include -Og -ffunction-sections -fdata-sections -Wall -fstack-usage -fcyclomatic-complexity -MMD -MP -MF"Core/Src/eth.d" -MT"Core/Src/eth.o" --specs=nano.specs -mfpu=fpv4-sp-d16 -mfloat-abi=hard -mthumb -o "Core/Src/eth.o"
arm-none-eabi-gcc "../Core/Src/fsk_decoder.c" -mcpu=cortex-m4 -std=gnu11 -g3 -DDEBUG -DCORE_CM4 -DUSE_HAL_DRIVER -DSTM32H755xx -DUSE_PWR_DIRECT_SMPS_SUPPLY -DUSE_NUCLEO_64 -c -I../Core/Inc -I../../Drivers/STM32H7xx_HAL_Driver/Inc -I../../Drivers/STM32H7xx_HAL_Driver/Inc/Legacy -I../../Drivers/BSP/STM32H7xx_Nucleo -I../../Drivers/CMSIS/Device/ST/STM32H7xx/Include -I../../Drivers/CMSIS/Include -Og -ffunction-sections -fdata-sections -Wall -fstack-usage -fcyclomatic-complexity -MMD -MP -MF"Core/Src/fsk_decoder.d" -MT"Core/Src/fsk_decoder.o" --specs=nano.specs -mfpu=fpv4-sp-d16 -mfloat-abi=hard -mthumb -o "Core/Src/fsk_decoder.o"
arm-none-eabi-gcc "../Core/Src/fsk_online_stream.c" -mcpu=cortex-m4 -std=gnu11 -g3 -DDEBUG -DCORE_CM4 -DUSE_HAL_DRIVER -DSTM32H755xx -DUSE_PWR_DIRECT_SMPS_SUPPLY -DUSE_NUCLEO_64 -c -I../Core/Inc -I../../Drivers/STM32H7xx_HAL_Driver/Inc -I../../Drivers/STM32H7xx_HAL_Driver/Inc/Legacy -I../../Drivers/BSP/STM32H7xx_Nucleo -I../../Drivers/CMSIS/Device/ST/STM32H7xx/Include -I../../Drivers/CMSIS/Include -Og -ffunction-sections -fdata-sections -Wall -fstack-usage -fcyclomatic-complexity -MMD -MP -MF"Core/Src/fsk_online_stream.d" -MT"Core/Src/fsk_online_stream.o" --specs=nano.specs -mfpu=fpv4-sp-d16 -mfloat-abi=hard -mthumb -o "Core/Src/fsk_online_stream.o"
arm-none-eabi-gcc "../Core/Src/fsk_stream_test.c" -mcpu=cortex-m4 -std=gnu11 -g3 -DDEBUG -DCORE_CM4 -DUSE_HAL_DRIVER -DSTM32H755xx -DUSE_PWR_DIRECT_SMPS_SUPPLY -DUSE_NUCLEO_64 -c -I../Core/Inc -I../../Drivers/STM32H7xx_HAL_Driver/Inc -I../../Drivers/STM32H7xx_HAL_Driver/Inc/Legacy -I../../Drivers/BSP/STM32H7xx_Nucleo -I../../Drivers/CMSIS/Device/ST/STM32H7xx/Include -I../../Drivers/CMSIS/Include -Og -ffunction-sections -fdata-sections -Wall -fstack-usage -fcyclomatic-complexity -MMD -MP -MF"Core/Src/fsk_stream_test.d" -MT"Core/Src/fsk_stream_test.o" --specs=nano.specs -mfpu=fpv4-sp-d16 -mfloat-abi=hard -mthumb -o "Core/Src/fsk_stream_test.o"
arm-none-eabi-gcc "../Core/Src/gpio.c" -mcpu=cortex-m4 -std=gnu11 -g3 -DDEBUG -DCORE_CM4 -DUSE_HAL_DRIVER -DSTM32H755xx -DUSE_PWR_DIRECT_SMPS_SUPPLY -DUSE_NUCLEO_64 -c -I../Core/Inc -I../../Drivers/STM32H7xx_HAL_Driver/Inc -I../../Drivers/STM32H7xx_HAL_Driver/Inc/Legacy -I../../Drivers/BSP/STM32H7xx_Nucleo -I../../Drivers/CMSIS/Device/ST/STM32H7xx/Include -I../../Drivers/CMSIS/Include -Og -ffunction-sections -fdata-sections -Wall -fstack-usage -fcyclomatic-complexity -MMD -MP -MF"Core/Src/gpio.d" -MT"Core/Src/gpio.o" --specs=nano.specs -mfpu=fpv4-sp-d16 -mfloat-abi=hard -mthumb -o "Core/Src/gpio.o"
../Core/Src/cm4_grl_app.c: In function 'fw_version_fetch':
../Core/Src/cm4_grl_app.c:40:18: warning: unused variable 'l' [-Wunused-variable]
   40 |         uint16_t l = API_LENGTH_DECODE(aRxBuffer);
      |                  ^
arm-none-eabi-gcc "../Core/Src/hrtim.c" -mcpu=cortex-m4 -std=gnu11 -g3 -DDEBUG -DCORE_CM4 -DUSE_HAL_DRIVER -DSTM32H755xx -DUSE_PWR_DIRECT_SMPS_SUPPLY -DUSE_NUCLEO_64 -c -I../Core/Inc -I../../Drivers/STM32H7xx_HAL_Driver/Inc -I../../Drivers/STM32H7xx_HAL_Driver/Inc/Legacy -I../../Drivers/BSP/STM32H7xx_Nucleo -I../../Drivers/CMSIS/Device/ST/STM32H7xx/Include -I../../Drivers/CMSIS/Include -Og -ffunction-sections -fdata-sections -Wall -fstack-usage -fcyclomatic-complexity -MMD -MP -MF"Core/Src/hrtim.d" -MT"Core/Src/hrtim.o" --specs=nano.specs -mfpu=fpv4-sp-d16 -mfloat-abi=hard -mthumb -o "Core/Src/hrtim.o"
arm-none-eabi-gcc "../Core/Src/ipc_shared.c" -mcpu=cortex-m4 -std=gnu11 -g3 -DDEBUG -DCORE_CM4 -DUSE_HAL_DRIVER -DSTM32H755xx -DUSE_PWR_DIRECT_SMPS_SUPPLY -DUSE_NUCLEO_64 -c -I../Core/Inc -I../../Drivers/STM32H7xx_HAL_Driver/Inc -I../../Drivers/STM32H7xx_HAL_Driver/Inc/Legacy -I../../Drivers/BSP/STM32H7xx_Nucleo -I../../Drivers/CMSIS/Device/ST/STM32H7xx/Include -I../../Drivers/CMSIS/Include -Og -ffunction-sections -fdata-sections -Wall -fstack-usage -fcyclomatic-complexity -MMD -MP -MF"Core/Src/ipc_shared.d" -MT"Core/Src/ipc_shared.o" --specs=nano.specs -mfpu=fpv4-sp-d16 -mfloat-abi=hard -mthumb -o "Core/Src/ipc_shared.o"
In file included from ../Core/Inc/fsk_decoder.h:13,
                 from ../Core/Src/fsk_decoder.c:9:
../Core/Src/fsk_decoder.c: In function 'classify_symbol':
../Core/Inc/fsk_config.h:117:25: warning: 'bit1_target' may be used uninitialized [-Wmaybe-uninitialized]
  117 |     (((val) > ((target) - ((target) * TOL_PERCENT / 100))) && \
      |               ~~~~~~~~~~^~~~~~~~~~~~~~~~~~~~~~~~~~~~~~~~~
../Core/Src/fsk_decoder.c:824:9: note: in expansion of macro 'WITHIN'
  824 |     if (WITHIN(count, bit1_target))
      |         ^~~~~~
../Core/Src/fsk_decoder.c:810:14: note: 'bit1_target' was declared here
  810 |     uint16_t bit1_target;
      |              ^~~~~~~~~~~
../Core/Inc/fsk_config.h:117:25: warning: 'bit0_target' may be used uninitialized [-Wmaybe-uninitialized]
  117 |     (((val) > ((target) - ((target) * TOL_PERCENT / 100))) && \
      |               ~~~~~~~~~~^~~~~~~~~~~~~~~~~~~~~~~~~~~~~~~~~
../Core/Src/fsk_decoder.c:829:9: note: in expansion of macro 'WITHIN'
  829 |     if (WITHIN(count, bit0_target))
      |         ^~~~~~
../Core/Src/fsk_decoder.c:811:14: note: 'bit0_target' was declared here
  811 |     uint16_t bit0_target;
      |              ^~~~~~~~~~~
arm-none-eabi-gcc "../Core/Src/ipc_stream_shared.c" -mcpu=cortex-m4 -std=gnu11 -g3 -DDEBUG -DCORE_CM4 -DUSE_HAL_DRIVER -DSTM32H755xx -DUSE_PWR_DIRECT_SMPS_SUPPLY -DUSE_NUCLEO_64 -c -I../Core/Inc -I../../Drivers/STM32H7xx_HAL_Driver/Inc -I../../Drivers/STM32H7xx_HAL_Driver/Inc/Legacy -I../../Drivers/BSP/STM32H7xx_Nucleo -I../../Drivers/CMSIS/Device/ST/STM32H7xx/Include -I../../Drivers/CMSIS/Include -Og -ffunction-sections -fdata-sections -Wall -fstack-usage -fcyclomatic-complexity -MMD -MP -MF"Core/Src/ipc_stream_shared.d" -MT"Core/Src/ipc_stream_shared.o" --specs=nano.specs -mfpu=fpv4-sp-d16 -mfloat-abi=hard -mthumb -o "Core/Src/ipc_stream_shared.o"
arm-none-eabi-gcc "../Core/Src/main.c" -mcpu=cortex-m4 -std=gnu11 -g3 -DDEBUG -DCORE_CM4 -DUSE_HAL_DRIVER -DSTM32H755xx -DUSE_PWR_DIRECT_SMPS_SUPPLY -DUSE_NUCLEO_64 -c -I../Core/Inc -I../../Drivers/STM32H7xx_HAL_Driver/Inc -I../../Drivers/STM32H7xx_HAL_Driver/Inc/Legacy -I../../Drivers/BSP/STM32H7xx_Nucleo -I../../Drivers/CMSIS/Device/ST/STM32H7xx/Include -I../../Drivers/CMSIS/Include -Og -ffunction-sections -fdata-sections -Wall -fstack-usage -fcyclomatic-complexity -MMD -MP -MF"Core/Src/main.d" -MT"Core/Src/main.o" --specs=nano.specs -mfpu=fpv4-sp-d16 -mfloat-abi=hard -mthumb -o "Core/Src/main.o"
arm-none-eabi-gcc "../Core/Src/qi.c" -mcpu=cortex-m4 -std=gnu11 -g3 -DDEBUG -DCORE_CM4 -DUSE_HAL_DRIVER -DSTM32H755xx -DUSE_PWR_DIRECT_SMPS_SUPPLY -DUSE_NUCLEO_64 -c -I../Core/Inc -I../../Drivers/STM32H7xx_HAL_Driver/Inc -I../../Drivers/STM32H7xx_HAL_Driver/Inc/Legacy -I../../Drivers/BSP/STM32H7xx_Nucleo -I../../Drivers/CMSIS/Device/ST/STM32H7xx/Include -I../../Drivers/CMSIS/Include -Og -ffunction-sections -fdata-sections -Wall -fstack-usage -fcyclomatic-complexity -MMD -MP -MF"Core/Src/qi.d" -MT"Core/Src/qi.o" --specs=nano.specs -mfpu=fpv4-sp-d16 -mfloat-abi=hard -mthumb -o "Core/Src/qi.o"
arm-none-eabi-gcc "../Core/Src/spi.c" -mcpu=cortex-m4 -std=gnu11 -g3 -DDEBUG -DCORE_CM4 -DUSE_HAL_DRIVER -DSTM32H755xx -DUSE_PWR_DIRECT_SMPS_SUPPLY -DUSE_NUCLEO_64 -c -I../Core/Inc -I../../Drivers/STM32H7xx_HAL_Driver/Inc -I../../Drivers/STM32H7xx_HAL_Driver/Inc/Legacy -I../../Drivers/BSP/STM32H7xx_Nucleo -I../../Drivers/CMSIS/Device/ST/STM32H7xx/Include -I../../Drivers/CMSIS/Include -Og -ffunction-sections -fdata-sections -Wall -fstack-usage -fcyclomatic-complexity -MMD -MP -MF"Core/Src/spi.d" -MT"Core/Src/spi.o" --specs=nano.specs -mfpu=fpv4-sp-d16 -mfloat-abi=hard -mthumb -o "Core/Src/spi.o"
arm-none-eabi-gcc "../Core/Src/stm32h7xx_hal_msp.c" -mcpu=cortex-m4 -std=gnu11 -g3 -DDEBUG -DCORE_CM4 -DUSE_HAL_DRIVER -DSTM32H755xx -DUSE_PWR_DIRECT_SMPS_SUPPLY -DUSE_NUCLEO_64 -c -I../Core/Inc -I../../Drivers/STM32H7xx_HAL_Driver/Inc -I../../Drivers/STM32H7xx_HAL_Driver/Inc/Legacy -I../../Drivers/BSP/STM32H7xx_Nucleo -I../../Drivers/CMSIS/Device/ST/STM32H7xx/Include -I../../Drivers/CMSIS/Include -Og -ffunction-sections -fdata-sections -Wall -fstack-usage -fcyclomatic-complexity -MMD -MP -MF"Core/Src/stm32h7xx_hal_msp.d" -MT"Core/Src/stm32h7xx_hal_msp.o" --specs=nano.specs -mfpu=fpv4-sp-d16 -mfloat-abi=hard -mthumb -o "Core/Src/stm32h7xx_hal_msp.o"
arm-none-eabi-gcc "../Core/Src/stm32h7xx_it.c" -mcpu=cortex-m4 -std=gnu11 -g3 -DDEBUG -DCORE_CM4 -DUSE_HAL_DRIVER -DSTM32H755xx -DUSE_PWR_DIRECT_SMPS_SUPPLY -DUSE_NUCLEO_64 -c -I../Core/Inc -I../../Drivers/STM32H7xx_HAL_Driver/Inc -I../../Drivers/STM32H7xx_HAL_Driver/Inc/Legacy -I../../Drivers/BSP/STM32H7xx_Nucleo -I../../Drivers/CMSIS/Device/ST/STM32H7xx/Include -I../../Drivers/CMSIS/Include -Og -ffunction-sections -fdata-sections -Wall -fstack-usage -fcyclomatic-complexity -MMD -MP -MF"Core/Src/stm32h7xx_it.d" -MT"Core/Src/stm32h7xx_it.o" --specs=nano.specs -mfpu=fpv4-sp-d16 -mfloat-abi=hard -mthumb -o "Core/Src/stm32h7xx_it.o"
../Core/Src/main.c: In function 'main':
../Core/Src/main.c:215:3: warning: implicit declaration of function 'DWT_Init' [-Wimplicit-function-declaration]
  215 |   DWT_Init();
      |   ^~~~~~~~
../Core/Src/main.c:199:27: warning: unused variable 'packet_ready' [-Wunused-variable]
  199 |   extern volatile uint8_t packet_ready;
      |                           ^~~~~~~~~~~~
../Core/Src/main.c:196:11: warning: unused variable 'local_buf' [-Wunused-variable]
  196 |   uint8_t local_buf[CM4_API_MAX_LEN];
      |           ^~~~~~~~~
../Core/Src/main.c: At top level:
../Core/Src/main.c:466:6: warning: conflicting types for 'DWT_Init'; have 'void(void)'
  466 | void DWT_Init(void)
      |      ^~~~~~~~
../Core/Src/main.c:215:3: note: previous implicit declaration of 'DWT_Init' with type 'void(void)'
  215 |   DWT_Init();
      |   ^~~~~~~~
arm-none-eabi-gcc "../Core/Src/syscalls.c" -mcpu=cortex-m4 -std=gnu11 -g3 -DDEBUG -DCORE_CM4 -DUSE_HAL_DRIVER -DSTM32H755xx -DUSE_PWR_DIRECT_SMPS_SUPPLY -DUSE_NUCLEO_64 -c -I../Core/Inc -I../../Drivers/STM32H7xx_HAL_Driver/Inc -I../../Drivers/STM32H7xx_HAL_Driver/Inc/Legacy -I../../Drivers/BSP/STM32H7xx_Nucleo -I../../Drivers/CMSIS/Device/ST/STM32H7xx/Include -I../../Drivers/CMSIS/Include -Og -ffunction-sections -fdata-sections -Wall -fstack-usage -fcyclomatic-complexity -MMD -MP -MF"Core/Src/syscalls.d" -MT"Core/Src/syscalls.o" --specs=nano.specs -mfpu=fpv4-sp-d16 -mfloat-abi=hard -mthumb -o "Core/Src/syscalls.o"
arm-none-eabi-gcc "../Core/Src/sysmem.c" -mcpu=cortex-m4 -std=gnu11 -g3 -DDEBUG -DCORE_CM4 -DUSE_HAL_DRIVER -DSTM32H755xx -DUSE_PWR_DIRECT_SMPS_SUPPLY -DUSE_NUCLEO_64 -c -I../Core/Inc -I../../Drivers/STM32H7xx_HAL_Driver/Inc -I../../Drivers/STM32H7xx_HAL_Driver/Inc/Legacy -I../../Drivers/BSP/STM32H7xx_Nucleo -I../../Drivers/CMSIS/Device/ST/STM32H7xx/Include -I../../Drivers/CMSIS/Include -Og -ffunction-sections -fdata-sections -Wall -fstack-usage -fcyclomatic-complexity -MMD -MP -MF"Core/Src/sysmem.d" -MT"Core/Src/sysmem.o" --specs=nano.specs -mfpu=fpv4-sp-d16 -mfloat-abi=hard -mthumb -o "Core/Src/sysmem.o"
arm-none-eabi-gcc "../Core/Src/tim.c" -mcpu=cortex-m4 -std=gnu11 -g3 -DDEBUG -DCORE_CM4 -DUSE_HAL_DRIVER -DSTM32H755xx -DUSE_PWR_DIRECT_SMPS_SUPPLY -DUSE_NUCLEO_64 -c -I../Core/Inc -I../../Drivers/STM32H7xx_HAL_Driver/Inc -I../../Drivers/STM32H7xx_HAL_Driver/Inc/Legacy -I../../Drivers/BSP/STM32H7xx_Nucleo -I../../Drivers/CMSIS/Device/ST/STM32H7xx/Include -I../../Drivers/CMSIS/Include -Og -ffunction-sections -fdata-sections -Wall -fstack-usage -fcyclomatic-complexity -MMD -MP -MF"Core/Src/tim.d" -MT"Core/Src/tim.o" --specs=nano.specs -mfpu=fpv4-sp-d16 -mfloat-abi=hard -mthumb -o "Core/Src/tim.o"
arm-none-eabi-gcc "D:/gitrepo/Vi-Qi-FSK-Decode/H7_FskDecoder/Common/Src/system_stm32h7xx_dualcore_boot_cm4_cm7.c" -mcpu=cortex-m4 -std=gnu11 -g3 -DDEBUG -DCORE_CM4 -DUSE_HAL_DRIVER -DSTM32H755xx -DUSE_PWR_DIRECT_SMPS_SUPPLY -DUSE_NUCLEO_64 -c -I../Core/Inc -I../../Drivers/STM32H7xx_HAL_Driver/Inc -I../../Drivers/STM32H7xx_HAL_Driver/Inc/Legacy -I../../Drivers/BSP/STM32H7xx_Nucleo -I../../Drivers/CMSIS/Device/ST/STM32H7xx/Include -I../../Drivers/CMSIS/Include -Og -ffunction-sections -fdata-sections -Wall -fstack-usage -fcyclomatic-complexity -MMD -MP -MF"Common/Src/system_stm32h7xx_dualcore_boot_cm4_cm7.d" -MT"Common/Src/system_stm32h7xx_dualcore_boot_cm4_cm7.o" --specs=nano.specs -mfpu=fpv4-sp-d16 -mfloat-abi=hard -mthumb -o "Common/Src/system_stm32h7xx_dualcore_boot_cm4_cm7.o"
arm-none-eabi-gcc -o "H7_FskDecoder_CM4.elf" @"objects.list"   -mcpu=cortex-m4 -T"D:\gitrepo\Vi-Qi-FSK-Decode\H7_FskDecoder\CM4\STM32H755ZITX_FLASH.ld" --specs=nosys.specs -Wl,-Map="H7_FskDecoder_CM4.map" -Wl,--gc-sections -static --specs=nano.specs -mfpu=fpv4-sp-d16 -mfloat-abi=hard -mthumb -Wl,--start-group -lc -lm -Wl,--end-group
Finished building target: H7_FskDecoder_CM4.elf
 
arm-none-eabi-size  H7_FskDecoder_CM4.elf 
arm-none-eabi-objdump -h -S H7_FskDecoder_CM4.elf  > "H7_FskDecoder_CM4.list"
   text	   data	    bss	    dec	    hex	filename
  24048	     16	  77464	 101528	  18c98	H7_FskDecoder_CM4.elf
Finished building: default.size.stdout
 
Finished building: H7_FskDecoder_CM4.list
 
19:46:04 **** Incremental Build of configuration Debug for project H7_FskDecoder_CM4 ****
make -j8 all 
arm-none-eabi-size  H7_FskDecoder_CM4.elf 
   text	   data	    bss	    dec	    hex	filename
  24048	     16	  77464	 101528	  18c98	H7_FskDecoder_CM4.elf
Finished building: default.size.stdout
 
19:46:10 **** Incremental Build of configuration Debug for project H7_FskDecoder_CM7 ****
make -j8 all 
arm-none-eabi-size  H7_FskDecoder_CM7.elf 
   text	   data	    bss	    dec	    hex	filename
 247096	    432	 280376	 527904	  80e20	H7_FskDecoder_CM7.elf
Finished building: default.size.stdout
 
19:47:04 **** Incremental Build of configuration Debug for project H7_FskDecoder_CM4 ****
make -j8 all 
arm-none-eabi-size  H7_FskDecoder_CM4.elf 
   text	   data	    bss	    dec	    hex	filename
  24048	     16	  77464	 101528	  18c98	H7_FskDecoder_CM4.elf
Finished building: default.size.stdout
 
19:47:09 **** Incremental Build of configuration Debug for project H7_FskDecoder_CM7 ****
make -j8 all 
arm-none-eabi-size  H7_FskDecoder_CM7.elf 
   text	   data	    bss	    dec	    hex	filename
 247096	    432	 280376	 527904	  80e20	H7_FskDecoder_CM7.elf
Finished building: default.size.stdout
 
19:47:35 **** Incremental Build of configuration Debug for project H7_FskDecoder_CM4 ****
make -j8 all 
arm-none-eabi-size  H7_FskDecoder_CM4.elf 
   text	   data	    bss	    dec	    hex	filename
  24048	     16	  77464	 101528	  18c98	H7_FskDecoder_CM4.elf
Finished building: default.size.stdout
 
20:04:22 **** Incremental Build of configuration Debug for project H7_FskDecoder_CM4 ****
make -j8 all 
arm-none-eabi-gcc "../Core/Src/fsk_decoder.c" -mcpu=cortex-m4 -std=gnu11 -g3 -DDEBUG -DCORE_CM4 -DUSE_HAL_DRIVER -DSTM32H755xx -DUSE_PWR_DIRECT_SMPS_SUPPLY -DUSE_NUCLEO_64 -c -I../Core/Inc -I../../Drivers/STM32H7xx_HAL_Driver/Inc -I../../Drivers/STM32H7xx_HAL_Driver/Inc/Legacy -I../../Drivers/BSP/STM32H7xx_Nucleo -I../../Drivers/CMSIS/Device/ST/STM32H7xx/Include -I../../Drivers/CMSIS/Include -Og -ffunction-sections -fdata-sections -Wall -fstack-usage -fcyclomatic-complexity -MMD -MP -MF"Core/Src/fsk_decoder.d" -MT"Core/Src/fsk_decoder.o" --specs=nano.specs -mfpu=fpv4-sp-d16 -mfloat-abi=hard -mthumb -o "Core/Src/fsk_decoder.o"
arm-none-eabi-gcc "../Core/Src/fsk_online_stream.c" -mcpu=cortex-m4 -std=gnu11 -g3 -DDEBUG -DCORE_CM4 -DUSE_HAL_DRIVER -DSTM32H755xx -DUSE_PWR_DIRECT_SMPS_SUPPLY -DUSE_NUCLEO_64 -c -I../Core/Inc -I../../Drivers/STM32H7xx_HAL_Driver/Inc -I../../Drivers/STM32H7xx_HAL_Driver/Inc/Legacy -I../../Drivers/BSP/STM32H7xx_Nucleo -I../../Drivers/CMSIS/Device/ST/STM32H7xx/Include -I../../Drivers/CMSIS/Include -Og -ffunction-sections -fdata-sections -Wall -fstack-usage -fcyclomatic-complexity -MMD -MP -MF"Core/Src/fsk_online_stream.d" -MT"Core/Src/fsk_online_stream.o" --specs=nano.specs -mfpu=fpv4-sp-d16 -mfloat-abi=hard -mthumb -o "Core/Src/fsk_online_stream.o"
arm-none-eabi-gcc "../Core/Src/main.c" -mcpu=cortex-m4 -std=gnu11 -g3 -DDEBUG -DCORE_CM4 -DUSE_HAL_DRIVER -DSTM32H755xx -DUSE_PWR_DIRECT_SMPS_SUPPLY -DUSE_NUCLEO_64 -c -I../Core/Inc -I../../Drivers/STM32H7xx_HAL_Driver/Inc -I../../Drivers/STM32H7xx_HAL_Driver/Inc/Legacy -I../../Drivers/BSP/STM32H7xx_Nucleo -I../../Drivers/CMSIS/Device/ST/STM32H7xx/Include -I../../Drivers/CMSIS/Include -Og -ffunction-sections -fdata-sections -Wall -fstack-usage -fcyclomatic-complexity -MMD -MP -MF"Core/Src/main.d" -MT"Core/Src/main.o" --specs=nano.specs -mfpu=fpv4-sp-d16 -mfloat-abi=hard -mthumb -o "Core/Src/main.o"
../Core/Src/fsk_decoder.c: In function 'process_block':
../Core/Src/fsk_decoder.c:190:17: warning: variable 'valid_transition' set but not used [-Wunused-but-set-variable]
  190 |         uint8_t valid_transition = 0U;
      |                 ^~~~~~~~~~~~~~~~
../Core/Src/fsk_decoder.c:182:17: warning: variable 'toggled' set but not used [-Wunused-but-set-variable]
  182 |         uint8_t toggled = 0U;
      |                 ^~~~~~~
../Core/Src/main.c: In function 'main':
../Core/Src/main.c:215:3: warning: implicit declaration of function 'DWT_Init' [-Wimplicit-function-declaration]
  215 |   DWT_Init();
      |   ^~~~~~~~
../Core/Src/main.c:199:27: warning: unused variable 'packet_ready' [-Wunused-variable]
  199 |   extern volatile uint8_t packet_ready;
      |                           ^~~~~~~~~~~~
../Core/Src/main.c:196:11: warning: unused variable 'local_buf' [-Wunused-variable]
  196 |   uint8_t local_buf[CM4_API_MAX_LEN];
      |           ^~~~~~~~~
../Core/Src/main.c: At top level:
../Core/Src/main.c:466:6: warning: conflicting types for 'DWT_Init'; have 'void(void)'
  466 | void DWT_Init(void)
      |      ^~~~~~~~
../Core/Src/main.c:215:3: note: previous implicit declaration of 'DWT_Init' with type 'void(void)'
  215 |   DWT_Init();
      |   ^~~~~~~~
In file included from ../Core/Inc/fsk_decoder.h:13,
                 from ../Core/Src/fsk_decoder.c:9:
../Core/Src/fsk_decoder.c: In function 'classify_symbol':
../Core/Inc/fsk_config.h:117:25: warning: 'bit1_target' may be used uninitialized [-Wmaybe-uninitialized]
  117 |     (((val) > ((target) - ((target) * TOL_PERCENT / 100))) && \
      |               ~~~~~~~~~~^~~~~~~~~~~~~~~~~~~~~~~~~~~~~~~~~
../Core/Src/fsk_decoder.c:824:9: note: in expansion of macro 'WITHIN'
  824 |     if (WITHIN(count, bit1_target))
      |         ^~~~~~
../Core/Src/fsk_decoder.c:810:14: note: 'bit1_target' was declared here
  810 |     uint16_t bit1_target;
      |              ^~~~~~~~~~~
../Core/Inc/fsk_config.h:117:25: warning: 'bit0_target' may be used uninitialized [-Wmaybe-uninitialized]
  117 |     (((val) > ((target) - ((target) * TOL_PERCENT / 100))) && \
      |               ~~~~~~~~~~^~~~~~~~~~~~~~~~~~~~~~~~~~~~~~~~~
../Core/Src/fsk_decoder.c:829:9: note: in expansion of macro 'WITHIN'
  829 |     if (WITHIN(count, bit0_target))
      |         ^~~~~~
../Core/Src/fsk_decoder.c:811:14: note: 'bit0_target' was declared here
  811 |     uint16_t bit0_target;
      |              ^~~~~~~~~~~
arm-none-eabi-gcc -o "H7_FskDecoder_CM4.elf" @"objects.list"   -mcpu=cortex-m4 -T"D:\gitrepo\Vi-Qi-FSK-Decode\H7_FskDecoder\CM4\STM32H755ZITX_FLASH.ld" --specs=nosys.specs -Wl,-Map="H7_FskDecoder_CM4.map" -Wl,--gc-sections -static --specs=nano.specs -mfpu=fpv4-sp-d16 -mfloat-abi=hard -mthumb -Wl,--start-group -lc -lm -Wl,--end-group
Finished building target: H7_FskDecoder_CM4.elf
 
arm-none-eabi-size  H7_FskDecoder_CM4.elf 
arm-none-eabi-objdump -h -S H7_FskDecoder_CM4.elf  > "H7_FskDecoder_CM4.list"
   text	   data	    bss	    dec	    hex	filename
  24584	     16	 130736	 155336	  25ec8	H7_FskDecoder_CM4.elf
Finished building: default.size.stdout
 
Finished building: H7_FskDecoder_CM4.list
 
20:04:31 **** Incremental Build of configuration Debug for project H7_FskDecoder_CM7 ****
make -j8 all 
arm-none-eabi-size  H7_FskDecoder_CM7.elf 
   text	   data	    bss	    dec	    hex	filename
 247096	    432	 280376	 527904	  80e20	H7_FskDecoder_CM7.elf
Finished building: default.size.stdout
 
20:05:17 **** Incremental Build of configuration Debug for project H7_FskDecoder_CM4 ****
make -j8 all 
arm-none-eabi-size  H7_FskDecoder_CM4.elf 
   text	   data	    bss	    dec	    hex	filename
  24584	     16	 130736	 155336	  25ec8	H7_FskDecoder_CM4.elf
Finished building: default.size.stdout
 
20:13:27 **** Incremental Build of configuration Debug for project H7_FskDecoder_CM4 ****
make -j8 all 
arm-none-eabi-gcc "../Core/Src/fsk_decoder.c" -mcpu=cortex-m4 -std=gnu11 -g3 -DDEBUG -DCORE_CM4 -DUSE_HAL_DRIVER -DSTM32H755xx -DUSE_PWR_DIRECT_SMPS_SUPPLY -DUSE_NUCLEO_64 -c -I../Core/Inc -I../../Drivers/STM32H7xx_HAL_Driver/Inc -I../../Drivers/STM32H7xx_HAL_Driver/Inc/Legacy -I../../Drivers/BSP/STM32H7xx_Nucleo -I../../Drivers/CMSIS/Device/ST/STM32H7xx/Include -I../../Drivers/CMSIS/Include -Og -ffunction-sections -fdata-sections -Wall -fstack-usage -fcyclomatic-complexity -MMD -MP -MF"Core/Src/fsk_decoder.d" -MT"Core/Src/fsk_decoder.o" --specs=nano.specs -mfpu=fpv4-sp-d16 -mfloat-abi=hard -mthumb -o "Core/Src/fsk_decoder.o"
../Core/Src/fsk_decoder.c: In function 'process_block':
../Core/Src/fsk_decoder.c:191:17: warning: variable 'valid_transition' set but not used [-Wunused-but-set-variable]
  191 |         uint8_t valid_transition = 0U;
      |                 ^~~~~~~~~~~~~~~~
../Core/Src/fsk_decoder.c:183:17: warning: variable 'toggled' set but not used [-Wunused-but-set-variable]
  183 |         uint8_t toggled = 0U;
      |                 ^~~~~~~
In file included from ../Core/Inc/fsk_decoder.h:13,
                 from ../Core/Src/fsk_decoder.c:9:
../Core/Src/fsk_decoder.c: In function 'classify_symbol':
../Core/Inc/fsk_config.h:117:25: warning: 'bit1_target' may be used uninitialized [-Wmaybe-uninitialized]
  117 |     (((val) > ((target) - ((target) * TOL_PERCENT / 100))) && \
      |               ~~~~~~~~~~^~~~~~~~~~~~~~~~~~~~~~~~~~~~~~~~~
../Core/Src/fsk_decoder.c:825:9: note: in expansion of macro 'WITHIN'
  825 |     if (WITHIN(count, bit1_target))
      |         ^~~~~~
../Core/Src/fsk_decoder.c:811:14: note: 'bit1_target' was declared here
  811 |     uint16_t bit1_target;
      |              ^~~~~~~~~~~
../Core/Inc/fsk_config.h:117:25: warning: 'bit0_target' may be used uninitialized [-Wmaybe-uninitialized]
  117 |     (((val) > ((target) - ((target) * TOL_PERCENT / 100))) && \
      |               ~~~~~~~~~~^~~~~~~~~~~~~~~~~~~~~~~~~~~~~~~~~
../Core/Src/fsk_decoder.c:830:9: note: in expansion of macro 'WITHIN'
  830 |     if (WITHIN(count, bit0_target))
      |         ^~~~~~
../Core/Src/fsk_decoder.c:812:14: note: 'bit0_target' was declared here
  812 |     uint16_t bit0_target;
      |              ^~~~~~~~~~~
arm-none-eabi-gcc -o "H7_FskDecoder_CM4.elf" @"objects.list"   -mcpu=cortex-m4 -T"D:\gitrepo\Vi-Qi-FSK-Decode\H7_FskDecoder\CM4\STM32H755ZITX_FLASH.ld" --specs=nosys.specs -Wl,-Map="H7_FskDecoder_CM4.map" -Wl,--gc-sections -static --specs=nano.specs -mfpu=fpv4-sp-d16 -mfloat-abi=hard -mthumb -Wl,--start-group -lc -lm -Wl,--end-group
Finished building target: H7_FskDecoder_CM4.elf
 
arm-none-eabi-size  H7_FskDecoder_CM4.elf 
arm-none-eabi-objdump -h -S H7_FskDecoder_CM4.elf  > "H7_FskDecoder_CM4.list"
   text	   data	    bss	    dec	    hex	filename
  24596	     16	 130736	 155348	  25ed4	H7_FskDecoder_CM4.elf
Finished building: default.size.stdout
 
Finished building: H7_FskDecoder_CM4.list
 
20:13:34 **** Incremental Build of configuration Debug for project H7_FskDecoder_CM7 ****
make -j8 all 
arm-none-eabi-size  H7_FskDecoder_CM7.elf 
   text	   data	    bss	    dec	    hex	filename
 247096	    432	 280376	 527904	  80e20	H7_FskDecoder_CM7.elf
Finished building: default.size.stdout
 
20:13:42 **** Incremental Build of configuration Debug for project H7_FskDecoder_CM4 ****
make -j8 all 
arm-none-eabi-size  H7_FskDecoder_CM4.elf 
   text	   data	    bss	    dec	    hex	filename
  24596	     16	 130736	 155348	  25ed4	H7_FskDecoder_CM4.elf
Finished building: default.size.stdout
 
20:13:49 **** Incremental Build of configuration Debug for project H7_FskDecoder_CM7 ****
make -j8 all 
arm-none-eabi-size  H7_FskDecoder_CM7.elf 
   text	   data	    bss	    dec	    hex	filename
 247096	    432	 280376	 527904	  80e20	H7_FskDecoder_CM7.elf
Finished building: default.size.stdout
 
20:14:10 **** Incremental Build of configuration Debug for project H7_FskDecoder_CM4 ****
make -j8 all 
arm-none-eabi-size  H7_FskDecoder_CM4.elf 
   text	   data	    bss	    dec	    hex	filename
  24596	     16	 130736	 155348	  25ed4	H7_FskDecoder_CM4.elf
Finished building: default.size.stdout
 
12:09:45 **** Incremental Build of configuration Debug for project H7_FskDecoder_CM4 ****
make -j8 all 
arm-none-eabi-size  H7_FskDecoder_CM4.elf 
   text	   data	    bss	    dec	    hex	filename
  24596	     16	 130736	 155348	  25ed4	H7_FskDecoder_CM4.elf
Finished building: default.size.stdout
 
12:09:56 **** Incremental Build of configuration Debug for project H7_FskDecoder_CM7 ****
make -j8 all 
arm-none-eabi-size  H7_FskDecoder_CM7.elf 
   text	   data	    bss	    dec	    hex	filename
 247096	    432	 280376	 527904	  80e20	H7_FskDecoder_CM7.elf
Finished building: default.size.stdout
 
12:10:08 **** Incremental Build of configuration Debug for project H7_FskDecoder_CM4 ****
make -j8 all 
arm-none-eabi-size  H7_FskDecoder_CM4.elf 
   text	   data	    bss	    dec	    hex	filename
  24596	     16	 130736	 155348	  25ed4	H7_FskDecoder_CM4.elf
Finished building: default.size.stdout
 
12:10:15 **** Incremental Build of configuration Debug for project H7_FskDecoder_CM7 ****
make -j8 all 
arm-none-eabi-size  H7_FskDecoder_CM7.elf 
   text	   data	    bss	    dec	    hex	filename
 247096	    432	 280376	 527904	  80e20	H7_FskDecoder_CM7.elf
Finished building: default.size.stdout
 
12:11:03 **** Incremental Build of configuration Debug for project H7_FskDecoder_CM4 ****
make -j8 all 
arm-none-eabi-size  H7_FskDecoder_CM4.elf 
   text	   data	    bss	    dec	    hex	filename
  24596	     16	 130736	 155348	  25ed4	H7_FskDecoder_CM4.elf
Finished building: default.size.stdout
 
13:03:47 **** Incremental Build of configuration Debug for project H7_FskDecoder_CM4 ****
make -j8 all 
arm-none-eabi-gcc "../Core/Src/fsk_decoder.c" -mcpu=cortex-m4 -std=gnu11 -g3 -DDEBUG -DCORE_CM4 -DUSE_HAL_DRIVER -DSTM32H755xx -DUSE_PWR_DIRECT_SMPS_SUPPLY -DUSE_NUCLEO_64 -c -I../Core/Inc -I../../Drivers/STM32H7xx_HAL_Driver/Inc -I../../Drivers/STM32H7xx_HAL_Driver/Inc/Legacy -I../../Drivers/BSP/STM32H7xx_Nucleo -I../../Drivers/CMSIS/Device/ST/STM32H7xx/Include -I../../Drivers/CMSIS/Include -Og -ffunction-sections -fdata-sections -Wall -fstack-usage -fcyclomatic-complexity -MMD -MP -MF"Core/Src/fsk_decoder.d" -MT"Core/Src/fsk_decoder.o" --specs=nano.specs -mfpu=fpv4-sp-d16 -mfloat-abi=hard -mthumb -o "Core/Src/fsk_decoder.o"
arm-none-eabi-gcc "../Core/Src/fsk_online_stream.c" -mcpu=cortex-m4 -std=gnu11 -g3 -DDEBUG -DCORE_CM4 -DUSE_HAL_DRIVER -DSTM32H755xx -DUSE_PWR_DIRECT_SMPS_SUPPLY -DUSE_NUCLEO_64 -c -I../Core/Inc -I../../Drivers/STM32H7xx_HAL_Driver/Inc -I../../Drivers/STM32H7xx_HAL_Driver/Inc/Legacy -I../../Drivers/BSP/STM32H7xx_Nucleo -I../../Drivers/CMSIS/Device/ST/STM32H7xx/Include -I../../Drivers/CMSIS/Include -Og -ffunction-sections -fdata-sections -Wall -fstack-usage -fcyclomatic-complexity -MMD -MP -MF"Core/Src/fsk_online_stream.d" -MT"Core/Src/fsk_online_stream.o" --specs=nano.specs -mfpu=fpv4-sp-d16 -mfloat-abi=hard -mthumb -o "Core/Src/fsk_online_stream.o"
arm-none-eabi-gcc "../Core/Src/main.c" -mcpu=cortex-m4 -std=gnu11 -g3 -DDEBUG -DCORE_CM4 -DUSE_HAL_DRIVER -DSTM32H755xx -DUSE_PWR_DIRECT_SMPS_SUPPLY -DUSE_NUCLEO_64 -c -I../Core/Inc -I../../Drivers/STM32H7xx_HAL_Driver/Inc -I../../Drivers/STM32H7xx_HAL_Driver/Inc/Legacy -I../../Drivers/BSP/STM32H7xx_Nucleo -I../../Drivers/CMSIS/Device/ST/STM32H7xx/Include -I../../Drivers/CMSIS/Include -Og -ffunction-sections -fdata-sections -Wall -fstack-usage -fcyclomatic-complexity -MMD -MP -MF"Core/Src/main.d" -MT"Core/Src/main.o" --specs=nano.specs -mfpu=fpv4-sp-d16 -mfloat-abi=hard -mthumb -o "Core/Src/main.o"
../Core/Src/main.c: In function 'main':
../Core/Src/main.c:215:3: warning: implicit declaration of function 'DWT_Init' [-Wimplicit-function-declaration]
  215 |   DWT_Init();
      |   ^~~~~~~~
../Core/Src/main.c:199:27: warning: unused variable 'packet_ready' [-Wunused-variable]
  199 |   extern volatile uint8_t packet_ready;
      |                           ^~~~~~~~~~~~
../Core/Src/main.c:196:11: warning: unused variable 'local_buf' [-Wunused-variable]
  196 |   uint8_t local_buf[CM4_API_MAX_LEN];
      |           ^~~~~~~~~
../Core/Src/main.c: At top level:
../Core/Src/main.c:466:6: warning: conflicting types for 'DWT_Init'; have 'void(void)'
  466 | void DWT_Init(void)
      |      ^~~~~~~~
../Core/Src/main.c:215:3: note: previous implicit declaration of 'DWT_Init' with type 'void(void)'
  215 |   DWT_Init();
      |   ^~~~~~~~
../Core/Src/fsk_decoder.c: In function 'process_block':
../Core/Src/fsk_decoder.c:281:38: error: 'IDLE_TARGET' undeclared (first use in this function); did you mean 'IDLE_TARGET_512'?
  281 |                 if (period_counter < IDLE_TARGET)
      |                                      ^~~~~~~~~~~
      |                                      IDLE_TARGET_512
../Core/Src/fsk_decoder.c:281:38: note: each undeclared identifier is reported only once for each function it appears in
../Core/Src/fsk_decoder.c:191:17: warning: variable 'valid_transition' set but not used [-Wunused-but-set-variable]
  191 |         uint8_t valid_transition = 0U;
      |                 ^~~~~~~~~~~~~~~~
../Core/Src/fsk_decoder.c:183:17: warning: variable 'toggled' set but not used [-Wunused-but-set-variable]
  183 |         uint8_t toggled = 0U;
      |                 ^~~~~~~
In file included from ../Core/Inc/fsk_decoder.h:13,
                 from ../Core/Src/fsk_decoder.c:9:
../Core/Src/fsk_decoder.c: In function 'classify_symbol':
../Core/Src/fsk_decoder.c:836:23: error: 'IDLE_TARGET' undeclared (first use in this function); did you mean 'IDLE_TARGET_512'?
  836 |     if (WITHIN(count, IDLE_TARGET))
      |                       ^~~~~~~~~~~
../Core/Inc/fsk_config.h:119:17: note: in definition of macro 'WITHIN'
  119 |     (((val) > ((target) - ((target) * TOL_PERCENT / 100))) && \
      |                 ^~~~~~
../Core/Src/fsk_decoder.c:811:40: warning: variable 'bitidle_target' set but not used [-Wunused-but-set-variable]
  811 |     uint16_t bit1_target, bit0_target, bitidle_target;
      |                                        ^~~~~~~~~~~~~~
make: *** [Core/Src/subdir.mk:72: Core/Src/fsk_decoder.o] Error 1
make: *** Waiting for unfinished jobs....
"make -j8 all" terminated with exit code 2. Build might be incomplete.
13:03:56 **** Incremental Build of configuration Debug for project H7_FskDecoder_CM7 ****
make -j8 all 
arm-none-eabi-size  H7_FskDecoder_CM7.elf 
   text	   data	    bss	    dec	    hex	filename
 247096	    432	 280376	 527904	  80e20	H7_FskDecoder_CM7.elf
Finished building: default.size.stdout
 
13:04:42 **** Incremental Build of configuration Debug for project H7_FskDecoder_CM4 ****
make -j8 all 
arm-none-eabi-gcc "../Core/Src/fsk_decoder.c" -mcpu=cortex-m4 -std=gnu11 -g3 -DDEBUG -DCORE_CM4 -DUSE_HAL_DRIVER -DSTM32H755xx -DUSE_PWR_DIRECT_SMPS_SUPPLY -DUSE_NUCLEO_64 -c -I../Core/Inc -I../../Drivers/STM32H7xx_HAL_Driver/Inc -I../../Drivers/STM32H7xx_HAL_Driver/Inc/Legacy -I../../Drivers/BSP/STM32H7xx_Nucleo -I../../Drivers/CMSIS/Device/ST/STM32H7xx/Include -I../../Drivers/CMSIS/Include -Og -ffunction-sections -fdata-sections -Wall -fstack-usage -fcyclomatic-complexity -MMD -MP -MF"Core/Src/fsk_decoder.d" -MT"Core/Src/fsk_decoder.o" --specs=nano.specs -mfpu=fpv4-sp-d16 -mfloat-abi=hard -mthumb -o "Core/Src/fsk_decoder.o"
../Core/Src/fsk_decoder.c: In function 'process_block':
../Core/Src/fsk_decoder.c:281:38: error: 'IDLE_TARGET' undeclared (first use in this function); did you mean 'IDLE_TARGET_512'?
  281 |                 if (period_counter < IDLE_TARGET)
      |                                      ^~~~~~~~~~~
      |                                      IDLE_TARGET_512
../Core/Src/fsk_decoder.c:281:38: note: each undeclared identifier is reported only once for each function it appears in
../Core/Src/fsk_decoder.c:191:17: warning: variable 'valid_transition' set but not used [-Wunused-but-set-variable]
  191 |         uint8_t valid_transition = 0U;
      |                 ^~~~~~~~~~~~~~~~
../Core/Src/fsk_decoder.c:183:17: warning: variable 'toggled' set but not used [-Wunused-but-set-variable]
  183 |         uint8_t toggled = 0U;
      |                 ^~~~~~~
make: *** [Core/Src/subdir.mk:72: Core/Src/fsk_decoder.o] Error 1
"make -j8 all" terminated with exit code 2. Build might be incomplete.
13:05:02 **** Incremental Build of configuration Debug for project H7_FskDecoder_CM7 ****
make -j8 all 
arm-none-eabi-size  H7_FskDecoder_CM7.elf 
   text	   data	    bss	    dec	    hex	filename
 247096	    432	 280376	 527904	  80e20	H7_FskDecoder_CM7.elf
Finished building: default.size.stdout
 
13:17:17 **** Incremental Build of configuration Debug for project H7_FskDecoder_CM4 ****
make -j8 all 
arm-none-eabi-gcc "../Core/Src/fsk_decoder.c" -mcpu=cortex-m4 -std=gnu11 -g3 -DDEBUG -DCORE_CM4 -DUSE_HAL_DRIVER -DSTM32H755xx -DUSE_PWR_DIRECT_SMPS_SUPPLY -DUSE_NUCLEO_64 -c -I../Core/Inc -I../../Drivers/STM32H7xx_HAL_Driver/Inc -I../../Drivers/STM32H7xx_HAL_Driver/Inc/Legacy -I../../Drivers/BSP/STM32H7xx_Nucleo -I../../Drivers/CMSIS/Device/ST/STM32H7xx/Include -I../../Drivers/CMSIS/Include -Og -ffunction-sections -fdata-sections -Wall -fstack-usage -fcyclomatic-complexity -MMD -MP -MF"Core/Src/fsk_decoder.d" -MT"Core/Src/fsk_decoder.o" --specs=nano.specs -mfpu=fpv4-sp-d16 -mfloat-abi=hard -mthumb -o "Core/Src/fsk_decoder.o"
../Core/Src/fsk_decoder.c: In function 'process_block':
../Core/Src/fsk_decoder.c:192:17: warning: variable 'valid_transition' set but not used [-Wunused-but-set-variable]
  192 |         uint8_t valid_transition = 0U;
      |                 ^~~~~~~~~~~~~~~~
../Core/Src/fsk_decoder.c:184:17: warning: variable 'toggled' set but not used [-Wunused-but-set-variable]
  184 |         uint8_t toggled = 0U;
      |                 ^~~~~~~
../Core/Src/fsk_decoder.c: In function 'classify_symbol':
../Core/Src/fsk_decoder.c:820:9: error: 'bitidle_target' undeclared (first use in this function); did you mean 'idle_target'?
  820 |         bitidle_target = IDLE_TARGET_512;
      |         ^~~~~~~~~~~~~~
      |         idle_target
../Core/Src/fsk_decoder.c:820:9: note: each undeclared identifier is reported only once for each function it appears in
make: *** [Core/Src/subdir.mk:72: Core/Src/fsk_decoder.o] Error 1
"make -j8 all" terminated with exit code 2. Build might be incomplete.
13:17:24 **** Incremental Build of configuration Debug for project H7_FskDecoder_CM7 ****
make -j8 all 
arm-none-eabi-size  H7_FskDecoder_CM7.elf 
   text	   data	    bss	    dec	    hex	filename
 247096	    432	 280376	 527904	  80e20	H7_FskDecoder_CM7.elf
Finished building: default.size.stdout
 
13:17:37 **** Incremental Build of configuration Debug for project H7_FskDecoder_CM4 ****
make -j8 all 
arm-none-eabi-gcc "../Core/Src/fsk_decoder.c" -mcpu=cortex-m4 -std=gnu11 -g3 -DDEBUG -DCORE_CM4 -DUSE_HAL_DRIVER -DSTM32H755xx -DUSE_PWR_DIRECT_SMPS_SUPPLY -DUSE_NUCLEO_64 -c -I../Core/Inc -I../../Drivers/STM32H7xx_HAL_Driver/Inc -I../../Drivers/STM32H7xx_HAL_Driver/Inc/Legacy -I../../Drivers/BSP/STM32H7xx_Nucleo -I../../Drivers/CMSIS/Device/ST/STM32H7xx/Include -I../../Drivers/CMSIS/Include -Og -ffunction-sections -fdata-sections -Wall -fstack-usage -fcyclomatic-complexity -MMD -MP -MF"Core/Src/fsk_decoder.d" -MT"Core/Src/fsk_decoder.o" --specs=nano.specs -mfpu=fpv4-sp-d16 -mfloat-abi=hard -mthumb -o "Core/Src/fsk_decoder.o"
../Core/Src/fsk_decoder.c: In function 'process_block':
../Core/Src/fsk_decoder.c:192:17: warning: variable 'valid_transition' set but not used [-Wunused-but-set-variable]
  192 |         uint8_t valid_transition = 0U;
      |                 ^~~~~~~~~~~~~~~~
../Core/Src/fsk_decoder.c:184:17: warning: variable 'toggled' set but not used [-Wunused-but-set-variable]
  184 |         uint8_t toggled = 0U;
      |                 ^~~~~~~
In file included from ../Core/Inc/fsk_decoder.h:13,
                 from ../Core/Src/fsk_decoder.c:9:
../Core/Src/fsk_decoder.c: In function 'classify_symbol':
../Core/Inc/fsk_config.h:119:25: warning: 'bit1_target' may be used uninitialized [-Wmaybe-uninitialized]
  119 |     (((val) > ((target) - ((target) * TOL_PERCENT / 100))) && \
      |               ~~~~~~~~~~^~~~~~~~~~~~~~~~~~~~~~~~~~~~~~~~~
../Core/Src/fsk_decoder.c:827:9: note: in expansion of macro 'WITHIN'
  827 |     if (WITHIN(count, bit1_target))
      |         ^~~~~~
../Core/Src/fsk_decoder.c:813:14: note: 'bit1_target' was declared here
  813 |     uint16_t bit1_target, bit0_target;
      |              ^~~~~~~~~~~
../Core/Inc/fsk_config.h:119:25: warning: 'bit0_target' may be used uninitialized [-Wmaybe-uninitialized]
  119 |     (((val) > ((target) - ((target) * TOL_PERCENT / 100))) && \
      |               ~~~~~~~~~~^~~~~~~~~~~~~~~~~~~~~~~~~~~~~~~~~
../Core/Src/fsk_decoder.c:832:9: note: in expansion of macro 'WITHIN'
  832 |     if (WITHIN(count, bit0_target))
      |         ^~~~~~
../Core/Src/fsk_decoder.c:813:27: note: 'bit0_target' was declared here
  813 |     uint16_t bit1_target, bit0_target;
      |                           ^~~~~~~~~~~
arm-none-eabi-gcc -o "H7_FskDecoder_CM4.elf" @"objects.list"   -mcpu=cortex-m4 -T"D:\gitrepo\Vi-Qi-FSK-Decode\H7_FskDecoder\CM4\STM32H755ZITX_FLASH.ld" --specs=nosys.specs -Wl,-Map="H7_FskDecoder_CM4.map" -Wl,--gc-sections -static --specs=nano.specs -mfpu=fpv4-sp-d16 -mfloat-abi=hard -mthumb -Wl,--start-group -lc -lm -Wl,--end-group
Finished building target: H7_FskDecoder_CM4.elf
 
arm-none-eabi-size  H7_FskDecoder_CM4.elf 
arm-none-eabi-objdump -h -S H7_FskDecoder_CM4.elf  > "H7_FskDecoder_CM4.list"
   text	   data	    bss	    dec	    hex	filename
  24652	     16	 130736	 155404	  25f0c	H7_FskDecoder_CM4.elf
Finished building: default.size.stdout
 
Finished building: H7_FskDecoder_CM4.list
 
13:17:45 **** Incremental Build of configuration Debug for project H7_FskDecoder_CM7 ****
make -j8 all 
arm-none-eabi-size  H7_FskDecoder_CM7.elf 
   text	   data	    bss	    dec	    hex	filename
 247096	    432	 280376	 527904	  80e20	H7_FskDecoder_CM7.elf
Finished building: default.size.stdout
 
13:17:52 **** Incremental Build of configuration Debug for project H7_FskDecoder_CM4 ****
make -j8 all 
arm-none-eabi-size  H7_FskDecoder_CM4.elf 
   text	   data	    bss	    dec	    hex	filename
  24652	     16	 130736	 155404	  25f0c	H7_FskDecoder_CM4.elf
Finished building: default.size.stdout
 
13:17:58 **** Incremental Build of configuration Debug for project H7_FskDecoder_CM7 ****
make -j8 all 
arm-none-eabi-size  H7_FskDecoder_CM7.elf 
   text	   data	    bss	    dec	    hex	filename
 247096	    432	 280376	 527904	  80e20	H7_FskDecoder_CM7.elf
Finished building: default.size.stdout
 
13:18:32 **** Incremental Build of configuration Debug for project H7_FskDecoder_CM4 ****
make -j8 all 
arm-none-eabi-size  H7_FskDecoder_CM4.elf 
   text	   data	    bss	    dec	    hex	filename
  24652	     16	 130736	 155404	  25f0c	H7_FskDecoder_CM4.elf
Finished building: default.size.stdout
 
13:22:05 **** Incremental Build of configuration Debug for project H7_FskDecoder_CM4 ****
make -j8 all 
arm-none-eabi-gcc "../Core/Src/fsk_decoder.c" -mcpu=cortex-m4 -std=gnu11 -g3 -DDEBUG -DCORE_CM4 -DUSE_HAL_DRIVER -DSTM32H755xx -DUSE_PWR_DIRECT_SMPS_SUPPLY -DUSE_NUCLEO_64 -c -I../Core/Inc -I../../Drivers/STM32H7xx_HAL_Driver/Inc -I../../Drivers/STM32H7xx_HAL_Driver/Inc/Legacy -I../../Drivers/BSP/STM32H7xx_Nucleo -I../../Drivers/CMSIS/Device/ST/STM32H7xx/Include -I../../Drivers/CMSIS/Include -Og -ffunction-sections -fdata-sections -Wall -fstack-usage -fcyclomatic-complexity -MMD -MP -MF"Core/Src/fsk_decoder.d" -MT"Core/Src/fsk_decoder.o" --specs=nano.specs -mfpu=fpv4-sp-d16 -mfloat-abi=hard -mthumb -o "Core/Src/fsk_decoder.o"
arm-none-eabi-gcc "../Core/Src/fsk_online_stream.c" -mcpu=cortex-m4 -std=gnu11 -g3 -DDEBUG -DCORE_CM4 -DUSE_HAL_DRIVER -DSTM32H755xx -DUSE_PWR_DIRECT_SMPS_SUPPLY -DUSE_NUCLEO_64 -c -I../Core/Inc -I../../Drivers/STM32H7xx_HAL_Driver/Inc -I../../Drivers/STM32H7xx_HAL_Driver/Inc/Legacy -I../../Drivers/BSP/STM32H7xx_Nucleo -I../../Drivers/CMSIS/Device/ST/STM32H7xx/Include -I../../Drivers/CMSIS/Include -Og -ffunction-sections -fdata-sections -Wall -fstack-usage -fcyclomatic-complexity -MMD -MP -MF"Core/Src/fsk_online_stream.d" -MT"Core/Src/fsk_online_stream.o" --specs=nano.specs -mfpu=fpv4-sp-d16 -mfloat-abi=hard -mthumb -o "Core/Src/fsk_online_stream.o"
arm-none-eabi-gcc "../Core/Src/main.c" -mcpu=cortex-m4 -std=gnu11 -g3 -DDEBUG -DCORE_CM4 -DUSE_HAL_DRIVER -DSTM32H755xx -DUSE_PWR_DIRECT_SMPS_SUPPLY -DUSE_NUCLEO_64 -c -I../Core/Inc -I../../Drivers/STM32H7xx_HAL_Driver/Inc -I../../Drivers/STM32H7xx_HAL_Driver/Inc/Legacy -I../../Drivers/BSP/STM32H7xx_Nucleo -I../../Drivers/CMSIS/Device/ST/STM32H7xx/Include -I../../Drivers/CMSIS/Include -Og -ffunction-sections -fdata-sections -Wall -fstack-usage -fcyclomatic-complexity -MMD -MP -MF"Core/Src/main.d" -MT"Core/Src/main.o" --specs=nano.specs -mfpu=fpv4-sp-d16 -mfloat-abi=hard -mthumb -o "Core/Src/main.o"
../Core/Src/main.c: In function 'main':
../Core/Src/main.c:215:3: warning: implicit declaration of function 'DWT_Init' [-Wimplicit-function-declaration]
  215 |   DWT_Init();
      |   ^~~~~~~~
../Core/Src/main.c:199:27: warning: unused variable 'packet_ready' [-Wunused-variable]
  199 |   extern volatile uint8_t packet_ready;
      |                           ^~~~~~~~~~~~
../Core/Src/main.c:196:11: warning: unused variable 'local_buf' [-Wunused-variable]
  196 |   uint8_t local_buf[CM4_API_MAX_LEN];
      |           ^~~~~~~~~
../Core/Src/main.c: At top level:
../Core/Src/main.c:466:6: warning: conflicting types for 'DWT_Init'; have 'void(void)'
  466 | void DWT_Init(void)
      |      ^~~~~~~~
../Core/Src/main.c:215:3: note: previous implicit declaration of 'DWT_Init' with type 'void(void)'
  215 |   DWT_Init();
      |   ^~~~~~~~
In file included from ../Core/Inc/fsk_decoder.h:13,
                 from ../Core/Src/fsk_decoder.c:9:
../Core/Src/fsk_decoder.c: In function 'classify_symbol':
../Core/Inc/fsk_config.h:119:25: warning: 'bit1_target' may be used uninitialized [-Wmaybe-uninitialized]
  119 |     (((val) > ((target) - ((target) * TOL_PERCENT / 100))) && \
      |               ~~~~~~~~~~^~~~~~~~~~~~~~~~~~~~~~~~~~~~~~~~~
../Core/Src/fsk_decoder.c:827:9: note: in expansion of macro 'WITHIN'
  827 |     if (WITHIN(count, bit1_target))
      |         ^~~~~~
../Core/Src/fsk_decoder.c:813:14: note: 'bit1_target' was declared here
  813 |     uint16_t bit1_target, bit0_target;
      |              ^~~~~~~~~~~
../Core/Inc/fsk_config.h:119:25: warning: 'bit0_target' may be used uninitialized [-Wmaybe-uninitialized]
  119 |     (((val) > ((target) - ((target) * TOL_PERCENT / 100))) && \
      |               ~~~~~~~~~~^~~~~~~~~~~~~~~~~~~~~~~~~~~~~~~~~
../Core/Src/fsk_decoder.c:832:9: note: in expansion of macro 'WITHIN'
  832 |     if (WITHIN(count, bit0_target))
      |         ^~~~~~
../Core/Src/fsk_decoder.c:813:27: note: 'bit0_target' was declared here
  813 |     uint16_t bit1_target, bit0_target;
      |                           ^~~~~~~~~~~
arm-none-eabi-gcc -o "H7_FskDecoder_CM4.elf" @"objects.list"   -mcpu=cortex-m4 -T"D:\gitrepo\Vi-Qi-FSK-Decode\H7_FskDecoder\CM4\STM32H755ZITX_FLASH.ld" --specs=nosys.specs -Wl,-Map="H7_FskDecoder_CM4.map" -Wl,--gc-sections -static --specs=nano.specs -mfpu=fpv4-sp-d16 -mfloat-abi=hard -mthumb -Wl,--start-group -lc -lm -Wl,--end-group
Finished building target: H7_FskDecoder_CM4.elf
 
arm-none-eabi-size  H7_FskDecoder_CM4.elf 
arm-none-eabi-objdump -h -S H7_FskDecoder_CM4.elf  > "H7_FskDecoder_CM4.list"
   text	   data	    bss	    dec	    hex	filename
  24116	     16	  77464	 101596	  18cdc	H7_FskDecoder_CM4.elf
Finished building: default.size.stdout
 
Finished building: H7_FskDecoder_CM4.list
 
13:22:12 **** Incremental Build of configuration Debug for project H7_FskDecoder_CM7 ****
make -j8 all 
arm-none-eabi-size  H7_FskDecoder_CM7.elf 
   text	   data	    bss	    dec	    hex	filename
 247096	    432	 280376	 527904	  80e20	H7_FskDecoder_CM7.elf
Finished building: default.size.stdout
 
13:25:27 **** Incremental Build of configuration Debug for project H7_FskDecoder_CM4 ****
make -j8 all 
arm-none-eabi-size  H7_FskDecoder_CM4.elf 
   text	   data	    bss	    dec	    hex	filename
  24116	     16	  77464	 101596	  18cdc	H7_FskDecoder_CM4.elf
Finished building: default.size.stdout
 
13:25:33 **** Incremental Build of configuration Debug for project H7_FskDecoder_CM7 ****
make -j8 all 
arm-none-eabi-size  H7_FskDecoder_CM7.elf 
   text	   data	    bss	    dec	    hex	filename
 247096	    432	 280376	 527904	  80e20	H7_FskDecoder_CM7.elf
Finished building: default.size.stdout
 
13:25:55 **** Incremental Build of configuration Debug for project H7_FskDecoder_CM4 ****
make -j8 all 
arm-none-eabi-size  H7_FskDecoder_CM4.elf 
   text	   data	    bss	    dec	    hex	filename
  24116	     16	  77464	 101596	  18cdc	H7_FskDecoder_CM4.elf
Finished building: default.size.stdout
 
13:27:19 **** Incremental Build of configuration Debug for project H7_FskDecoder_CM4 ****
make -j8 all 
arm-none-eabi-gcc "../Core/Src/fsk_decoder.c" -mcpu=cortex-m4 -std=gnu11 -g3 -DDEBUG -DCORE_CM4 -DUSE_HAL_DRIVER -DSTM32H755xx -DUSE_PWR_DIRECT_SMPS_SUPPLY -DUSE_NUCLEO_64 -c -I../Core/Inc -I../../Drivers/STM32H7xx_HAL_Driver/Inc -I../../Drivers/STM32H7xx_HAL_Driver/Inc/Legacy -I../../Drivers/BSP/STM32H7xx_Nucleo -I../../Drivers/CMSIS/Device/ST/STM32H7xx/Include -I../../Drivers/CMSIS/Include -Og -ffunction-sections -fdata-sections -Wall -fstack-usage -fcyclomatic-complexity -MMD -MP -MF"Core/Src/fsk_decoder.d" -MT"Core/Src/fsk_decoder.o" --specs=nano.specs -mfpu=fpv4-sp-d16 -mfloat-abi=hard -mthumb -o "Core/Src/fsk_decoder.o"
In file included from ../Core/Inc/fsk_decoder.h:13,
                 from ../Core/Src/fsk_decoder.c:9:
../Core/Src/fsk_decoder.c: In function 'classify_symbol':
../Core/Inc/fsk_config.h:119:25: warning: 'bit1_target' may be used uninitialized [-Wmaybe-uninitialized]
  119 |     (((val) > ((target) - ((target) * TOL_PERCENT / 100))) && \
      |               ~~~~~~~~~~^~~~~~~~~~~~~~~~~~~~~~~~~~~~~~~~~
../Core/Src/fsk_decoder.c:826:9: note: in expansion of macro 'WITHIN'
  826 |     if (WITHIN(count, bit1_target))
      |         ^~~~~~
../Core/Src/fsk_decoder.c:812:14: note: 'bit1_target' was declared here
  812 |     uint16_t bit1_target, bit0_target;
      |              ^~~~~~~~~~~
../Core/Inc/fsk_config.h:119:25: warning: 'bit0_target' may be used uninitialized [-Wmaybe-uninitialized]
  119 |     (((val) > ((target) - ((target) * TOL_PERCENT / 100))) && \
      |               ~~~~~~~~~~^~~~~~~~~~~~~~~~~~~~~~~~~~~~~~~~~
../Core/Src/fsk_decoder.c:831:9: note: in expansion of macro 'WITHIN'
  831 |     if (WITHIN(count, bit0_target))
      |         ^~~~~~
../Core/Src/fsk_decoder.c:812:27: note: 'bit0_target' was declared here
  812 |     uint16_t bit1_target, bit0_target;
      |                           ^~~~~~~~~~~
arm-none-eabi-gcc -o "H7_FskDecoder_CM4.elf" @"objects.list"   -mcpu=cortex-m4 -T"D:\gitrepo\Vi-Qi-FSK-Decode\H7_FskDecoder\CM4\STM32H755ZITX_FLASH.ld" --specs=nosys.specs -Wl,-Map="H7_FskDecoder_CM4.map" -Wl,--gc-sections -static --specs=nano.specs -mfpu=fpv4-sp-d16 -mfloat-abi=hard -mthumb -Wl,--start-group -lc -lm -Wl,--end-group
Finished building target: H7_FskDecoder_CM4.elf
 
arm-none-eabi-size  H7_FskDecoder_CM4.elf 
arm-none-eabi-objdump -h -S H7_FskDecoder_CM4.elf  > "H7_FskDecoder_CM4.list"
   text	   data	    bss	    dec	    hex	filename
  24108	     16	  77464	 101588	  18cd4	H7_FskDecoder_CM4.elf
Finished building: default.size.stdout
 
Finished building: H7_FskDecoder_CM4.list
 
13:27:26 **** Incremental Build of configuration Debug for project H7_FskDecoder_CM7 ****
make -j8 all 
arm-none-eabi-size  H7_FskDecoder_CM7.elf 
   text	   data	    bss	    dec	    hex	filename
 247096	    432	 280376	 527904	  80e20	H7_FskDecoder_CM7.elf
Finished building: default.size.stdout
 
13:27:35 **** Incremental Build of configuration Debug for project H7_FskDecoder_CM4 ****
make -j8 all 
arm-none-eabi-size  H7_FskDecoder_CM4.elf 
   text	   data	    bss	    dec	    hex	filename
  24108	     16	  77464	 101588	  18cd4	H7_FskDecoder_CM4.elf
Finished building: default.size.stdout
 
13:27:40 **** Incremental Build of configuration Debug for project H7_FskDecoder_CM7 ****
make -j8 all 
arm-none-eabi-size  H7_FskDecoder_CM7.elf 
   text	   data	    bss	    dec	    hex	filename
 247096	    432	 280376	 527904	  80e20	H7_FskDecoder_CM7.elf
Finished building: default.size.stdout
 
13:28:02 **** Incremental Build of configuration Debug for project H7_FskDecoder_CM4 ****
make -j8 all 
arm-none-eabi-size  H7_FskDecoder_CM4.elf 
   text	   data	    bss	    dec	    hex	filename
  24108	     16	  77464	 101588	  18cd4	H7_FskDecoder_CM4.elf
Finished building: default.size.stdout
 
14:51:30 **** Incremental Build of configuration Debug for project H7_FskDecoder_CM4 ****
make -j8 all 
arm-none-eabi-gcc "../Core/Src/fsk_decoder.c" -mcpu=cortex-m4 -std=gnu11 -g3 -DDEBUG -DCORE_CM4 -DUSE_HAL_DRIVER -DSTM32H755xx -DUSE_PWR_DIRECT_SMPS_SUPPLY -DUSE_NUCLEO_64 -c -I../Core/Inc -I../../Drivers/STM32H7xx_HAL_Driver/Inc -I../../Drivers/STM32H7xx_HAL_Driver/Inc/Legacy -I../../Drivers/BSP/STM32H7xx_Nucleo -I../../Drivers/CMSIS/Device/ST/STM32H7xx/Include -I../../Drivers/CMSIS/Include -Og -ffunction-sections -fdata-sections -Wall -fstack-usage -fcyclomatic-complexity -MMD -MP -MF"Core/Src/fsk_decoder.d" -MT"Core/Src/fsk_decoder.o" --specs=nano.specs -mfpu=fpv4-sp-d16 -mfloat-abi=hard -mthumb -o "Core/Src/fsk_decoder.o"
arm-none-eabi-gcc "../Core/Src/fsk_online_stream.c" -mcpu=cortex-m4 -std=gnu11 -g3 -DDEBUG -DCORE_CM4 -DUSE_HAL_DRIVER -DSTM32H755xx -DUSE_PWR_DIRECT_SMPS_SUPPLY -DUSE_NUCLEO_64 -c -I../Core/Inc -I../../Drivers/STM32H7xx_HAL_Driver/Inc -I../../Drivers/STM32H7xx_HAL_Driver/Inc/Legacy -I../../Drivers/BSP/STM32H7xx_Nucleo -I../../Drivers/CMSIS/Device/ST/STM32H7xx/Include -I../../Drivers/CMSIS/Include -Og -ffunction-sections -fdata-sections -Wall -fstack-usage -fcyclomatic-complexity -MMD -MP -MF"Core/Src/fsk_online_stream.d" -MT"Core/Src/fsk_online_stream.o" --specs=nano.specs -mfpu=fpv4-sp-d16 -mfloat-abi=hard -mthumb -o "Core/Src/fsk_online_stream.o"
arm-none-eabi-gcc "../Core/Src/main.c" -mcpu=cortex-m4 -std=gnu11 -g3 -DDEBUG -DCORE_CM4 -DUSE_HAL_DRIVER -DSTM32H755xx -DUSE_PWR_DIRECT_SMPS_SUPPLY -DUSE_NUCLEO_64 -c -I../Core/Inc -I../../Drivers/STM32H7xx_HAL_Driver/Inc -I../../Drivers/STM32H7xx_HAL_Driver/Inc/Legacy -I../../Drivers/BSP/STM32H7xx_Nucleo -I../../Drivers/CMSIS/Device/ST/STM32H7xx/Include -I../../Drivers/CMSIS/Include -Og -ffunction-sections -fdata-sections -Wall -fstack-usage -fcyclomatic-complexity -MMD -MP -MF"Core/Src/main.d" -MT"Core/Src/main.o" --specs=nano.specs -mfpu=fpv4-sp-d16 -mfloat-abi=hard -mthumb -o "Core/Src/main.o"
../Core/Src/main.c: In function 'main':
../Core/Src/main.c:215:3: warning: implicit declaration of function 'DWT_Init' [-Wimplicit-function-declaration]
  215 |   DWT_Init();
      |   ^~~~~~~~
../Core/Src/main.c:199:27: warning: unused variable 'packet_ready' [-Wunused-variable]
  199 |   extern volatile uint8_t packet_ready;
      |                           ^~~~~~~~~~~~
../Core/Src/main.c:196:11: warning: unused variable 'local_buf' [-Wunused-variable]
  196 |   uint8_t local_buf[CM4_API_MAX_LEN];
      |           ^~~~~~~~~
../Core/Src/main.c: At top level:
../Core/Src/main.c:466:6: warning: conflicting types for 'DWT_Init'; have 'void(void)'
  466 | void DWT_Init(void)
      |      ^~~~~~~~
../Core/Src/main.c:215:3: note: previous implicit declaration of 'DWT_Init' with type 'void(void)'
  215 |   DWT_Init();
      |   ^~~~~~~~
In file included from ../Core/Inc/fsk_decoder.h:13,
                 from ../Core/Src/fsk_decoder.c:9:
../Core/Src/fsk_decoder.c: In function 'classify_symbol':
../Core/Inc/fsk_config.h:119:25: warning: 'bit1_target' may be used uninitialized [-Wmaybe-uninitialized]
  119 |     (((val) > ((target) - ((target) * TOL_PERCENT / 100))) && \
      |               ~~~~~~~~~~^~~~~~~~~~~~~~~~~~~~~~~~~~~~~~~~~
../Core/Src/fsk_decoder.c:826:9: note: in expansion of macro 'WITHIN'
  826 |     if (WITHIN(count, bit1_target))
      |         ^~~~~~
../Core/Src/fsk_decoder.c:812:14: note: 'bit1_target' was declared here
  812 |     uint16_t bit1_target, bit0_target;
      |              ^~~~~~~~~~~
../Core/Inc/fsk_config.h:119:25: warning: 'bit0_target' may be used uninitialized [-Wmaybe-uninitialized]
  119 |     (((val) > ((target) - ((target) * TOL_PERCENT / 100))) && \
      |               ~~~~~~~~~~^~~~~~~~~~~~~~~~~~~~~~~~~~~~~~~~~
../Core/Src/fsk_decoder.c:831:9: note: in expansion of macro 'WITHIN'
  831 |     if (WITHIN(count, bit0_target))
      |         ^~~~~~
../Core/Src/fsk_decoder.c:812:27: note: 'bit0_target' was declared here
  812 |     uint16_t bit1_target, bit0_target;
      |                           ^~~~~~~~~~~
../Core/Src/fsk_online_stream.c: In function 'fsk_online_stream_init':
../Core/Src/fsk_online_stream.c:40:5: error: 's_fsk_period_fast_prev_timestamp' undeclared (first use in this function)
   40 |     s_fsk_period_fast_prev_timestamp = 0U;
      |     ^~~~~~~~~~~~~~~~~~~~~~~~~~~~~~~~
../Core/Src/fsk_online_stream.c:40:5: note: each undeclared identifier is reported only once for each function it appears in
make: *** [Core/Src/subdir.mk:74: Core/Src/fsk_online_stream.o] Error 1
make: *** Waiting for unfinished jobs....
"make -j8 all" terminated with exit code 2. Build might be incomplete.
14:51:37 **** Incremental Build of configuration Debug for project H7_FskDecoder_CM7 ****
make -j8 all 
arm-none-eabi-size  H7_FskDecoder_CM7.elf 
   text	   data	    bss	    dec	    hex	filename
 247096	    432	 280376	 527904	  80e20	H7_FskDecoder_CM7.elf
Finished building: default.size.stdout
 
14:52:40 **** Incremental Build of configuration Debug for project H7_FskDecoder_CM4 ****
make -j8 all 
arm-none-eabi-gcc "../Core/Src/fsk_online_stream.c" -mcpu=cortex-m4 -std=gnu11 -g3 -DDEBUG -DCORE_CM4 -DUSE_HAL_DRIVER -DSTM32H755xx -DUSE_PWR_DIRECT_SMPS_SUPPLY -DUSE_NUCLEO_64 -c -I../Core/Inc -I../../Drivers/STM32H7xx_HAL_Driver/Inc -I../../Drivers/STM32H7xx_HAL_Driver/Inc/Legacy -I../../Drivers/BSP/STM32H7xx_Nucleo -I../../Drivers/CMSIS/Device/ST/STM32H7xx/Include -I../../Drivers/CMSIS/Include -Og -ffunction-sections -fdata-sections -Wall -fstack-usage -fcyclomatic-complexity -MMD -MP -MF"Core/Src/fsk_online_stream.d" -MT"Core/Src/fsk_online_stream.o" --specs=nano.specs -mfpu=fpv4-sp-d16 -mfloat-abi=hard -mthumb -o "Core/Src/fsk_online_stream.o"
arm-none-eabi-gcc -o "H7_FskDecoder_CM4.elf" @"objects.list"   -mcpu=cortex-m4 -T"D:\gitrepo\Vi-Qi-FSK-Decode\H7_FskDecoder\CM4\STM32H755ZITX_FLASH.ld" --specs=nosys.specs -Wl,-Map="H7_FskDecoder_CM4.map" -Wl,--gc-sections -static --specs=nano.specs -mfpu=fpv4-sp-d16 -mfloat-abi=hard -mthumb -Wl,--start-group -lc -lm -Wl,--end-group
Finished building target: H7_FskDecoder_CM4.elf
 
arm-none-eabi-size  H7_FskDecoder_CM4.elf 
arm-none-eabi-objdump -h -S H7_FskDecoder_CM4.elf  > "H7_FskDecoder_CM4.list"
   text	   data	    bss	    dec	    hex	filename
[...]
 
arm-none-eabi-size  H7_FskDecoder_CM4.elf 
arm-none-eabi-objdump -h -S H7_FskDecoder_CM4.elf  > "H7_FskDecoder_CM4.list"
   text	   data	    bss	    dec	    hex	filename
  24644	     16	 130736	 155396	  25f04	H7_FskDecoder_CM4.elf
Finished building: default.size.stdout
 
Finished building: H7_FskDecoder_CM4.list
 
15:25:07 **** Incremental Build of configuration Debug for project H7_FskDecoder_CM7 ****
make -j8 all 
arm-none-eabi-size  H7_FskDecoder_CM7.elf 
   text	   data	    bss	    dec	    hex	filename
 247096	    432	 280376	 527904	  80e20	H7_FskDecoder_CM7.elf
Finished building: default.size.stdout
 
15:25:13 **** Incremental Build of configuration Debug for project H7_FskDecoder_CM4 ****
make -j8 all 
arm-none-eabi-size  H7_FskDecoder_CM4.elf 
   text	   data	    bss	    dec	    hex	filename
  24644	     16	 130736	 155396	  25f04	H7_FskDecoder_CM4.elf
Finished building: default.size.stdout
 
15:25:19 **** Incremental Build of configuration Debug for project H7_FskDecoder_CM7 ****
make -j8 all 
arm-none-eabi-size  H7_FskDecoder_CM7.elf 
   text	   data	    bss	    dec	    hex	filename
 247096	    432	 280376	 527904	  80e20	H7_FskDecoder_CM7.elf
Finished building: default.size.stdout
 
15:25:51 **** Incremental Build of configuration Debug for project H7_FskDecoder_CM4 ****
make -j8 all 
arm-none-eabi-size  H7_FskDecoder_CM4.elf 
   text	   data	    bss	    dec	    hex	filename
  24644	     16	 130736	 155396	  25f04	H7_FskDecoder_CM4.elf
Finished building: default.size.stdout
 
15:28:06 **** Incremental Build of configuration Debug for project H7_FskDecoder_CM4 ****
make -j8 all 
arm-none-eabi-gcc "../Core/Src/fsk_decoder.c" -mcpu=cortex-m4 -std=gnu11 -g3 -DDEBUG -DCORE_CM4 -DUSE_HAL_DRIVER -DSTM32H755xx -DUSE_PWR_DIRECT_SMPS_SUPPLY -DUSE_NUCLEO_64 -c -I../Core/Inc -I../../Drivers/STM32H7xx_HAL_Driver/Inc -I../../Drivers/STM32H7xx_HAL_Driver/Inc/Legacy -I../../Drivers/BSP/STM32H7xx_Nucleo -I../../Drivers/CMSIS/Device/ST/STM32H7xx/Include -I../../Drivers/CMSIS/Include -Og -ffunction-sections -fdata-sections -Wall -fstack-usage -fcyclomatic-complexity -MMD -MP -MF"Core/Src/fsk_decoder.d" -MT"Core/Src/fsk_decoder.o" --specs=nano.specs -mfpu=fpv4-sp-d16 -mfloat-abi=hard -mthumb -o "Core/Src/fsk_decoder.o"
../Core/Src/fsk_decoder.c: In function 'process_block':
../Core/Src/fsk_decoder.c:192:17: warning: variable 'valid_transition' set but not used [-Wunused-but-set-variable]
  192 |         uint8_t valid_transition = 0U;
      |                 ^~~~~~~~~~~~~~~~
../Core/Src/fsk_decoder.c:184:17: warning: variable 'toggled' set but not used [-Wunused-but-set-variable]
  184 |         uint8_t toggled = 0U;
      |                 ^~~~~~~
In file included from ../Core/Inc/fsk_decoder.h:13,
                 from ../Core/Src/fsk_decoder.c:9:
../Core/Src/fsk_decoder.c: In function 'classify_symbol':
../Core/Inc/fsk_config.h:119:25: warning: 'bit1_target' may be used uninitialized [-Wmaybe-uninitialized]
  119 |     (((val) > ((target) - ((target) * TOL_PERCENT / 100))) && \
      |               ~~~~~~~~~~^~~~~~~~~~~~~~~~~~~~~~~~~~~~~~~~~
../Core/Src/fsk_decoder.c:827:9: note: in expansion of macro 'WITHIN'
  827 |     if (WITHIN(count, bit1_target))
      |         ^~~~~~
../Core/Src/fsk_decoder.c:813:14: note: 'bit1_target' was declared here
  813 |     uint16_t bit1_target, bit0_target;
      |              ^~~~~~~~~~~
../Core/Inc/fsk_config.h:119:25: warning: 'bit0_target' may be used uninitialized [-Wmaybe-uninitialized]
  119 |     (((val) > ((target) - ((target) * TOL_PERCENT / 100))) && \
      |               ~~~~~~~~~~^~~~~~~~~~~~~~~~~~~~~~~~~~~~~~~~~
../Core/Src/fsk_decoder.c:832:9: note: in expansion of macro 'WITHIN'
  832 |     if (WITHIN(count, bit0_target))
      |         ^~~~~~
../Core/Src/fsk_decoder.c:813:27: note: 'bit0_target' was declared here
  813 |     uint16_t bit1_target, bit0_target;
      |                           ^~~~~~~~~~~
arm-none-eabi-gcc -o "H7_FskDecoder_CM4.elf" @"objects.list"   -mcpu=cortex-m4 -T"D:\gitrepo\Vi-Qi-FSK-Decode\H7_FskDecoder\CM4\STM32H755ZITX_FLASH.ld" --specs=nosys.specs -Wl,-Map="H7_FskDecoder_CM4.map" -Wl,--gc-sections -static --specs=nano.specs -mfpu=fpv4-sp-d16 -mfloat-abi=hard -mthumb -Wl,--start-group -lc -lm -Wl,--end-group
Finished building target: H7_FskDecoder_CM4.elf
 
arm-none-eabi-size  H7_FskDecoder_CM4.elf 
arm-none-eabi-objdump -h -S H7_FskDecoder_CM4.elf  > "H7_FskDecoder_CM4.list"
   text	   data	    bss	    dec	    hex	filename
  24652	     16	 130736	 155404	  25f0c	H7_FskDecoder_CM4.elf
Finished building: default.size.stdout
 
Finished building: H7_FskDecoder_CM4.list
 
15:28:14 **** Incremental Build of configuration Debug for project H7_FskDecoder_CM7 ****
make -j8 all 
arm-none-eabi-size  H7_FskDecoder_CM7.elf 
   text	   data	    bss	    dec	    hex	filename
 247096	    432	 280376	 527904	  80e20	H7_FskDecoder_CM7.elf
Finished building: default.size.stdout
 
15:28:55 **** Incremental Build of configuration Debug for project H7_FskDecoder_CM4 ****
make -j8 all 
arm-none-eabi-size  H7_FskDecoder_CM4.elf 
   text	   data	    bss	    dec	    hex	filename
  24652	     16	 130736	 155404	  25f0c	H7_FskDecoder_CM4.elf
Finished building: default.size.stdout
 
15:29:00 **** Incremental Build of configuration Debug for project H7_FskDecoder_CM7 ****
make -j8 all 
arm-none-eabi-size  H7_FskDecoder_CM7.elf 
   text	   data	    bss	    dec	    hex	filename
 247096	    432	 280376	 527904	  80e20	H7_FskDecoder_CM7.elf
Finished building: default.size.stdout
 
15:29:33 **** Incremental Build of configuration Debug for project H7_FskDecoder_CM4 ****
make -j8 all 
arm-none-eabi-size  H7_FskDecoder_CM4.elf 
   text	   data	    bss	    dec	    hex	filename
  24652	     16	 130736	 155404	  25f0c	H7_FskDecoder_CM4.elf
Finished building: default.size.stdout
 
15:49:23 **** Incremental Build of configuration Debug for project H7_FskDecoder_CM4 ****
make -j8 all 
arm-none-eabi-gcc "../Core/Src/fsk_decoder.c" -mcpu=cortex-m4 -std=gnu11 -g3 -DDEBUG -DCORE_CM4 -DUSE_HAL_DRIVER -DSTM32H755xx -DUSE_PWR_DIRECT_SMPS_SUPPLY -DUSE_NUCLEO_64 -c -I../Core/Inc -I../../Drivers/STM32H7xx_HAL_Driver/Inc -I../../Drivers/STM32H7xx_HAL_Driver/Inc/Legacy -I../../Drivers/BSP/STM32H7xx_Nucleo -I../../Drivers/CMSIS/Device/ST/STM32H7xx/Include -I../../Drivers/CMSIS/Include -Og -ffunction-sections -fdata-sections -Wall -fstack-usage -fcyclomatic-complexity -MMD -MP -MF"Core/Src/fsk_decoder.d" -MT"Core/Src/fsk_decoder.o" --specs=nano.specs -mfpu=fpv4-sp-d16 -mfloat-abi=hard -mthumb -o "Core/Src/fsk_decoder.o"
arm-none-eabi-gcc "../Core/Src/fsk_online_stream.c" -mcpu=cortex-m4 -std=gnu11 -g3 -DDEBUG -DCORE_CM4 -DUSE_HAL_DRIVER -DSTM32H755xx -DUSE_PWR_DIRECT_SMPS_SUPPLY -DUSE_NUCLEO_64 -c -I../Core/Inc -I../../Drivers/STM32H7xx_HAL_Driver/Inc -I../../Drivers/STM32H7xx_HAL_Driver/Inc/Legacy -I../../Drivers/BSP/STM32H7xx_Nucleo -I../../Drivers/CMSIS/Device/ST/STM32H7xx/Include -I../../Drivers/CMSIS/Include -Og -ffunction-sections -fdata-sections -Wall -fstack-usage -fcyclomatic-complexity -MMD -MP -MF"Core/Src/fsk_online_stream.d" -MT"Core/Src/fsk_online_stream.o" --specs=nano.specs -mfpu=fpv4-sp-d16 -mfloat-abi=hard -mthumb -o "Core/Src/fsk_online_stream.o"
arm-none-eabi-gcc "../Core/Src/main.c" -mcpu=cortex-m4 -std=gnu11 -g3 -DDEBUG -DCORE_CM4 -DUSE_HAL_DRIVER -DSTM32H755xx -DUSE_PWR_DIRECT_SMPS_SUPPLY -DUSE_NUCLEO_64 -c -I../Core/Inc -I../../Drivers/STM32H7xx_HAL_Driver/Inc -I../../Drivers/STM32H7xx_HAL_Driver/Inc/Legacy -I../../Drivers/BSP/STM32H7xx_Nucleo -I../../Drivers/CMSIS/Device/ST/STM32H7xx/Include -I../../Drivers/CMSIS/Include -Og -ffunction-sections -fdata-sections -Wall -fstack-usage -fcyclomatic-complexity -MMD -MP -MF"Core/Src/main.d" -MT"Core/Src/main.o" --specs=nano.specs -mfpu=fpv4-sp-d16 -mfloat-abi=hard -mthumb -o "Core/Src/main.o"
../Core/Src/main.c: In function 'main':
../Core/Src/main.c:215:3: warning: implicit declaration of function 'DWT_Init' [-Wimplicit-function-declaration]
  215 |   DWT_Init();
      |   ^~~~~~~~
../Core/Src/main.c:199:27: warning: unused variable 'packet_ready' [-Wunused-variable]
  199 |   extern volatile uint8_t packet_ready;
      |                           ^~~~~~~~~~~~
../Core/Src/main.c:196:11: warning: unused variable 'local_buf' [-Wunused-variable]
  196 |   uint8_t local_buf[CM4_API_MAX_LEN];
      |           ^~~~~~~~~
../Core/Src/main.c: At top level:
../Core/Src/main.c:466:6: warning: conflicting types for 'DWT_Init'; have 'void(void)'
  466 | void DWT_Init(void)
      |      ^~~~~~~~
../Core/Src/main.c:215:3: note: previous implicit declaration of 'DWT_Init' with type 'void(void)'
  215 |   DWT_Init();
      |   ^~~~~~~~
In file included from ../Core/Inc/fsk_decoder.h:13,
                 from ../Core/Src/fsk_decoder.c:9:
../Core/Src/fsk_decoder.c: In function 'classify_symbol':
../Core/Inc/fsk_config.h:119:25: warning: 'bit1_target' may be used uninitialized [-Wmaybe-uninitialized]
  119 |     (((val) > ((target) - ((target) * TOL_PERCENT / 100))) && \
      |               ~~~~~~~~~~^~~~~~~~~~~~~~~~~~~~~~~~~~~~~~~~~
../Core/Src/fsk_decoder.c:827:9: note: in expansion of macro 'WITHIN'
  827 |     if (WITHIN(count, bit1_target))
      |         ^~~~~~
../Core/Src/fsk_decoder.c:813:14: note: 'bit1_target' was declared here
  813 |     uint16_t bit1_target, bit0_target;
      |              ^~~~~~~~~~~
../Core/Inc/fsk_config.h:119:25: warning: 'bit0_target' may be used uninitialized [-Wmaybe-uninitialized]
  119 |     (((val) > ((target) - ((target) * TOL_PERCENT / 100))) && \
      |               ~~~~~~~~~~^~~~~~~~~~~~~~~~~~~~~~~~~~~~~~~~~
../Core/Src/fsk_decoder.c:832:9: note: in expansion of macro 'WITHIN'
  832 |     if (WITHIN(count, bit0_target))
      |         ^~~~~~
../Core/Src/fsk_decoder.c:813:27: note: 'bit0_target' was declared here
  813 |     uint16_t bit1_target, bit0_target;
      |                           ^~~~~~~~~~~
arm-none-eabi-gcc -o "H7_FskDecoder_CM4.elf" @"objects.list"   -mcpu=cortex-m4 -T"D:\gitrepo\Vi-Qi-FSK-Decode\H7_FskDecoder\CM4\STM32H755ZITX_FLASH.ld" --specs=nosys.specs -Wl,-Map="H7_FskDecoder_CM4.map" -Wl,--gc-sections -static --specs=nano.specs -mfpu=fpv4-sp-d16 -mfloat-abi=hard -mthumb -Wl,--start-group -lc -lm -Wl,--end-group
Finished building target: H7_FskDecoder_CM4.elf
 
arm-none-eabi-size  H7_FskDecoder_CM4.elf 
arm-none-eabi-objdump -h -S H7_FskDecoder_CM4.elf  > "H7_FskDecoder_CM4.list"
   text	   data	    bss	    dec	    hex	filename
  24116	     16	  77464	 101596	  18cdc	H7_FskDecoder_CM4.elf
Finished building: default.size.stdout
 
Finished building: H7_FskDecoder_CM4.list
 
15:49:32 **** Incremental Build of configuration Debug for project H7_FskDecoder_CM7 ****
make -j8 all 
arm-none-eabi-size  H7_FskDecoder_CM7.elf 
   text	   data	    bss	    dec	    hex	filename
 247096	    432	 280376	 527904	  80e20	H7_FskDecoder_CM7.elf
Finished building: default.size.stdout
 
15:49:54 **** Incremental Build of configuration Debug for project H7_FskDecoder_CM4 ****
make -j8 all 
arm-none-eabi-size  H7_FskDecoder_CM4.elf 
   text	   data	    bss	    dec	    hex	filename
  24116	     16	  77464	 101596	  18cdc	H7_FskDecoder_CM4.elf
Finished building: default.size.stdout
 
15:50:04 **** Incremental Build of configuration Debug for project H7_FskDecoder_CM7 ****
make -j8 all 
arm-none-eabi-size  H7_FskDecoder_CM7.elf 
   text	   data	    bss	    dec	    hex	filename
 247096	    432	 280376	 527904	  80e20	H7_FskDecoder_CM7.elf
Finished building: default.size.stdout
 
16:04:19 **** Incremental Build of configuration Debug for project H7_FskDecoder_CM4 ****
make -j8 all 
arm-none-eabi-gcc "../Core/Src/fsk_decoder.c" -mcpu=cortex-m4 -std=gnu11 -g3 -DDEBUG -DCORE_CM4 -DUSE_HAL_DRIVER -DSTM32H755xx -DUSE_PWR_DIRECT_SMPS_SUPPLY -DUSE_NUCLEO_64 -c -I../Core/Inc -I../../Drivers/STM32H7xx_HAL_Driver/Inc -I../../Drivers/STM32H7xx_HAL_Driver/Inc/Legacy -I../../Drivers/BSP/STM32H7xx_Nucleo -I../../Drivers/CMSIS/Device/ST/STM32H7xx/Include -I../../Drivers/CMSIS/Include -Og -ffunction-sections -fdata-sections -Wall -fstack-usage -fcyclomatic-complexity -MMD -MP -MF"Core/Src/fsk_decoder.d" -MT"Core/Src/fsk_decoder.o" --specs=nano.specs -mfpu=fpv4-sp-d16 -mfloat-abi=hard -mthumb -o "Core/Src/fsk_decoder.o"
../Core/Src/fsk_decoder.c: In function 'fsk_decoder_reset_state':
../Core/Src/fsk_decoder.c:1311:5: error: 'fsk_frame_mode' undeclared (first use in this function); did you mean 'fsk_frame_mode_t'?
 1311 |     fsk_frame_mode = FSK_FRAME_MODE_RESPONSE;
      |     ^~~~~~~~~~~~~~
      |     fsk_frame_mode_t
../Core/Src/fsk_decoder.c:1311:5: note: each undeclared identifier is reported only once for each function it appears in
make: *** [Core/Src/subdir.mk:72: Core/Src/fsk_decoder.o] Error 1
"make -j8 all" terminated with exit code 2. Build might be incomplete.
16:04:27 **** Incremental Build of configuration Debug for project H7_FskDecoder_CM7 ****
make -j8 all 
arm-none-eabi-size  H7_FskDecoder_CM7.elf 
   text	   data	    bss	    dec	    hex	filename
 247096	    432	 280376	 527904	  80e20	H7_FskDecoder_CM7.elf
Finished building: default.size.stdout
 
16:04:36 **** Incremental Build of configuration Debug for project H7_FskDecoder_CM4 ****
make -j8 all 
arm-none-eabi-gcc "../Core/Src/fsk_decoder.c" -mcpu=cortex-m4 -std=gnu11 -g3 -DDEBUG -DCORE_CM4 -DUSE_HAL_DRIVER -DSTM32H755xx -DUSE_PWR_DIRECT_SMPS_SUPPLY -DUSE_NUCLEO_64 -c -I../Core/Inc -I../../Drivers/STM32H7xx_HAL_Driver/Inc -I../../Drivers/STM32H7xx_HAL_Driver/Inc/Legacy -I../../Drivers/BSP/STM32H7xx_Nucleo -I../../Drivers/CMSIS/Device/ST/STM32H7xx/Include -I../../Drivers/CMSIS/Include -Og -ffunction-sections -fdata-sections -Wall -fstack-usage -fcyclomatic-complexity -MMD -MP -MF"Core/Src/fsk_decoder.d" -MT"Core/Src/fsk_decoder.o" --specs=nano.specs -mfpu=fpv4-sp-d16 -mfloat-abi=hard -mthumb -o "Core/Src/fsk_decoder.o"
In file included from ../Core/Inc/fsk_decoder.h:13,
                 from ../Core/Src/fsk_decoder.c:9:
../Core/Src/fsk_decoder.c: In function 'classify_symbol':
../Core/Inc/fsk_config.h:119:25: warning: 'bit1_target' may be used uninitialized [-Wmaybe-uninitialized]
  119 |     (((val) > ((target) - ((target) * TOL_PERCENT / 100))) && \
      |               ~~~~~~~~~~^~~~~~~~~~~~~~~~~~~~~~~~~~~~~~~~~
../Core/Src/fsk_decoder.c:842:9: note: in expansion of macro 'WITHIN'
  842 |     if (WITHIN(count, bit1_target))
      |         ^~~~~~
../Core/Src/fsk_decoder.c:828:14: note: 'bit1_target' was declared here
  828 |     uint16_t bit1_target, bit0_target;
      |              ^~~~~~~~~~~
../Core/Inc/fsk_config.h:119:25: warning: 'bit0_target' may be used uninitialized [-Wmaybe-uninitialized]
  119 |     (((val) > ((target) - ((target) * TOL_PERCENT / 100))) && \
      |               ~~~~~~~~~~^~~~~~~~~~~~~~~~~~~~~~~~~~~~~~~~~
../Core/Src/fsk_decoder.c:847:9: note: in expansion of macro 'WITHIN'
  847 |     if (WITHIN(count, bit0_target))
      |         ^~~~~~
../Core/Src/fsk_decoder.c:828:27: note: 'bit0_target' was declared here
  828 |     uint16_t bit1_target, bit0_target;
      |                           ^~~~~~~~~~~
arm-none-eabi-gcc -o "H7_FskDecoder_CM4.elf" @"objects.list"   -mcpu=cortex-m4 -T"D:\gitrepo\Vi-Qi-FSK-Decode\H7_FskDecoder\CM4\STM32H755ZITX_FLASH.ld" --specs=nosys.specs -Wl,-Map="H7_FskDecoder_CM4.map" -Wl,--gc-sections -static --specs=nano.specs -mfpu=fpv4-sp-d16 -mfloat-abi=hard -mthumb -Wl,--start-group -lc -lm -Wl,--end-group
Finished building target: H7_FskDecoder_CM4.elf
 
arm-none-eabi-size  H7_FskDecoder_CM4.elf 
arm-none-eabi-objdump -h -S H7_FskDecoder_CM4.elf  > "H7_FskDecoder_CM4.list"
   text	   data	    bss	    dec	    hex	filename
  24064	     16	  77464	 101544	  18ca8	H7_FskDecoder_CM4.elf
Finished building: default.size.stdout
 
Finished building: H7_FskDecoder_CM4.list
 
16:04:44 **** Incremental Build of configuration Debug for project H7_FskDecoder_CM7 ****
make -j8 all 
arm-none-eabi-size  H7_FskDecoder_CM7.elf 
   text	   data	    bss	    dec	    hex	filename
 247096	    432	 280376	 527904	  80e20	H7_FskDecoder_CM7.elf
Finished building: default.size.stdout
 
16:04:49 **** Incremental Build of configuration Debug for project H7_FskDecoder_CM4 ****
make -j8 all 
arm-none-eabi-gcc "../Core/Src/fsk_decoder.c" -mcpu=cortex-m4 -std=gnu11 -g3 -DDEBUG -DCORE_CM4 -DUSE_HAL_DRIVER -DSTM32H755xx -DUSE_PWR_DIRECT_SMPS_SUPPLY -DUSE_NUCLEO_64 -c -I../Core/Inc -I../../Drivers/STM32H7xx_HAL_Driver/Inc -I../../Drivers/STM32H7xx_HAL_Driver/Inc/Legacy -I../../Drivers/BSP/STM32H7xx_Nucleo -I../../Drivers/CMSIS/Device/ST/STM32H7xx/Include -I../../Drivers/CMSIS/Include -Og -ffunction-sections -fdata-sections -Wall -fstack-usage -fcyclomatic-complexity -MMD -MP -MF"Core/Src/fsk_decoder.d" -MT"Core/Src/fsk_decoder.o" --specs=nano.specs -mfpu=fpv4-sp-d16 -mfloat-abi=hard -mthumb -o "Core/Src/fsk_decoder.o"
In file included from ../Core/Inc/fsk_decoder.h:13,
                 from ../Core/Src/fsk_decoder.c:9:
../Core/Src/fsk_decoder.c: In function 'classify_symbol':
../Core/Inc/fsk_config.h:119:25: warning: 'bit1_target' may be used uninitialized [-Wmaybe-uninitialized]
  119 |     (((val) > ((target) - ((target) * TOL_PERCENT / 100))) && \
      |               ~~~~~~~~~~^~~~~~~~~~~~~~~~~~~~~~~~~~~~~~~~~
../Core/Src/fsk_decoder.c:841:9: note: in expansion of macro 'WITHIN'
  841 |     if (WITHIN(count, bit1_target))
      |         ^~~~~~
../Core/Src/fsk_decoder.c:827:14: note: 'bit1_target' was declared here
  827 |     uint16_t bit1_target, bit0_target;
      |              ^~~~~~~~~~~
../Core/Inc/fsk_config.h:119:25: warning: 'bit0_target' may be used uninitialized [-Wmaybe-uninitialized]
  119 |     (((val) > ((target) - ((target) * TOL_PERCENT / 100))) && \
      |               ~~~~~~~~~~^~~~~~~~~~~~~~~~~~~~~~~~~~~~~~~~~
../Core/Src/fsk_decoder.c:846:9: note: in expansion of macro 'WITHIN'
  846 |     if (WITHIN(count, bit0_target))
      |         ^~~~~~
../Core/Src/fsk_decoder.c:827:27: note: 'bit0_target' was declared here
  827 |     uint16_t bit1_target, bit0_target;
      |                           ^~~~~~~~~~~
arm-none-eabi-gcc -o "H7_FskDecoder_CM4.elf" @"objects.list"   -mcpu=cortex-m4 -T"D:\gitrepo\Vi-Qi-FSK-Decode\H7_FskDecoder\CM4\STM32H755ZITX_FLASH.ld" --specs=nosys.specs -Wl,-Map="H7_FskDecoder_CM4.map" -Wl,--gc-sections -static --specs=nano.specs -mfpu=fpv4-sp-d16 -mfloat-abi=hard -mthumb -Wl,--start-group -lc -lm -Wl,--end-group
Finished building target: H7_FskDecoder_CM4.elf
 
arm-none-eabi-size  H7_FskDecoder_CM4.elf 
arm-none-eabi-objdump -h -S H7_FskDecoder_CM4.elf  > "H7_FskDecoder_CM4.list"
   text	   data	    bss	    dec	    hex	filename
  24056	     16	  77464	 101536	  18ca0	H7_FskDecoder_CM4.elf
Finished building: default.size.stdout
 
Finished building: H7_FskDecoder_CM4.list
 
16:04:58 **** Incremental Build of configuration Debug for project H7_FskDecoder_CM7 ****
make -j8 all 
arm-none-eabi-size  H7_FskDecoder_CM7.elf 
   text	   data	    bss	    dec	    hex	filename
 247096	    432	 280376	 527904	  80e20	H7_FskDecoder_CM7.elf
Finished building: default.size.stdout
 
16:05:13 **** Incremental Build of configuration Debug for project H7_FskDecoder_CM4 ****
make -j8 all 
arm-none-eabi-size  H7_FskDecoder_CM4.elf 
   text	   data	    bss	    dec	    hex	filename
  24056	     16	  77464	 101536	  18ca0	H7_FskDecoder_CM4.elf
Finished building: default.size.stdout
 
16:05:19 **** Incremental Build of configuration Debug for project H7_FskDecoder_CM7 ****
make -j8 all 
arm-none-eabi-size  H7_FskDecoder_CM7.elf 
   text	   data	    bss	    dec	    hex	filename
 247096	    432	 280376	 527904	  80e20	H7_FskDecoder_CM7.elf
Finished building: default.size.stdout
 
16:06:07 **** Incremental Build of configuration Debug for project H7_FskDecoder_CM4 ****
make -j8 all 
arm-none-eabi-size  H7_FskDecoder_CM4.elf 
   text	   data	    bss	    dec	    hex	filename
  24056	     16	  77464	 101536	  18ca0	H7_FskDecoder_CM4.elf
Finished building: default.size.stdout
 
